Consolidate compiler generated dependencies of target base_safety_utils
Consolidate compiler generated dependencies of target serial_interface_stub
[ 16%] Building CXX object CMakeFiles/serial_interface_stub.dir/src/serial_interface_stub.cpp.o
[ 33%] Built target gtest
[  8%] Building CXX object CMakeFiles/base_safety_utils.dir/src/safety_utils.cpp.o
[ 50%] Built target gtest_main
[ 58%] Linking CXX static library libserial_interface_stub.a
[ 58%] Built target serial_interface_stub
[ 66%] Linking CXX static library libbase_safety_utils.a
[ 66%] Built target base_safety_utils
Consolidate compiler generated dependencies of target test_timeout_brake
Consolidate compiler generated dependencies of target base_driver_node
[ 75%] Building CXX object CMakeFiles/test_timeout_brake.dir/test/test_timeout_brake.cpp.o
[ 83%] Building CXX object CMakeFiles/base_driver_node.dir/src/base_driver_node.cpp.o
[ 91%] Linking CXX executable test_timeout_brake
[ 91%] Built target test_timeout_brake
[100%] Linking CXX executable base_driver_node
[100%] Built target base_driver_node
-- Install configuration: ""
-- Installing: /ws/ros_ws/install/robot_base/lib/robot_base/base_driver_node
-- Set runtime path of "/ws/ros_ws/install/robot_base/lib/robot_base/base_driver_node" to ""
-- Installing: /ws/ros_ws/install/robot_base/lib/robot_base/libserial_interface_stub.a
-- Installing: /ws/ros_ws/install/robot_base/lib/robot_base/libbase_safety_utils.a
-- Up-to-date: /ws/ros_ws/install/robot_base/include
-- Up-to-date: /ws/ros_ws/install/robot_base/include/robot_base
-- Installing: /ws/ros_ws/install/robot_base/include/robot_base/safety_utils.hpp
-- Installing: /ws/ros_ws/install/robot_base/include/robot_base/serial_interface.hpp
-- Up-to-date: /ws/ros_ws/install/robot_base/share/ament_index/resource_index/package_run_dependencies/robot_base
-- Up-to-date: /ws/ros_ws/install/robot_base/share/ament_index/resource_index/parent_prefix_path/robot_base
-- Up-to-date: /ws/ros_ws/install/robot_base/share/robot_base/environment/ament_prefix_path.sh
-- Up-to-date: /ws/ros_ws/install/robot_base/share/robot_base/environment/ament_prefix_path.dsv
-- Up-to-date: /ws/ros_ws/install/robot_base/share/robot_base/environment/path.sh
-- Up-to-date: /ws/ros_ws/install/robot_base/share/robot_base/environment/path.dsv
-- Up-to-date: /ws/ros_ws/install/robot_base/share/robot_base/local_setup.bash
-- Up-to-date: /ws/ros_ws/install/robot_base/share/robot_base/local_setup.sh
-- Up-to-date: /ws/ros_ws/install/robot_base/share/robot_base/local_setup.zsh
-- Up-to-date: /ws/ros_ws/install/robot_base/share/robot_base/local_setup.dsv
-- Installing: /ws/ros_ws/install/robot_base/share/robot_base/package.dsv
-- Up-to-date: /ws/ros_ws/install/robot_base/share/ament_index/resource_index/packages/robot_base
-- Up-to-date: /ws/ros_ws/install/robot_base/share/robot_base/cmake/robot_baseConfig.cmake
-- Up-to-date: /ws/ros_ws/install/robot_base/share/robot_base/cmake/robot_baseConfig-version.cmake
-- Up-to-date: /ws/ros_ws/install/robot_base/share/robot_base/package.xml
