[0.012s] Invoking command in '/ws/ros_ws/build/robot_base': CMAKE_PREFIX_PATH=/opt/ros/humble /usr/bin/cmake --build /ws/ros_ws/build/robot_base -- -j4 -l4
[0.084s] Consolidate compiler generated dependencies of target base_safety_utils
[0.084s] Consolidate compiler generated dependencies of target serial_interface_stub
[0.120s] [ 16%] Building CXX object CMakeFiles/serial_interface_stub.dir/src/serial_interface_stub.cpp.o
[0.121s] [ 33%] Built target gtest
[0.121s] [  8%] Building CXX object CMakeFiles/base_safety_utils.dir/src/safety_utils.cpp.o
[0.134s] [ 50%] Built target gtest_main
[0.446s] [ 58%] Linking CXX static library libserial_interface_stub.a
[0.489s] [ 58%] Built target serial_interface_stub
[1.002s] [ 66%] Linking CXX static library libbase_safety_utils.a
[1.161s] [ 66%] Built target base_safety_utils
[1.161s] Consolidate compiler generated dependencies of target test_timeout_brake
[1.161s] Consolidate compiler generated dependencies of target base_driver_node
[1.176s] [ 75%] Building CXX object CMakeFiles/test_timeout_brake.dir/test/test_timeout_brake.cpp.o
[1.203s] [ 83%] Building CXX object CMakeFiles/base_driver_node.dir/src/base_driver_node.cpp.o
[3.231s] [ 91%] Linking CXX executable test_timeout_brake
[3.630s] [ 91%] Built target test_timeout_brake
[11.545s] [100%] Linking CXX executable base_driver_node
[12.041s] [100%] Built target base_driver_node
[12.056s] Invoked command in '/ws/ros_ws/build/robot_base' returned '0': CMAKE_PREFIX_PATH=/opt/ros/humble /usr/bin/cmake --build /ws/ros_ws/build/robot_base -- -j4 -l4
[12.057s] Invoking command in '/ws/ros_ws/build/robot_base': CMAKE_PREFIX_PATH=/opt/ros/humble /usr/bin/cmake --install /ws/ros_ws/build/robot_base
[12.068s] -- Install configuration: ""
[12.069s] -- Installing: /ws/ros_ws/install/robot_base/lib/robot_base/base_driver_node
[12.076s] -- Set runtime path of "/ws/ros_ws/install/robot_base/lib/robot_base/base_driver_node" to ""
[12.077s] -- Installing: /ws/ros_ws/install/robot_base/lib/robot_base/libserial_interface_stub.a
[12.080s] -- Installing: /ws/ros_ws/install/robot_base/lib/robot_base/libbase_safety_utils.a
[12.080s] -- Up-to-date: /ws/ros_ws/install/robot_base/include
[12.081s] -- Up-to-date: /ws/ros_ws/install/robot_base/include/robot_base
[12.081s] -- Installing: /ws/ros_ws/install/robot_base/include/robot_base/safety_utils.hpp
[12.082s] -- Installing: /ws/ros_ws/install/robot_base/include/robot_base/serial_interface.hpp
[12.082s] -- Up-to-date: /ws/ros_ws/install/robot_base/share/ament_index/resource_index/package_run_dependencies/robot_base
[12.085s] -- Up-to-date: /ws/ros_ws/install/robot_base/share/ament_index/resource_index/parent_prefix_path/robot_base
[12.085s] -- Up-to-date: /ws/ros_ws/install/robot_base/share/robot_base/environment/ament_prefix_path.sh
[12.086s] -- Up-to-date: /ws/ros_ws/install/robot_base/share/robot_base/environment/ament_prefix_path.dsv
[12.087s] -- Up-to-date: /ws/ros_ws/install/robot_base/share/robot_base/environment/path.sh
[12.087s] -- Up-to-date: /ws/ros_ws/install/robot_base/share/robot_base/environment/path.dsv
[12.088s] -- Up-to-date: /ws/ros_ws/install/robot_base/share/robot_base/local_setup.bash
[12.088s] -- Up-to-date: /ws/ros_ws/install/robot_base/share/robot_base/local_setup.sh
[12.088s] -- Up-to-date: /ws/ros_ws/install/robot_base/share/robot_base/local_setup.zsh
[12.089s] -- Up-to-date: /ws/ros_ws/install/robot_base/share/robot_base/local_setup.dsv
[12.089s] -- Installing: /ws/ros_ws/install/robot_base/share/robot_base/package.dsv
[12.090s] -- Up-to-date: /ws/ros_ws/install/robot_base/share/ament_index/resource_index/packages/robot_base
[12.092s] -- Up-to-date: /ws/ros_ws/install/robot_base/share/robot_base/cmake/robot_baseConfig.cmake
[12.095s] -- Up-to-date: /ws/ros_ws/install/robot_base/share/robot_base/cmake/robot_baseConfig-version.cmake
[12.096s] -- Up-to-date: /ws/ros_ws/install/robot_base/share/robot_base/package.xml
[12.096s] Invoked command in '/ws/ros_ws/build/robot_base' returned '0': CMAKE_PREFIX_PATH=/opt/ros/humble /usr/bin/cmake --install /ws/ros_ws/build/robot_base
