[0.011s] Invoking command in '/ws/ros_ws/build/robot_executor': CMAKE_PREFIX_PATH=/opt/ros/humble:/ws/ros_ws/install/robot_msgs LD_LIBRARY_PATH=/ws/ros_ws/install/robot_msgs/lib:${LD_LIBRARY_PATH} PKG_CONFIG_PATH=/ws/ros_ws/install/robot_msgs/lib/x86_64-linux-gnu/pkgconfig:/ws/ros_ws/install/robot_msgs/lib/pkgconfig PYTHONPATH=/ws/ros_ws/install/robot_msgs/local/lib/python3.10/dist-packages:${PYTHONPATH} ROS_PACKAGE_PATH=/ws/ros_ws/install/robot_msgs/share /usr/bin/cmake /ws/ros_ws/src/robot_executor -DCMAKE_INSTALL_PREFIX=/ws/ros_ws/install/robot_executor
[0.081s] -- The C compiler identification is GNU 11.4.0
[0.157s] -- The CXX compiler identification is GNU 11.4.0
[0.167s] -- Detecting C compiler ABI info
[0.263s] -- Detecting C compiler ABI info - done
[0.275s] -- Check for working C compiler: /usr/bin/cc - skipped
[0.277s] -- Detecting C compile features
[0.279s] -- Detecting C compile features - done
[0.281s] -- Detecting CXX compiler ABI info
[0.385s] -- Detecting CXX compiler ABI info - done
[0.396s] -- Check for working CXX compiler: /usr/bin/c++ - skipped
[0.396s] -- Detecting CXX compile features
[0.397s] -- Detecting CXX compile features - done
[0.401s] -- Found ament_cmake: 1.3.14 (/opt/ros/humble/share/ament_cmake/cmake)
[0.559s] -- Found Python3: /usr/bin/python3 (found version "3.10.12") found components: Interpreter 
[0.685s] -- Found rclcpp: 16.0.19 (/opt/ros/humble/share/rclcpp/cmake)
[0.727s] -- Found rosidl_generator_c: 3.1.8 (/opt/ros/humble/share/rosidl_generator_c/cmake)
[0.734s] -- Found rosidl_adapter: 3.1.8 (/opt/ros/humble/share/rosidl_adapter/cmake)
[0.747s] -- Found rosidl_generator_cpp: 3.1.8 (/opt/ros/humble/share/rosidl_generator_cpp/cmake)
[0.763s] -- Using all available rosidl_typesupport_c: rosidl_typesupport_fastrtps_c;rosidl_typesupport_introspection_c
[0.786s] -- Using all available rosidl_typesupport_cpp: rosidl_typesupport_fastrtps_cpp;rosidl_typesupport_introspection_cpp
[0.845s] -- Found rmw_implementation_cmake: 6.1.2 (/opt/ros/humble/share/rmw_implementation_cmake/cmake)
[0.849s] -- Found rmw_fastrtps_cpp: 6.2.10 (/opt/ros/humble/share/rmw_fastrtps_cpp/cmake)
[0.953s] -- Found OpenSSL: /usr/lib/x86_64-linux-gnu/libcrypto.so (found version "3.0.2")  
[0.975s] -- Found FastRTPS: /opt/ros/humble/include  
[1.014s] -- Using RMW implementation 'rmw_fastrtps_cpp' as default
[1.024s] -- Looking for pthread.h
[1.115s] -- Looking for pthread.h - found
[1.116s] -- Performing Test CMAKE_HAVE_LIBC_PTHREAD
[1.221s] -- Performing Test CMAKE_HAVE_LIBC_PTHREAD - Success
[1.224s] -- Found Threads: TRUE  
[1.293s] -- Found rclcpp_action: 16.0.19 (/opt/ros/humble/share/rclcpp_action/cmake)
[1.343s] -- Found geometry_msgs: 4.9.1 (/opt/ros/humble/share/geometry_msgs/cmake)
[1.360s] -- Found std_srvs: 4.9.1 (/opt/ros/humble/share/std_srvs/cmake)
[1.375s] -- Found nav2_msgs: 1.1.20 (/opt/ros/humble/share/nav2_msgs/cmake)
[1.435s] -- Found robot_msgs: 0.0.1 (/ws/ros_ws/install/robot_msgs/share/robot_msgs/cmake)
[1.459s] -- Found ament_lint_auto: 0.12.15 (/opt/ros/humble/share/ament_lint_auto/cmake)
[1.570s] -- Added test 'copyright' to check source files copyright and LICENSE
[1.573s] -- Added test 'cppcheck' to perform static code analysis on C / C++ code
[1.573s] -- Configured cppcheck include dirs: 
[1.573s] -- Configured cppcheck exclude dirs and/or files: 
[1.574s] -- Added test 'cpplint' to check C / C++ code against the Google style
[1.577s] -- Configured cpplint exclude dirs and/or files: 
[1.577s] -- Added test 'lint_cmake' to check CMake code style
[1.578s] -- Added test 'uncrustify' to check C / C++ code style
[1.578s] -- Configured uncrustify additional arguments: 
[1.579s] -- Added test 'xmllint' to check XML markup files
[1.584s] -- Configuring done
[1.602s] -- Generating done
[1.609s] -- Build files have been written to: /ws/ros_ws/build/robot_executor
[1.623s] Invoked command in '/ws/ros_ws/build/robot_executor' returned '0': CMAKE_PREFIX_PATH=/opt/ros/humble:/ws/ros_ws/install/robot_msgs LD_LIBRARY_PATH=/ws/ros_ws/install/robot_msgs/lib:${LD_LIBRARY_PATH} PKG_CONFIG_PATH=/ws/ros_ws/install/robot_msgs/lib/x86_64-linux-gnu/pkgconfig:/ws/ros_ws/install/robot_msgs/lib/pkgconfig PYTHONPATH=/ws/ros_ws/install/robot_msgs/local/lib/python3.10/dist-packages:${PYTHONPATH} ROS_PACKAGE_PATH=/ws/ros_ws/install/robot_msgs/share /usr/bin/cmake /ws/ros_ws/src/robot_executor -DCMAKE_INSTALL_PREFIX=/ws/ros_ws/install/robot_executor
[1.624s] Invoking command in '/ws/ros_ws/build/robot_executor': CMAKE_PREFIX_PATH=/opt/ros/humble:/ws/ros_ws/install/robot_msgs LD_LIBRARY_PATH=/ws/ros_ws/install/robot_msgs/lib:${LD_LIBRARY_PATH} PKG_CONFIG_PATH=/ws/ros_ws/install/robot_msgs/lib/x86_64-linux-gnu/pkgconfig:/ws/ros_ws/install/robot_msgs/lib/pkgconfig PYTHONPATH=/ws/ros_ws/install/robot_msgs/local/lib/python3.10/dist-packages:${PYTHONPATH} ROS_PACKAGE_PATH=/ws/ros_ws/install/robot_msgs/share /usr/bin/cmake --build /ws/ros_ws/build/robot_executor -- -j4 -l4
[1.693s] [ 50%] Building CXX object CMakeFiles/executor_node.dir/src/executor_node.cpp.o
[15.799s] [100%] Linking CXX executable executor_node
[16.267s] [100%] Built target executor_node
[16.278s] Invoked command in '/ws/ros_ws/build/robot_executor' returned '0': CMAKE_PREFIX_PATH=/opt/ros/humble:/ws/ros_ws/install/robot_msgs LD_LIBRARY_PATH=/ws/ros_ws/install/robot_msgs/lib:${LD_LIBRARY_PATH} PKG_CONFIG_PATH=/ws/ros_ws/install/robot_msgs/lib/x86_64-linux-gnu/pkgconfig:/ws/ros_ws/install/robot_msgs/lib/pkgconfig PYTHONPATH=/ws/ros_ws/install/robot_msgs/local/lib/python3.10/dist-packages:${PYTHONPATH} ROS_PACKAGE_PATH=/ws/ros_ws/install/robot_msgs/share /usr/bin/cmake --build /ws/ros_ws/build/robot_executor -- -j4 -l4
[16.279s] Invoking command in '/ws/ros_ws/build/robot_executor': CMAKE_PREFIX_PATH=/opt/ros/humble:/ws/ros_ws/install/robot_msgs LD_LIBRARY_PATH=/ws/ros_ws/install/robot_msgs/lib:${LD_LIBRARY_PATH} PKG_CONFIG_PATH=/ws/ros_ws/install/robot_msgs/lib/x86_64-linux-gnu/pkgconfig:/ws/ros_ws/install/robot_msgs/lib/pkgconfig PYTHONPATH=/ws/ros_ws/install/robot_msgs/local/lib/python3.10/dist-packages:${PYTHONPATH} ROS_PACKAGE_PATH=/ws/ros_ws/install/robot_msgs/share /usr/bin/cmake --install /ws/ros_ws/build/robot_executor
[16.287s] -- Install configuration: ""
[16.287s] -- Installing: /ws/ros_ws/install/robot_executor/lib/robot_executor/executor_node
[16.292s] -- Set runtime path of "/ws/ros_ws/install/robot_executor/lib/robot_executor/executor_node" to ""
[16.292s] -- Installing: /ws/ros_ws/install/robot_executor/share/ament_index/resource_index/package_run_dependencies/robot_executor
[16.293s] -- Installing: /ws/ros_ws/install/robot_executor/share/ament_index/resource_index/parent_prefix_path/robot_executor
[16.293s] -- Installing: /ws/ros_ws/install/robot_executor/share/robot_executor/environment/ament_prefix_path.sh
[16.293s] -- Installing: /ws/ros_ws/install/robot_executor/share/robot_executor/environment/ament_prefix_path.dsv
[16.293s] -- Installing: /ws/ros_ws/install/robot_executor/share/robot_executor/environment/path.sh
[16.294s] -- Installing: /ws/ros_ws/install/robot_executor/share/robot_executor/environment/path.dsv
[16.294s] -- Installing: /ws/ros_ws/install/robot_executor/share/robot_executor/local_setup.bash
[16.294s] -- Installing: /ws/ros_ws/install/robot_executor/share/robot_executor/local_setup.sh
[16.294s] -- Installing: /ws/ros_ws/install/robot_executor/share/robot_executor/local_setup.zsh
[16.294s] -- Installing: /ws/ros_ws/install/robot_executor/share/robot_executor/local_setup.dsv
[16.294s] -- Installing: /ws/ros_ws/install/robot_executor/share/robot_executor/package.dsv
[16.295s] -- Installing: /ws/ros_ws/install/robot_executor/share/ament_index/resource_index/packages/robot_executor
[16.295s] -- Installing: /ws/ros_ws/install/robot_executor/share/robot_executor/cmake/robot_executorConfig.cmake
[16.295s] -- Installing: /ws/ros_ws/install/robot_executor/share/robot_executor/cmake/robot_executorConfig-version.cmake
[16.296s] -- Installing: /ws/ros_ws/install/robot_executor/share/robot_executor/package.xml
[16.298s] Invoked command in '/ws/ros_ws/build/robot_executor' returned '0': CMAKE_PREFIX_PATH=/opt/ros/humble:/ws/ros_ws/install/robot_msgs LD_LIBRARY_PATH=/ws/ros_ws/install/robot_msgs/lib:${LD_LIBRARY_PATH} PKG_CONFIG_PATH=/ws/ros_ws/install/robot_msgs/lib/x86_64-linux-gnu/pkgconfig:/ws/ros_ws/install/robot_msgs/lib/pkgconfig PYTHONPATH=/ws/ros_ws/install/robot_msgs/local/lib/python3.10/dist-packages:${PYTHONPATH} ROS_PACKAGE_PATH=/ws/ros_ws/install/robot_msgs/share /usr/bin/cmake --install /ws/ros_ws/build/robot_executor
