[0.015s] Invoking command in '/ws/ros_ws/build/robot_msgs': /usr/bin/cmake --build /ws/ros_ws/build/robot_msgs -- -j4 -l4
[0.079s] Consolidate compiler generated dependencies of target robot_msgs__rosidl_generator_c
[0.110s] [  1%] Built target robot_msgs__cpp
[0.112s] [  3%] Built target robot_msgs__rs
[0.126s] [ 14%] Built target robot_msgs__rosidl_generator_c
[0.130s] [ 14%] Built target ament_cmake_python_copy_robot_msgs
[0.151s] Consolidate compiler generated dependencies of target robot_msgs__rosidl_typesupport_fastrtps_cpp
[0.159s] Consolidate compiler generated dependencies of target robot_msgs__rosidl_typesupport_introspection_cpp
[0.172s] Consolidate compiler generated dependencies of target robot_msgs__rosidl_typesupport_fastrtps_c
[0.178s] Consolidate compiler generated dependencies of target robot_msgs__rosidl_typesupport_cpp
[0.198s] [ 25%] Built target robot_msgs__rosidl_typesupport_fastrtps_cpp
[0.198s] [ 35%] Built target robot_msgs__rosidl_typesupport_introspection_cpp
[0.218s] [ 46%] Built target robot_msgs__rosidl_typesupport_fastrtps_c
[0.223s] [ 57%] Built target robot_msgs__rosidl_typesupport_cpp
[0.231s] Consolidate compiler generated dependencies of target robot_msgs__rosidl_typesupport_c
[0.231s] Consolidate compiler generated dependencies of target robot_msgs__rosidl_typesupport_introspection_c
[0.255s] [ 68%] Built target robot_msgs__rosidl_typesupport_c
[0.263s] [ 79%] Built target robot_msgs__rosidl_typesupport_introspection_c
[0.325s] [ 79%] Built target robot_msgs
[0.381s] [ 81%] Built target robot_msgs__py
[0.422s] Consolidate compiler generated dependencies of target robot_msgs__rosidl_generator_py
[0.464s] [ 90%] Built target robot_msgs__rosidl_generator_py
[0.496s] Consolidate compiler generated dependencies of target robot_msgs__rosidl_typesupport_c__pyext
[0.501s] Consolidate compiler generated dependencies of target robot_msgs__rosidl_typesupport_fastrtps_c__pyext
[0.501s] Consolidate compiler generated dependencies of target robot_msgs__rosidl_typesupport_introspection_c__pyext
[0.528s] running egg_info
[0.528s] writing robot_msgs.egg-info/PKG-INFO
[0.528s] writing dependency_links to robot_msgs.egg-info/dependency_links.txt
[0.530s] writing top-level names to robot_msgs.egg-info/top_level.txt
[0.536s] reading manifest file 'robot_msgs.egg-info/SOURCES.txt'
[0.536s] writing manifest file 'robot_msgs.egg-info/SOURCES.txt'
[0.536s] [ 96%] Built target robot_msgs__rosidl_typesupport_c__pyext
[0.538s] [100%] Built target robot_msgs__rosidl_typesupport_fastrtps_c__pyext
[0.539s] [100%] Built target robot_msgs__rosidl_typesupport_introspection_c__pyext
[0.571s] [100%] Built target ament_cmake_python_build_robot_msgs_egg
[0.593s] Invoked command in '/ws/ros_ws/build/robot_msgs' returned '0': /usr/bin/cmake --build /ws/ros_ws/build/robot_msgs -- -j4 -l4
[0.620s] Invoking command in '/ws/ros_ws/build/robot_msgs': /usr/bin/cmake --install /ws/ros_ws/build/robot_msgs
[0.638s] -- Install configuration: ""
[0.638s] -- Up-to-date: /ws/ros_ws/install/robot_msgs/share/ament_index/resource_index/rosidl_interfaces/robot_msgs
[0.639s] -- Up-to-date: /ws/ros_ws/install/robot_msgs/include/robot_msgs/robot_msgs
[0.639s] -- Up-to-date: /ws/ros_ws/install/robot_msgs/include/robot_msgs/robot_msgs/msg
[0.640s] -- Up-to-date: /ws/ros_ws/install/robot_msgs/include/robot_msgs/robot_msgs/msg/rosidl_generator_c__visibility_control.h
[0.640s] -- Up-to-date: /ws/ros_ws/install/robot_msgs/include/robot_msgs/robot_msgs/srv
[0.640s] -- Up-to-date: /ws/ros_ws/install/robot_msgs/include/robot_msgs/robot_msgs/srv/find_person.h
[0.640s] -- Up-to-date: /ws/ros_ws/install/robot_msgs/include/robot_msgs/robot_msgs/srv/detect_object.h
[0.641s] -- Up-to-date: /ws/ros_ws/install/robot_msgs/include/robot_msgs/robot_msgs/srv/detail
[0.641s] -- Up-to-date: /ws/ros_ws/install/robot_msgs/include/robot_msgs/robot_msgs/srv/detail/detect_object__type_support.h
[0.641s] -- Up-to-date: /ws/ros_ws/install/robot_msgs/include/robot_msgs/robot_msgs/srv/detail/enroll_owner__functions.h
[0.643s] -- Up-to-date: /ws/ros_ws/install/robot_msgs/include/robot_msgs/robot_msgs/srv/detail/find_person__struct.h
[0.643s] -- Up-to-date: /ws/ros_ws/install/robot_msgs/include/robot_msgs/robot_msgs/srv/detail/detect_object__struct.h
[0.643s] -- Up-to-date: /ws/ros_ws/install/robot_msgs/include/robot_msgs/robot_msgs/srv/detail/find_person__functions.c
[0.643s] -- Up-to-date: /ws/ros_ws/install/robot_msgs/include/robot_msgs/robot_msgs/srv/detail/enroll_owner__functions.c
[0.644s] -- Up-to-date: /ws/ros_ws/install/robot_msgs/include/robot_msgs/robot_msgs/srv/detail/detect_object__functions.h
[0.647s] -- Up-to-date: /ws/ros_ws/install/robot_msgs/include/robot_msgs/robot_msgs/srv/detail/enroll_owner__struct.h
[0.647s] -- Up-to-date: /ws/ros_ws/install/robot_msgs/include/robot_msgs/robot_msgs/srv/detail/find_person__functions.h
[0.649s] -- Up-to-date: /ws/ros_ws/install/robot_msgs/include/robot_msgs/robot_msgs/srv/detail/find_person__type_support.h
[0.649s] -- Up-to-date: /ws/ros_ws/install/robot_msgs/include/robot_msgs/robot_msgs/srv/detail/enroll_owner__type_support.h
[0.650s] -- Up-to-date: /ws/ros_ws/install/robot_msgs/include/robot_msgs/robot_msgs/srv/detail/detect_object__functions.c
[0.650s] -- Up-to-date: /ws/ros_ws/install/robot_msgs/include/robot_msgs/robot_msgs/srv/enroll_owner.h
[0.650s] -- Up-to-date: /ws/ros_ws/install/robot_msgs/include/robot_msgs/robot_msgs/action
[0.650s] -- Up-to-date: /ws/ros_ws/install/robot_msgs/include/robot_msgs/robot_msgs/action/hand_over.h
[0.651s] -- Up-to-date: /ws/ros_ws/install/robot_msgs/include/robot_msgs/robot_msgs/action/pick_bottle.h
[0.651s] -- Up-to-date: /ws/ros_ws/install/robot_msgs/include/robot_msgs/robot_msgs/action/detail
[0.651s] -- Up-to-date: /ws/ros_ws/install/robot_msgs/include/robot_msgs/robot_msgs/action/detail/hand_over__functions.h
[0.651s] -- Up-to-date: /ws/ros_ws/install/robot_msgs/include/robot_msgs/robot_msgs/action/detail/pick_bottle__struct.h
[0.652s] -- Up-to-date: /ws/ros_ws/install/robot_msgs/include/robot_msgs/robot_msgs/action/detail/pick_bottle__functions.h
[0.652s] -- Up-to-date: /ws/ros_ws/install/robot_msgs/include/robot_msgs/robot_msgs/action/detail/hand_over__struct.h
[0.652s] -- Up-to-date: /ws/ros_ws/install/robot_msgs/include/robot_msgs/robot_msgs/action/detail/pick_bottle__functions.c
[0.652s] -- Up-to-date: /ws/ros_ws/install/robot_msgs/include/robot_msgs/robot_msgs/action/detail/hand_over__type_support.h
[0.653s] -- Up-to-date: /ws/ros_ws/install/robot_msgs/include/robot_msgs/robot_msgs/action/detail/pick_bottle__type_support.h
[0.654s] -- Up-to-date: /ws/ros_ws/install/robot_msgs/include/robot_msgs/robot_msgs/action/detail/hand_over__functions.c
[0.654s] -- Up-to-date: /ws/ros_ws/install/robot_msgs/share/robot_msgs/environment/library_path.sh
[0.654s] -- Up-to-date: /ws/ros_ws/install/robot_msgs/share/robot_msgs/environment/library_path.dsv
[0.655s] -- Up-to-date: /ws/ros_ws/install/robot_msgs/lib/librobot_msgs__rosidl_generator_c.so
[0.655s] -- Up-to-date: /ws/ros_ws/install/robot_msgs/include/robot_msgs/robot_msgs
[0.656s] -- Up-to-date: /ws/ros_ws/install/robot_msgs/include/robot_msgs/robot_msgs/msg
[0.657s] -- Up-to-date: /ws/ros_ws/install/robot_msgs/include/robot_msgs/robot_msgs/msg/rosidl_typesupport_fastrtps_c__visibility_control.h
[0.658s] -- Up-to-date: /ws/ros_ws/install/robot_msgs/include/robot_msgs/robot_msgs/srv
[0.658s] -- Up-to-date: /ws/ros_ws/install/robot_msgs/include/robot_msgs/robot_msgs/srv/detail
[0.660s] -- Up-to-date: /ws/ros_ws/install/robot_msgs/include/robot_msgs/robot_msgs/srv/detail/enroll_owner__rosidl_typesupport_fastrtps_c.h
[0.660s] -- Up-to-date: /ws/ros_ws/install/robot_msgs/include/robot_msgs/robot_msgs/srv/detail/detect_object__rosidl_typesupport_fastrtps_c.h
[0.660s] -- Up-to-date: /ws/ros_ws/install/robot_msgs/include/robot_msgs/robot_msgs/srv/detail/find_person__rosidl_typesupport_fastrtps_c.h
[0.661s] -- Up-to-date: /ws/ros_ws/install/robot_msgs/include/robot_msgs/robot_msgs/action
[0.661s] -- Up-to-date: /ws/ros_ws/install/robot_msgs/include/robot_msgs/robot_msgs/action/detail
[0.661s] -- Up-to-date: /ws/ros_ws/install/robot_msgs/include/robot_msgs/robot_msgs/action/detail/pick_bottle__rosidl_typesupport_fastrtps_c.h
[0.661s] -- Up-to-date: /ws/ros_ws/install/robot_msgs/include/robot_msgs/robot_msgs/action/detail/hand_over__rosidl_typesupport_fastrtps_c.h
[0.661s] -- Up-to-date: /ws/ros_ws/install/robot_msgs/lib/librobot_msgs__rosidl_typesupport_fastrtps_c.so
[0.661s] -- Up-to-date: /ws/ros_ws/install/robot_msgs/include/robot_msgs/robot_msgs
[0.662s] -- Up-to-date: /ws/ros_ws/install/robot_msgs/include/robot_msgs/robot_msgs/msg
[0.662s] -- Up-to-date: /ws/ros_ws/install/robot_msgs/include/robot_msgs/robot_msgs/msg/rosidl_typesupport_introspection_c__visibility_control.h
[0.662s] -- Up-to-date: /ws/ros_ws/install/robot_msgs/include/robot_msgs/robot_msgs/srv
[0.662s] -- Up-to-date: /ws/ros_ws/install/robot_msgs/include/robot_msgs/robot_msgs/srv/detail
[0.662s] -- Up-to-date: /ws/ros_ws/install/robot_msgs/include/robot_msgs/robot_msgs/srv/detail/enroll_owner__rosidl_typesupport_introspection_c.h
[0.662s] -- Up-to-date: /ws/ros_ws/install/robot_msgs/include/robot_msgs/robot_msgs/srv/detail/find_person__rosidl_typesupport_introspection_c.h
[0.662s] -- Up-to-date: /ws/ros_ws/install/robot_msgs/include/robot_msgs/robot_msgs/srv/detail/find_person__type_support.c
[0.662s] -- Up-to-date: /ws/ros_ws/install/robot_msgs/include/robot_msgs/robot_msgs/srv/detail/detect_object__type_support.c
[0.662s] -- Up-to-date: /ws/ros_ws/install/robot_msgs/include/robot_msgs/robot_msgs/srv/detail/enroll_owner__type_support.c
[0.662s] -- Up-to-date: /ws/ros_ws/install/robot_msgs/include/robot_msgs/robot_msgs/srv/detail/detect_object__rosidl_typesupport_introspection_c.h
[0.662s] -- Up-to-date: /ws/ros_ws/install/robot_msgs/include/robot_msgs/robot_msgs/action
[0.662s] -- Up-to-date: /ws/ros_ws/install/robot_msgs/include/robot_msgs/robot_msgs/action/detail
[0.662s] -- Up-to-date: /ws/ros_ws/install/robot_msgs/include/robot_msgs/robot_msgs/action/detail/pick_bottle__rosidl_typesupport_introspection_c.h
[0.662s] -- Up-to-date: /ws/ros_ws/install/robot_msgs/include/robot_msgs/robot_msgs/action/detail/hand_over__rosidl_typesupport_introspection_c.h
[0.662s] -- Up-to-date: /ws/ros_ws/install/robot_msgs/include/robot_msgs/robot_msgs/action/detail/pick_bottle__type_support.c
[0.662s] -- Up-to-date: /ws/ros_ws/install/robot_msgs/include/robot_msgs/robot_msgs/action/detail/hand_over__type_support.c
[0.662s] -- Up-to-date: /ws/ros_ws/install/robot_msgs/lib/librobot_msgs__rosidl_typesupport_introspection_c.so
[0.667s] -- Up-to-date: /ws/ros_ws/install/robot_msgs/lib/librobot_msgs__rosidl_typesupport_c.so
[0.667s] -- Up-to-date: /ws/ros_ws/install/robot_msgs/include/robot_msgs/robot_msgs
[0.667s] -- Up-to-date: /ws/ros_ws/install/robot_msgs/include/robot_msgs/robot_msgs/msg
[0.668s] -- Up-to-date: /ws/ros_ws/install/robot_msgs/include/robot_msgs/robot_msgs/msg/rosidl_generator_cpp__visibility_control.hpp
[0.668s] -- Up-to-date: /ws/ros_ws/install/robot_msgs/include/robot_msgs/robot_msgs/srv
[0.668s] -- Up-to-date: /ws/ros_ws/install/robot_msgs/include/robot_msgs/robot_msgs/srv/enroll_owner.hpp
[0.668s] -- Up-to-date: /ws/ros_ws/install/robot_msgs/include/robot_msgs/robot_msgs/srv/detect_object.hpp
[0.669s] -- Up-to-date: /ws/ros_ws/install/robot_msgs/include/robot_msgs/robot_msgs/srv/find_person.hpp
[0.669s] -- Up-to-date: /ws/ros_ws/install/robot_msgs/include/robot_msgs/robot_msgs/srv/detail
[0.669s] -- Up-to-date: /ws/ros_ws/install/robot_msgs/include/robot_msgs/robot_msgs/srv/detail/detect_object__builder.hpp
[0.669s] -- Up-to-date: /ws/ros_ws/install/robot_msgs/include/robot_msgs/robot_msgs/srv/detail/find_person__type_support.hpp
[0.670s] -- Up-to-date: /ws/ros_ws/install/robot_msgs/include/robot_msgs/robot_msgs/srv/detail/enroll_owner__struct.hpp
[0.670s] -- Up-to-date: /ws/ros_ws/install/robot_msgs/include/robot_msgs/robot_msgs/srv/detail/find_person__struct.hpp
[0.671s] -- Up-to-date: /ws/ros_ws/install/robot_msgs/include/robot_msgs/robot_msgs/srv/detail/enroll_owner__traits.hpp
[0.671s] -- Up-to-date: /ws/ros_ws/install/robot_msgs/include/robot_msgs/robot_msgs/srv/detail/enroll_owner__type_support.hpp
[0.672s] -- Up-to-date: /ws/ros_ws/install/robot_msgs/include/robot_msgs/robot_msgs/srv/detail/detect_object__struct.hpp
[0.675s] -- Up-to-date: /ws/ros_ws/install/robot_msgs/include/robot_msgs/robot_msgs/srv/detail/find_person__builder.hpp
[0.675s] -- Up-to-date: /ws/ros_ws/install/robot_msgs/include/robot_msgs/robot_msgs/srv/detail/detect_object__type_support.hpp
[0.675s] -- Up-to-date: /ws/ros_ws/install/robot_msgs/include/robot_msgs/robot_msgs/srv/detail/detect_object__traits.hpp
[0.675s] -- Up-to-date: /ws/ros_ws/install/robot_msgs/include/robot_msgs/robot_msgs/srv/detail/enroll_owner__builder.hpp
[0.675s] -- Up-to-date: /ws/ros_ws/install/robot_msgs/include/robot_msgs/robot_msgs/srv/detail/find_person__traits.hpp
[0.676s] -- Up-to-date: /ws/ros_ws/install/robot_msgs/include/robot_msgs/robot_msgs/action
[0.676s] -- Up-to-date: /ws/ros_ws/install/robot_msgs/include/robot_msgs/robot_msgs/action/pick_bottle.hpp
[0.676s] -- Up-to-date: /ws/ros_ws/install/robot_msgs/include/robot_msgs/robot_msgs/action/detail
[0.676s] -- Up-to-date: /ws/ros_ws/install/robot_msgs/include/robot_msgs/robot_msgs/action/detail/pick_bottle__builder.hpp
[0.676s] -- Up-to-date: /ws/ros_ws/install/robot_msgs/include/robot_msgs/robot_msgs/action/detail/hand_over__struct.hpp
[0.676s] -- Up-to-date: /ws/ros_ws/install/robot_msgs/include/robot_msgs/robot_msgs/action/detail/hand_over__type_support.hpp
[0.678s] -- Up-to-date: /ws/ros_ws/install/robot_msgs/include/robot_msgs/robot_msgs/action/detail/pick_bottle__struct.hpp
[0.678s] -- Up-to-date: /ws/ros_ws/install/robot_msgs/include/robot_msgs/robot_msgs/action/detail/pick_bottle__type_support.hpp
[0.678s] -- Up-to-date: /ws/ros_ws/install/robot_msgs/include/robot_msgs/robot_msgs/action/detail/pick_bottle__traits.hpp
[0.679s] -- Up-to-date: /ws/ros_ws/install/robot_msgs/include/robot_msgs/robot_msgs/action/detail/hand_over__traits.hpp
[0.679s] -- Up-to-date: /ws/ros_ws/install/robot_msgs/include/robot_msgs/robot_msgs/action/detail/hand_over__builder.hpp
[0.679s] -- Up-to-date: /ws/ros_ws/install/robot_msgs/include/robot_msgs/robot_msgs/action/hand_over.hpp
[0.679s] -- Up-to-date: /ws/ros_ws/install/robot_msgs/include/robot_msgs/robot_msgs
[0.679s] -- Up-to-date: /ws/ros_ws/install/robot_msgs/include/robot_msgs/robot_msgs/msg
[0.679s] -- Up-to-date: /ws/ros_ws/install/robot_msgs/include/robot_msgs/robot_msgs/msg/rosidl_typesupport_fastrtps_cpp__visibility_control.h
[0.679s] -- Up-to-date: /ws/ros_ws/install/robot_msgs/include/robot_msgs/robot_msgs/srv
[0.680s] -- Up-to-date: /ws/ros_ws/install/robot_msgs/include/robot_msgs/robot_msgs/srv/detail
[0.680s] -- Up-to-date: /ws/ros_ws/install/robot_msgs/include/robot_msgs/robot_msgs/srv/detail/detect_object__rosidl_typesupport_fastrtps_cpp.hpp
[0.680s] -- Up-to-date: /ws/ros_ws/install/robot_msgs/include/robot_msgs/robot_msgs/srv/detail/find_person__rosidl_typesupport_fastrtps_cpp.hpp
[0.680s] -- Up-to-date: /ws/ros_ws/install/robot_msgs/include/robot_msgs/robot_msgs/srv/detail/dds_fastrtps
[0.680s] -- Up-to-date: /ws/ros_ws/install/robot_msgs/include/robot_msgs/robot_msgs/srv/detail/enroll_owner__rosidl_typesupport_fastrtps_cpp.hpp
[0.683s] -- Up-to-date: /ws/ros_ws/install/robot_msgs/include/robot_msgs/robot_msgs/action
[0.683s] -- Up-to-date: /ws/ros_ws/install/robot_msgs/include/robot_msgs/robot_msgs/action/detail
[0.683s] -- Up-to-date: /ws/ros_ws/install/robot_msgs/include/robot_msgs/robot_msgs/action/detail/pick_bottle__rosidl_typesupport_fastrtps_cpp.hpp
[0.683s] -- Up-to-date: /ws/ros_ws/install/robot_msgs/include/robot_msgs/robot_msgs/action/detail/hand_over__rosidl_typesupport_fastrtps_cpp.hpp
[0.683s] -- Up-to-date: /ws/ros_ws/install/robot_msgs/include/robot_msgs/robot_msgs/action/detail/dds_fastrtps
[0.684s] -- Up-to-date: /ws/ros_ws/install/robot_msgs/lib/librobot_msgs__rosidl_typesupport_fastrtps_cpp.so
[0.684s] -- Up-to-date: /ws/ros_ws/install/robot_msgs/include/robot_msgs/robot_msgs
[0.684s] -- Up-to-date: /ws/ros_ws/install/robot_msgs/include/robot_msgs/robot_msgs/srv
[0.684s] -- Up-to-date: /ws/ros_ws/install/robot_msgs/include/robot_msgs/robot_msgs/srv/detail
[0.686s] -- Up-to-date: /ws/ros_ws/install/robot_msgs/include/robot_msgs/robot_msgs/srv/detail/enroll_owner__rosidl_typesupport_introspection_cpp.hpp
[0.686s] -- Up-to-date: /ws/ros_ws/install/robot_msgs/include/robot_msgs/robot_msgs/srv/detail/find_person__rosidl_typesupport_introspection_cpp.hpp
[0.686s] -- Up-to-date: /ws/ros_ws/install/robot_msgs/include/robot_msgs/robot_msgs/srv/detail/detect_object__rosidl_typesupport_introspection_cpp.hpp
[0.686s] -- Up-to-date: /ws/ros_ws/install/robot_msgs/include/robot_msgs/robot_msgs/srv/detail/enroll_owner__type_support.cpp
[0.686s] -- Up-to-date: /ws/ros_ws/install/robot_msgs/include/robot_msgs/robot_msgs/srv/detail/find_person__type_support.cpp
[0.686s] -- Up-to-date: /ws/ros_ws/install/robot_msgs/include/robot_msgs/robot_msgs/srv/detail/detect_object__type_support.cpp
[0.687s] -- Up-to-date: /ws/ros_ws/install/robot_msgs/include/robot_msgs/robot_msgs/action
[0.687s] -- Up-to-date: /ws/ros_ws/install/robot_msgs/include/robot_msgs/robot_msgs/action/detail
[0.687s] -- Up-to-date: /ws/ros_ws/install/robot_msgs/include/robot_msgs/robot_msgs/action/detail/hand_over__rosidl_typesupport_introspection_cpp.hpp
[0.687s] -- Up-to-date: /ws/ros_ws/install/robot_msgs/include/robot_msgs/robot_msgs/action/detail/pick_bottle__rosidl_typesupport_introspection_cpp.hpp
[0.687s] -- Up-to-date: /ws/ros_ws/install/robot_msgs/include/robot_msgs/robot_msgs/action/detail/pick_bottle__type_support.cpp
[0.687s] -- Up-to-date: /ws/ros_ws/install/robot_msgs/include/robot_msgs/robot_msgs/action/detail/hand_over__type_support.cpp
[0.687s] -- Up-to-date: /ws/ros_ws/install/robot_msgs/lib/librobot_msgs__rosidl_typesupport_introspection_cpp.so
[0.687s] -- Up-to-date: /ws/ros_ws/install/robot_msgs/lib/librobot_msgs__rosidl_typesupport_cpp.so
[0.687s] -- Up-to-date: /ws/ros_ws/install/robot_msgs/share/robot_msgs/environment/pythonpath.sh
[0.687s] -- Up-to-date: /ws/ros_ws/install/robot_msgs/share/robot_msgs/environment/pythonpath.dsv
[0.687s] -- Up-to-date: /ws/ros_ws/install/robot_msgs/local/lib/python3.10/dist-packages/robot_msgs-0.0.1-py3.10.egg-info
[0.687s] -- Installing: /ws/ros_ws/install/robot_msgs/local/lib/python3.10/dist-packages/robot_msgs-0.0.1-py3.10.egg-info/PKG-INFO
[0.687s] -- Installing: /ws/ros_ws/install/robot_msgs/local/lib/python3.10/dist-packages/robot_msgs-0.0.1-py3.10.egg-info/SOURCES.txt
[0.687s] -- Installing: /ws/ros_ws/install/robot_msgs/local/lib/python3.10/dist-packages/robot_msgs-0.0.1-py3.10.egg-info/dependency_links.txt
[0.687s] -- Installing: /ws/ros_ws/install/robot_msgs/local/lib/python3.10/dist-packages/robot_msgs-0.0.1-py3.10.egg-info/top_level.txt
[0.687s] -- Up-to-date: /ws/ros_ws/install/robot_msgs/local/lib/python3.10/dist-packages/robot_msgs
[0.691s] -- Up-to-date: /ws/ros_ws/install/robot_msgs/local/lib/python3.10/dist-packages/robot_msgs/robot_msgs_s__rosidl_typesupport_fastrtps_c.cpython-310-x86_64-linux-gnu.so
[0.691s] -- Up-to-date: /ws/ros_ws/install/robot_msgs/local/lib/python3.10/dist-packages/robot_msgs/robot_msgs_s__rosidl_typesupport_c.cpython-310-x86_64-linux-gnu.so
[0.691s] -- Up-to-date: /ws/ros_ws/install/robot_msgs/local/lib/python3.10/dist-packages/robot_msgs/srv
[0.691s] -- Up-to-date: /ws/ros_ws/install/robot_msgs/local/lib/python3.10/dist-packages/robot_msgs/srv/_detect_object_s.c
[0.691s] -- Up-to-date: /ws/ros_ws/install/robot_msgs/local/lib/python3.10/dist-packages/robot_msgs/srv/_detect_object.py
[0.691s] -- Up-to-date: /ws/ros_ws/install/robot_msgs/local/lib/python3.10/dist-packages/robot_msgs/srv/_find_person_s.c
[0.692s] -- Up-to-date: /ws/ros_ws/install/robot_msgs/local/lib/python3.10/dist-packages/robot_msgs/srv/_enroll_owner_s.c
[0.692s] -- Up-to-date: /ws/ros_ws/install/robot_msgs/local/lib/python3.10/dist-packages/robot_msgs/srv/_find_person.py
[0.692s] -- Up-to-date: /ws/ros_ws/install/robot_msgs/local/lib/python3.10/dist-packages/robot_msgs/srv/_enroll_owner.py
[0.692s] -- Up-to-date: /ws/ros_ws/install/robot_msgs/local/lib/python3.10/dist-packages/robot_msgs/srv/__init__.py
[0.693s] -- Up-to-date: /ws/ros_ws/install/robot_msgs/local/lib/python3.10/dist-packages/robot_msgs/_robot_msgs_s.ep.rosidl_typesupport_introspection_c.c
[0.693s] -- Up-to-date: /ws/ros_ws/install/robot_msgs/local/lib/python3.10/dist-packages/robot_msgs/robot_msgs_s__rosidl_typesupport_introspection_c.cpython-310-x86_64-linux-gnu.so
[0.693s] -- Up-to-date: /ws/ros_ws/install/robot_msgs/local/lib/python3.10/dist-packages/robot_msgs/_robot_msgs_s.ep.rosidl_typesupport_c.c
[0.693s] -- Up-to-date: /ws/ros_ws/install/robot_msgs/local/lib/python3.10/dist-packages/robot_msgs/action
[0.694s] -- Up-to-date: /ws/ros_ws/install/robot_msgs/local/lib/python3.10/dist-packages/robot_msgs/action/_pick_bottle_s.c
[0.695s] -- Up-to-date: /ws/ros_ws/install/robot_msgs/local/lib/python3.10/dist-packages/robot_msgs/action/_pick_bottle.py
[0.695s] -- Up-to-date: /ws/ros_ws/install/robot_msgs/local/lib/python3.10/dist-packages/robot_msgs/action/_hand_over_s.c
[0.696s] -- Up-to-date: /ws/ros_ws/install/robot_msgs/local/lib/python3.10/dist-packages/robot_msgs/action/_hand_over.py
[0.696s] -- Up-to-date: /ws/ros_ws/install/robot_msgs/local/lib/python3.10/dist-packages/robot_msgs/action/__init__.py
[0.696s] -- Up-to-date: /ws/ros_ws/install/robot_msgs/local/lib/python3.10/dist-packages/robot_msgs/librobot_msgs__rosidl_generator_py.so
[0.696s] -- Up-to-date: /ws/ros_ws/install/robot_msgs/local/lib/python3.10/dist-packages/robot_msgs/__init__.py
[0.696s] -- Up-to-date: /ws/ros_ws/install/robot_msgs/local/lib/python3.10/dist-packages/robot_msgs/_robot_msgs_s.ep.rosidl_typesupport_fastrtps_c.c
[0.792s] Listing '/ws/ros_ws/install/robot_msgs/local/lib/python3.10/dist-packages/robot_msgs'...
[0.792s] Listing '/ws/ros_ws/install/robot_msgs/local/lib/python3.10/dist-packages/robot_msgs/action'...
[0.792s] Listing '/ws/ros_ws/install/robot_msgs/local/lib/python3.10/dist-packages/robot_msgs/srv'...
[0.806s] -- Up-to-date: /ws/ros_ws/install/robot_msgs/local/lib/python3.10/dist-packages/robot_msgs/robot_msgs_s__rosidl_typesupport_fastrtps_c.cpython-310-x86_64-linux-gnu.so
[0.807s] -- Up-to-date: /ws/ros_ws/install/robot_msgs/local/lib/python3.10/dist-packages/robot_msgs/robot_msgs_s__rosidl_typesupport_introspection_c.cpython-310-x86_64-linux-gnu.so
[0.807s] -- Up-to-date: /ws/ros_ws/install/robot_msgs/local/lib/python3.10/dist-packages/robot_msgs/robot_msgs_s__rosidl_typesupport_c.cpython-310-x86_64-linux-gnu.so
[0.812s] -- Up-to-date: /ws/ros_ws/install/robot_msgs/lib/librobot_msgs__rosidl_generator_py.so
[0.812s] -- Up-to-date: /ws/ros_ws/install/robot_msgs/share/ament_index/resource_index/rust_packages/robot_msgs
[0.812s] -- Up-to-date: /ws/ros_ws/install/robot_msgs/share/robot_msgs/rust
[0.812s] -- Up-to-date: /ws/ros_ws/install/robot_msgs/share/robot_msgs/rust/src
[0.813s] -- Up-to-date: /ws/ros_ws/install/robot_msgs/share/robot_msgs/rust/src/lib.rs
[0.813s] -- Up-to-date: /ws/ros_ws/install/robot_msgs/share/robot_msgs/rust/src/srv.rs
[0.813s] -- Up-to-date: /ws/ros_ws/install/robot_msgs/share/robot_msgs/rust/src/srv
[0.813s] -- Up-to-date: /ws/ros_ws/install/robot_msgs/share/robot_msgs/rust/src/srv/rmw.rs
[0.813s] -- Up-to-date: /ws/ros_ws/install/robot_msgs/share/robot_msgs/rust/src/action
[0.813s] -- Up-to-date: /ws/ros_ws/install/robot_msgs/share/robot_msgs/rust/src/action/rmw.rs
[0.814s] -- Up-to-date: /ws/ros_ws/install/robot_msgs/share/robot_msgs/rust/src/action.rs
[0.814s] -- Up-to-date: /ws/ros_ws/install/robot_msgs/share/robot_msgs/rust/build.rs
[0.814s] -- Up-to-date: /ws/ros_ws/install/robot_msgs/share/robot_msgs/rust/Cargo.toml
[0.814s] -- Up-to-date: /ws/ros_ws/install/robot_msgs/share/robot_msgs/srv/DetectObject.idl
[0.814s] -- Up-to-date: /ws/ros_ws/install/robot_msgs/share/robot_msgs/srv/FindPerson.idl
[0.814s] -- Up-to-date: /ws/ros_ws/install/robot_msgs/share/robot_msgs/srv/EnrollOwner.idl
[0.814s] -- Up-to-date: /ws/ros_ws/install/robot_msgs/share/robot_msgs/action/PickBottle.idl
[0.814s] -- Up-to-date: /ws/ros_ws/install/robot_msgs/share/robot_msgs/action/HandOver.idl
[0.815s] -- Up-to-date: /ws/ros_ws/install/robot_msgs/share/robot_msgs/srv/DetectObject.srv
[0.815s] -- Up-to-date: /ws/ros_ws/install/robot_msgs/share/robot_msgs/srv/DetectObject_Request.msg
[0.815s] -- Up-to-date: /ws/ros_ws/install/robot_msgs/share/robot_msgs/srv/DetectObject_Response.msg
[0.815s] -- Up-to-date: /ws/ros_ws/install/robot_msgs/share/robot_msgs/srv/FindPerson.srv
[0.815s] -- Up-to-date: /ws/ros_ws/install/robot_msgs/share/robot_msgs/srv/FindPerson_Request.msg
[0.817s] -- Up-to-date: /ws/ros_ws/install/robot_msgs/share/robot_msgs/srv/FindPerson_Response.msg
[0.817s] -- Up-to-date: /ws/ros_ws/install/robot_msgs/share/robot_msgs/srv/EnrollOwner.srv
[0.820s] -- Up-to-date: /ws/ros_ws/install/robot_msgs/share/robot_msgs/srv/EnrollOwner_Request.msg
[0.820s] -- Up-to-date: /ws/ros_ws/install/robot_msgs/share/robot_msgs/srv/EnrollOwner_Response.msg
[0.820s] -- Up-to-date: /ws/ros_ws/install/robot_msgs/share/robot_msgs/action/PickBottle.action
[0.820s] -- Up-to-date: /ws/ros_ws/install/robot_msgs/share/robot_msgs/action/HandOver.action
[0.820s] -- Up-to-date: /ws/ros_ws/install/robot_msgs/share/ament_index/resource_index/package_run_dependencies/robot_msgs
[0.820s] -- Up-to-date: /ws/ros_ws/install/robot_msgs/share/ament_index/resource_index/parent_prefix_path/robot_msgs
[0.820s] -- Up-to-date: /ws/ros_ws/install/robot_msgs/share/robot_msgs/environment/ament_prefix_path.sh
[0.820s] -- Up-to-date: /ws/ros_ws/install/robot_msgs/share/robot_msgs/environment/ament_prefix_path.dsv
[0.820s] -- Up-to-date: /ws/ros_ws/install/robot_msgs/share/robot_msgs/environment/path.sh
[0.820s] -- Up-to-date: /ws/ros_ws/install/robot_msgs/share/robot_msgs/environment/path.dsv
[0.820s] -- Up-to-date: /ws/ros_ws/install/robot_msgs/share/robot_msgs/local_setup.bash
[0.821s] -- Up-to-date: /ws/ros_ws/install/robot_msgs/share/robot_msgs/local_setup.sh
[0.821s] -- Up-to-date: /ws/ros_ws/install/robot_msgs/share/robot_msgs/local_setup.zsh
[0.821s] -- Up-to-date: /ws/ros_ws/install/robot_msgs/share/robot_msgs/local_setup.dsv
[0.821s] -- Installing: /ws/ros_ws/install/robot_msgs/share/robot_msgs/package.dsv
[0.821s] -- Up-to-date: /ws/ros_ws/install/robot_msgs/share/ament_index/resource_index/packages/robot_msgs
[0.821s] -- Up-to-date: /ws/ros_ws/install/robot_msgs/share/robot_msgs/cmake/export_robot_msgs__rosidl_generator_cExport.cmake
[0.821s] -- Up-to-date: /ws/ros_ws/install/robot_msgs/share/robot_msgs/cmake/export_robot_msgs__rosidl_generator_cExport-noconfig.cmake
[0.821s] -- Up-to-date: /ws/ros_ws/install/robot_msgs/share/robot_msgs/cmake/export_robot_msgs__rosidl_typesupport_fastrtps_cExport.cmake
[0.822s] -- Up-to-date: /ws/ros_ws/install/robot_msgs/share/robot_msgs/cmake/export_robot_msgs__rosidl_typesupport_fastrtps_cExport-noconfig.cmake
[0.824s] -- Up-to-date: /ws/ros_ws/install/robot_msgs/share/robot_msgs/cmake/robot_msgs__rosidl_typesupport_introspection_cExport.cmake
[0.824s] -- Up-to-date: /ws/ros_ws/install/robot_msgs/share/robot_msgs/cmake/robot_msgs__rosidl_typesupport_introspection_cExport-noconfig.cmake
[0.824s] -- Up-to-date: /ws/ros_ws/install/robot_msgs/share/robot_msgs/cmake/robot_msgs__rosidl_typesupport_cExport.cmake
[0.824s] -- Up-to-date: /ws/ros_ws/install/robot_msgs/share/robot_msgs/cmake/robot_msgs__rosidl_typesupport_cExport-noconfig.cmake
[0.825s] -- Up-to-date: /ws/ros_ws/install/robot_msgs/share/robot_msgs/cmake/export_robot_msgs__rosidl_generator_cppExport.cmake
[0.825s] -- Up-to-date: /ws/ros_ws/install/robot_msgs/share/robot_msgs/cmake/export_robot_msgs__rosidl_typesupport_fastrtps_cppExport.cmake
[0.825s] -- Up-to-date: /ws/ros_ws/install/robot_msgs/share/robot_msgs/cmake/export_robot_msgs__rosidl_typesupport_fastrtps_cppExport-noconfig.cmake
[0.825s] -- Up-to-date: /ws/ros_ws/install/robot_msgs/share/robot_msgs/cmake/robot_msgs__rosidl_typesupport_introspection_cppExport.cmake
[0.825s] -- Up-to-date: /ws/ros_ws/install/robot_msgs/share/robot_msgs/cmake/robot_msgs__rosidl_typesupport_introspection_cppExport-noconfig.cmake
[0.825s] -- Up-to-date: /ws/ros_ws/install/robot_msgs/share/robot_msgs/cmake/robot_msgs__rosidl_typesupport_cppExport.cmake
[0.825s] -- Up-to-date: /ws/ros_ws/install/robot_msgs/share/robot_msgs/cmake/robot_msgs__rosidl_typesupport_cppExport-noconfig.cmake
[0.825s] -- Up-to-date: /ws/ros_ws/install/robot_msgs/share/robot_msgs/cmake/export_robot_msgs__rosidl_generator_pyExport.cmake
[0.826s] -- Up-to-date: /ws/ros_ws/install/robot_msgs/share/robot_msgs/cmake/export_robot_msgs__rosidl_generator_pyExport-noconfig.cmake
[0.826s] -- Up-to-date: /ws/ros_ws/install/robot_msgs/share/robot_msgs/cmake/rosidl_cmake-extras.cmake
[0.826s] -- Up-to-date: /ws/ros_ws/install/robot_msgs/share/robot_msgs/cmake/ament_cmake_export_dependencies-extras.cmake
[0.826s] -- Up-to-date: /ws/ros_ws/install/robot_msgs/share/robot_msgs/cmake/ament_cmake_export_include_directories-extras.cmake
[0.826s] -- Up-to-date: /ws/ros_ws/install/robot_msgs/share/robot_msgs/cmake/ament_cmake_export_libraries-extras.cmake
[0.826s] -- Up-to-date: /ws/ros_ws/install/robot_msgs/share/robot_msgs/cmake/ament_cmake_export_targets-extras.cmake
[0.826s] -- Up-to-date: /ws/ros_ws/install/robot_msgs/share/robot_msgs/cmake/rosidl_cmake_export_typesupport_targets-extras.cmake
[0.826s] -- Up-to-date: /ws/ros_ws/install/robot_msgs/share/robot_msgs/cmake/rosidl_cmake_export_typesupport_libraries-extras.cmake
[0.827s] -- Up-to-date: /ws/ros_ws/install/robot_msgs/share/robot_msgs/cmake/robot_msgsConfig.cmake
[0.827s] -- Up-to-date: /ws/ros_ws/install/robot_msgs/share/robot_msgs/cmake/robot_msgsConfig-version.cmake
[0.830s] -- Up-to-date: /ws/ros_ws/install/robot_msgs/share/robot_msgs/package.xml
[0.837s] Invoked command in '/ws/ros_ws/build/robot_msgs' returned '0': /usr/bin/cmake --install /ws/ros_ws/build/robot_msgs
