Consolidate compiler generated dependencies of target executor_node
[ 50%] Building CXX object CMakeFiles/executor_node.dir/src/executor_node.cpp.o
[100%] Linking CXX executable executor_node
[100%] Built target executor_node
-- Install configuration: ""
-- Installing: /ws/ros_ws/install/robot_executor/lib/robot_executor/executor_node
-- Set runtime path of "/ws/ros_ws/install/robot_executor/lib/robot_executor/executor_node" to ""
-- Up-to-date: /ws/ros_ws/install/robot_executor/share/ament_index/resource_index/package_run_dependencies/robot_executor
-- Up-to-date: /ws/ros_ws/install/robot_executor/share/ament_index/resource_index/parent_prefix_path/robot_executor
-- Up-to-date: /ws/ros_ws/install/robot_executor/share/robot_executor/environment/ament_prefix_path.sh
-- Up-to-date: /ws/ros_ws/install/robot_executor/share/robot_executor/environment/ament_prefix_path.dsv
-- Up-to-date: /ws/ros_ws/install/robot_executor/share/robot_executor/environment/path.sh
-- Up-to-date: /ws/ros_ws/install/robot_executor/share/robot_executor/environment/path.dsv
-- Up-to-date: /ws/ros_ws/install/robot_executor/share/robot_executor/local_setup.bash
-- Up-to-date: /ws/ros_ws/install/robot_executor/share/robot_executor/local_setup.sh
-- Up-to-date: /ws/ros_ws/install/robot_executor/share/robot_executor/local_setup.zsh
-- Up-to-date: /ws/ros_ws/install/robot_executor/share/robot_executor/local_setup.dsv
-- Installing: /ws/ros_ws/install/robot_executor/share/robot_executor/package.dsv
-- Up-to-date: /ws/ros_ws/install/robot_executor/share/ament_index/resource_index/packages/robot_executor
-- Up-to-date: /ws/ros_ws/install/robot_executor/share/robot_executor/cmake/robot_executorConfig.cmake
-- Up-to-date: /ws/ros_ws/install/robot_executor/share/robot_executor/cmake/robot_executorConfig-version.cmake
-- Up-to-date: /ws/ros_ws/install/robot_executor/share/robot_executor/package.xml
