[0.011s] Invoking command in '/ws/ros_ws/build/robot_base': CMAKE_PREFIX_PATH=/opt/ros/humble /usr/bin/cmake --build /ws/ros_ws/build/robot_base -- -j4 -l4
[0.054s] Consolidate compiler generated dependencies of target base_safety_utils
[0.054s] Consolidate compiler generated dependencies of target serial_interface_stub
[0.066s] [ 33%] Built target base_safety_utils
[0.066s] [ 33%] Built target gtest_main
[0.069s] [ 58%] Built target gtest
[0.070s] [ 58%] Building CXX object CMakeFiles/serial_interface_stub.dir/src/serial_interface_stub.cpp.o
[0.082s] Consolidate compiler generated dependencies of target test_timeout_brake
[0.101s] [ 75%] Built target test_timeout_brake
[0.246s] [ 83%] Linking CXX static library libserial_interface_stub.a
[0.280s] [ 83%] Built target serial_interface_stub
[0.297s] Consolidate compiler generated dependencies of target base_driver_node
[0.316s] [ 91%] Linking CXX executable base_driver_node
[0.716s] [100%] Built target base_driver_node
[0.729s] Invoked command in '/ws/ros_ws/build/robot_base' returned '0': CMAKE_PREFIX_PATH=/opt/ros/humble /usr/bin/cmake --build /ws/ros_ws/build/robot_base -- -j4 -l4
[0.742s] Invoking command in '/ws/ros_ws/build/robot_base': CMAKE_PREFIX_PATH=/opt/ros/humble /usr/bin/cmake --install /ws/ros_ws/build/robot_base
[0.752s] -- Install configuration: ""
[0.752s] -- Installing: /ws/ros_ws/install/robot_base/lib/robot_base/base_driver_node
[0.757s] -- Set runtime path of "/ws/ros_ws/install/robot_base/lib/robot_base/base_driver_node" to ""
[0.757s] -- Installing: /ws/ros_ws/install/robot_base/lib/robot_base/libserial_interface_stub.a
[0.758s] -- Up-to-date: /ws/ros_ws/install/robot_base/lib/robot_base/libbase_safety_utils.a
[0.758s] -- Up-to-date: /ws/ros_ws/install/robot_base/include
[0.758s] -- Up-to-date: /ws/ros_ws/install/robot_base/include/robot_base
[0.758s] -- Up-to-date: /ws/ros_ws/install/robot_base/include/robot_base/safety_utils.hpp
[0.758s] -- Up-to-date: /ws/ros_ws/install/robot_base/include/robot_base/serial_interface.hpp
[0.758s] -- Up-to-date: /ws/ros_ws/install/robot_base/share/ament_index/resource_index/package_run_dependencies/robot_base
[0.758s] -- Up-to-date: /ws/ros_ws/install/robot_base/share/ament_index/resource_index/parent_prefix_path/robot_base
[0.759s] -- Up-to-date: /ws/ros_ws/install/robot_base/share/robot_base/environment/ament_prefix_path.sh
[0.759s] -- Up-to-date: /ws/ros_ws/install/robot_base/share/robot_base/environment/ament_prefix_path.dsv
[0.759s] -- Up-to-date: /ws/ros_ws/install/robot_base/share/robot_base/environment/path.sh
[0.759s] -- Up-to-date: /ws/ros_ws/install/robot_base/share/robot_base/environment/path.dsv
[0.759s] -- Up-to-date: /ws/ros_ws/install/robot_base/share/robot_base/local_setup.bash
[0.759s] -- Up-to-date: /ws/ros_ws/install/robot_base/share/robot_base/local_setup.sh
[0.759s] -- Up-to-date: /ws/ros_ws/install/robot_base/share/robot_base/local_setup.zsh
[0.759s] -- Up-to-date: /ws/ros_ws/install/robot_base/share/robot_base/local_setup.dsv
[0.759s] -- Installing: /ws/ros_ws/install/robot_base/share/robot_base/package.dsv
[0.759s] -- Up-to-date: /ws/ros_ws/install/robot_base/share/ament_index/resource_index/packages/robot_base
[0.759s] -- Up-to-date: /ws/ros_ws/install/robot_base/share/robot_base/cmake/robot_baseConfig.cmake
[0.759s] -- Up-to-date: /ws/ros_ws/install/robot_base/share/robot_base/cmake/robot_baseConfig-version.cmake
[0.759s] -- Up-to-date: /ws/ros_ws/install/robot_base/share/robot_base/package.xml
[0.761s] Invoked command in '/ws/ros_ws/build/robot_base' returned '0': CMAKE_PREFIX_PATH=/opt/ros/humble /usr/bin/cmake --install /ws/ros_ws/build/robot_base
