[0.019s] Invoking command in '/ws/ros_ws/build/robot_msgs': /usr/bin/cmake /ws/ros_ws/src/robot_msgs -DCATKIN_INSTALL_INTO_PREFIX_ROOT=0 -DCMAKE_INSTALL_PREFIX=/ws/ros_ws/install/robot_msgs
[0.088s] -- The C compiler identification is GNU 11.4.0
[0.161s] -- The CXX compiler identification is GNU 11.4.0
[0.173s] -- Detecting C compiler ABI info
[0.254s] -- Detecting C compiler ABI info - done
[0.262s] -- Check for working C compiler: /usr/bin/cc - skipped
[0.267s] -- Detecting C compile features
[0.268s] -- Detecting C compile features - done
[0.270s] -- Detecting CXX compiler ABI info
[0.373s] -- Detecting CXX compiler ABI info - done
[0.382s] -- Check for working CXX compiler: /usr/bin/c++ - skipped
[0.382s] -- Detecting CXX compile features
[0.383s] -- Detecting CXX compile features - done
[0.385s] -- Found ament_cmake: 1.3.14 (/opt/ros/humble/share/ament_cmake/cmake)
[0.539s] -- Found Python3: /usr/bin/python3 (found version "3.10.12") found components: Interpreter 
[0.660s] -- Found rosidl_default_generators: 1.2.1 (/opt/ros/humble/share/rosidl_default_generators/cmake)
[0.664s] -- Using all available rosidl_typesupport_c: rosidl_typesupport_fastrtps_c;rosidl_typesupport_introspection_c
[0.672s] -- Found rosidl_adapter: 3.1.8 (/opt/ros/humble/share/rosidl_adapter/cmake)
[0.717s] -- Using all available rosidl_typesupport_cpp: rosidl_typesupport_fastrtps_cpp;rosidl_typesupport_introspection_cpp
[0.767s] -- Found geometry_msgs: 4.9.1 (/opt/ros/humble/share/geometry_msgs/cmake)
[1.252s] -- Found ament_cmake_ros: 0.10.0 (/opt/ros/humble/share/ament_cmake_ros/cmake)
[1.575s] -- Using all available rosidl_typesupport_c: rosidl_typesupport_fastrtps_c;rosidl_typesupport_introspection_c
[2.764s] -- Using all available rosidl_typesupport_cpp: rosidl_typesupport_fastrtps_cpp;rosidl_typesupport_introspection_cpp
[2.822s] -- Found PythonInterp: /usr/bin/python3 (found suitable version "3.10.12", minimum required is "3.6") 
[2.824s] -- Found python_cmake_module: 0.10.0 (/opt/ros/humble/share/python_cmake_module/cmake)
[2.886s] -- Found PythonLibs: /usr/lib/x86_64-linux-gnu/libpython3.10.so (found suitable version "3.10.12", minimum required is "3.5") 
[2.886s] -- Using PYTHON_EXECUTABLE: /usr/bin/python3
[2.887s] -- Using PYTHON_INCLUDE_DIRS: /usr/include/python3.10
[2.887s] -- Using PYTHON_LIBRARIES: /usr/lib/x86_64-linux-gnu/libpython3.10.so
[2.948s] -- Found PythonExtra: .so  
[3.532s] -- Configuring done
[3.720s] -- Generating done
[3.727s] CMake Warning:
[3.727s]   Manually-specified variables were not used by the project:
[3.728s] 
[3.728s]     CATKIN_INSTALL_INTO_PREFIX_ROOT
[3.728s] 
[3.729s] 
[3.771s] -- Build files have been written to: /ws/ros_ws/build/robot_msgs
[3.810s] Invoked command in '/ws/ros_ws/build/robot_msgs' returned '0': /usr/bin/cmake /ws/ros_ws/src/robot_msgs -DCATKIN_INSTALL_INTO_PREFIX_ROOT=0 -DCMAKE_INSTALL_PREFIX=/ws/ros_ws/install/robot_msgs
[3.811s] Invoking command in '/ws/ros_ws/build/robot_msgs': /usr/bin/cmake --build /ws/ros_ws/build/robot_msgs -- -j4 -l4
[3.989s] [  1%] Generating C code for ROS interfaces
[4.016s] [  3%] Generating Rust code for ROS interfaces
[4.020s] [  4%] Generating C++ code for ROS interfaces
[4.045s] [  4%] Built target ament_cmake_python_copy_robot_msgs
[4.679s] running egg_info
[4.688s] creating robot_msgs.egg-info
[4.688s] writing robot_msgs.egg-info/PKG-INFO
[4.688s] writing dependency_links to robot_msgs.egg-info/dependency_links.txt
[4.689s] writing top-level names to robot_msgs.egg-info/top_level.txt
[4.689s] writing manifest file 'robot_msgs.egg-info/SOURCES.txt'
[4.698s] reading manifest file 'robot_msgs.egg-info/SOURCES.txt'
[4.702s] writing manifest file 'robot_msgs.egg-info/SOURCES.txt'
[4.879s] [  4%] Built target ament_cmake_python_build_robot_msgs_egg
[6.205s] [  4%] Built target robot_msgs__rs
[7.080s] [  4%] Built target robot_msgs__cpp
[7.111s] [  6%] Generating C++ type support dispatch for ROS interfaces
[7.115s] [  7%] Generating C++ type support for eProsima Fast-RTPS
[7.117s] [  9%] Generating C++ introspection for ROS interfaces
[8.048s] [ 10%] Building C object CMakeFiles/robot_msgs__rosidl_generator_c.dir/rosidl_generator_c/robot_msgs/srv/detail/detect_object__functions.c.o
[8.266s] [ 12%] Building C object CMakeFiles/robot_msgs__rosidl_generator_c.dir/rosidl_generator_c/robot_msgs/srv/detail/find_person__functions.c.o
[8.515s] [ 14%] Building C object CMakeFiles/robot_msgs__rosidl_generator_c.dir/rosidl_generator_c/robot_msgs/srv/detail/enroll_owner__functions.c.o
[8.755s] [ 15%] Building C object CMakeFiles/robot_msgs__rosidl_generator_c.dir/rosidl_generator_c/robot_msgs/action/detail/pick_bottle__functions.c.o
[9.241s] [ 17%] Building C object CMakeFiles/robot_msgs__rosidl_generator_c.dir/rosidl_generator_c/robot_msgs/action/detail/hand_over__functions.c.o
[9.563s] [ 18%] Building CXX object CMakeFiles/robot_msgs__rosidl_typesupport_cpp.dir/rosidl_typesupport_cpp/robot_msgs/srv/detect_object__type_support.cpp.o
[9.737s] [ 20%] Linking C shared library librobot_msgs__rosidl_generator_c.so
[9.955s] [ 20%] Built target robot_msgs__rosidl_generator_c
[9.986s] [ 21%] Building CXX object CMakeFiles/robot_msgs__rosidl_typesupport_introspection_cpp.dir/rosidl_typesupport_introspection_cpp/robot_msgs/srv/detail/find_person__type_support.cpp.o
[10.000s] [ 23%] Building CXX object CMakeFiles/robot_msgs__rosidl_typesupport_introspection_cpp.dir/rosidl_typesupport_introspection_cpp/robot_msgs/srv/detail/detect_object__type_support.cpp.o
[10.394s] [ 25%] Building CXX object CMakeFiles/robot_msgs__rosidl_typesupport_fastrtps_cpp.dir/rosidl_typesupport_fastrtps_cpp/robot_msgs/srv/detail/dds_fastrtps/detect_object__type_support.cpp.o
[10.457s] [ 26%] Building CXX object CMakeFiles/robot_msgs__rosidl_typesupport_cpp.dir/rosidl_typesupport_cpp/robot_msgs/srv/find_person__type_support.cpp.o
[11.196s] [ 28%] Building CXX object CMakeFiles/robot_msgs__rosidl_typesupport_introspection_cpp.dir/rosidl_typesupport_introspection_cpp/robot_msgs/srv/detail/enroll_owner__type_support.cpp.o
[11.309s] [ 29%] Generating C type support for eProsima Fast-RTPS
[11.327s] [ 31%] Building CXX object CMakeFiles/robot_msgs__rosidl_typesupport_cpp.dir/rosidl_typesupport_cpp/robot_msgs/srv/enroll_owner__type_support.cpp.o
[11.432s] [ 32%] Building CXX object CMakeFiles/robot_msgs__rosidl_typesupport_fastrtps_cpp.dir/rosidl_typesupport_fastrtps_cpp/robot_msgs/srv/detail/dds_fastrtps/find_person__type_support.cpp.o
[12.134s] [ 34%] Building CXX object CMakeFiles/robot_msgs__rosidl_typesupport_cpp.dir/rosidl_typesupport_cpp/robot_msgs/action/pick_bottle__type_support.cpp.o
[12.338s] [ 35%] Building CXX object CMakeFiles/robot_msgs__rosidl_typesupport_introspection_cpp.dir/rosidl_typesupport_introspection_cpp/robot_msgs/action/detail/pick_bottle__type_support.cpp.o
[12.912s] [ 37%] Building CXX object CMakeFiles/robot_msgs__rosidl_typesupport_fastrtps_cpp.dir/rosidl_typesupport_fastrtps_cpp/robot_msgs/srv/detail/dds_fastrtps/enroll_owner__type_support.cpp.o
[13.385s] [ 39%] Building CXX object CMakeFiles/robot_msgs__rosidl_typesupport_cpp.dir/rosidl_typesupport_cpp/robot_msgs/action/hand_over__type_support.cpp.o
[13.586s] [ 40%] Building CXX object CMakeFiles/robot_msgs__rosidl_typesupport_introspection_cpp.dir/rosidl_typesupport_introspection_cpp/robot_msgs/action/detail/hand_over__type_support.cpp.o
[14.275s] [ 42%] Building CXX object CMakeFiles/robot_msgs__rosidl_typesupport_fastrtps_cpp.dir/rosidl_typesupport_fastrtps_cpp/robot_msgs/action/detail/dds_fastrtps/pick_bottle__type_support.cpp.o
[14.441s] [ 43%] Linking CXX shared library librobot_msgs__rosidl_typesupport_cpp.so
[14.602s] [ 43%] Built target robot_msgs__rosidl_typesupport_cpp
[14.643s] [ 45%] Generating C introspection for ROS interfaces
[14.679s] [ 46%] Building CXX object CMakeFiles/robot_msgs__rosidl_typesupport_fastrtps_c.dir/rosidl_typesupport_fastrtps_c/robot_msgs/srv/detail/detect_object__type_support_c.cpp.o
[14.889s] [ 48%] Linking CXX shared library librobot_msgs__rosidl_typesupport_introspection_cpp.so
[15.175s] [ 48%] Built target robot_msgs__rosidl_typesupport_introspection_cpp
[15.205s] [ 50%] Building CXX object CMakeFiles/robot_msgs__rosidl_typesupport_fastrtps_cpp.dir/rosidl_typesupport_fastrtps_cpp/robot_msgs/action/detail/dds_fastrtps/hand_over__type_support.cpp.o
[16.309s] [ 51%] Building C object CMakeFiles/robot_msgs__rosidl_typesupport_introspection_c.dir/rosidl_typesupport_introspection_c/robot_msgs/srv/detail/detect_object__type_support.c.o
[16.417s] [ 53%] Building C object CMakeFiles/robot_msgs__rosidl_typesupport_introspection_c.dir/rosidl_typesupport_introspection_c/robot_msgs/srv/detail/find_person__type_support.c.o
[16.433s] [ 54%] Linking CXX shared library librobot_msgs__rosidl_typesupport_fastrtps_cpp.so
[16.442s] [ 56%] Building C object CMakeFiles/robot_msgs__rosidl_typesupport_introspection_c.dir/rosidl_typesupport_introspection_c/robot_msgs/srv/detail/enroll_owner__type_support.c.o
[16.442s] [ 57%] Building CXX object CMakeFiles/robot_msgs__rosidl_typesupport_fastrtps_c.dir/rosidl_typesupport_fastrtps_c/robot_msgs/srv/detail/find_person__type_support_c.cpp.o
[16.554s] [ 59%] Building C object CMakeFiles/robot_msgs__rosidl_typesupport_introspection_c.dir/rosidl_typesupport_introspection_c/robot_msgs/action/detail/pick_bottle__type_support.c.o
[16.558s] [ 60%] Generating C type support dispatch for ROS interfaces
[16.661s] [ 62%] Building C object CMakeFiles/robot_msgs__rosidl_typesupport_introspection_c.dir/rosidl_typesupport_introspection_c/robot_msgs/action/detail/hand_over__type_support.c.o
[16.674s] [ 62%] Built target robot_msgs__rosidl_typesupport_fastrtps_cpp
[16.699s] [ 64%] Building CXX object CMakeFiles/robot_msgs__rosidl_typesupport_fastrtps_c.dir/rosidl_typesupport_fastrtps_c/robot_msgs/srv/detail/enroll_owner__type_support_c.cpp.o
[16.724s] [ 65%] Linking C shared library librobot_msgs__rosidl_typesupport_introspection_c.so
[16.857s] [ 65%] Built target robot_msgs__rosidl_typesupport_introspection_c
[16.883s] [ 67%] Building CXX object CMakeFiles/robot_msgs__rosidl_typesupport_fastrtps_c.dir/rosidl_typesupport_fastrtps_c/robot_msgs/action/detail/pick_bottle__type_support_c.cpp.o
[17.482s] [ 68%] Building CXX object CMakeFiles/robot_msgs__rosidl_typesupport_fastrtps_c.dir/rosidl_typesupport_fastrtps_c/robot_msgs/action/detail/hand_over__type_support_c.cpp.o
[18.329s] [ 70%] Building CXX object CMakeFiles/robot_msgs__rosidl_typesupport_c.dir/rosidl_typesupport_c/robot_msgs/srv/detect_object__type_support.cpp.o
[18.330s] [ 71%] Building CXX object CMakeFiles/robot_msgs__rosidl_typesupport_c.dir/rosidl_typesupport_c/robot_msgs/srv/enroll_owner__type_support.cpp.o
[18.341s] [ 73%] Building CXX object CMakeFiles/robot_msgs__rosidl_typesupport_c.dir/rosidl_typesupport_c/robot_msgs/srv/find_person__type_support.cpp.o
[18.413s] [ 75%] Building CXX object CMakeFiles/robot_msgs__rosidl_typesupport_c.dir/rosidl_typesupport_c/robot_msgs/action/pick_bottle__type_support.cpp.o
[18.518s] [ 76%] Linking CXX shared library librobot_msgs__rosidl_typesupport_fastrtps_c.so
[18.530s] [ 78%] Building CXX object CMakeFiles/robot_msgs__rosidl_typesupport_c.dir/rosidl_typesupport_c/robot_msgs/action/hand_over__type_support.cpp.o
[18.700s] [ 78%] Built target robot_msgs__rosidl_typesupport_fastrtps_c
[19.618s] [ 79%] Linking CXX shared library librobot_msgs__rosidl_typesupport_c.so
[19.732s] [ 79%] Built target robot_msgs__rosidl_typesupport_c
[19.784s] [ 79%] Built target robot_msgs
[19.848s] [ 81%] Generating Python code for ROS interfaces
[22.653s] [ 81%] Built target robot_msgs__py
[22.683s] [ 82%] Building C object CMakeFiles/robot_msgs__rosidl_generator_py.dir/rosidl_generator_py/robot_msgs/srv/_detect_object_s.c.o
[22.694s] [ 84%] Building C object CMakeFiles/robot_msgs__rosidl_generator_py.dir/rosidl_generator_py/robot_msgs/srv/_find_person_s.c.o
[22.695s] [ 87%] Building C object CMakeFiles/robot_msgs__rosidl_generator_py.dir/rosidl_generator_py/robot_msgs/action/_pick_bottle_s.c.o
[22.695s] [ 87%] Building C object CMakeFiles/robot_msgs__rosidl_generator_py.dir/rosidl_generator_py/robot_msgs/srv/_enroll_owner_s.c.o
[22.941s] [ 89%] Building C object CMakeFiles/robot_msgs__rosidl_generator_py.dir/rosidl_generator_py/robot_msgs/action/_hand_over_s.c.o
[23.138s] [ 90%] Linking C shared library rosidl_generator_py/robot_msgs/librobot_msgs__rosidl_generator_py.so
[23.211s] [ 90%] Built target robot_msgs__rosidl_generator_py
[23.267s] [ 92%] Building C object CMakeFiles/robot_msgs__rosidl_typesupport_introspection_c__pyext.dir/rosidl_generator_py/robot_msgs/_robot_msgs_s.ep.rosidl_typesupport_introspection_c.c.o
[23.274s] [ 93%] Building C object CMakeFiles/robot_msgs__rosidl_typesupport_fastrtps_c__pyext.dir/rosidl_generator_py/robot_msgs/_robot_msgs_s.ep.rosidl_typesupport_fastrtps_c.c.o
[23.274s] [ 95%] Building C object CMakeFiles/robot_msgs__rosidl_typesupport_c__pyext.dir/rosidl_generator_py/robot_msgs/_robot_msgs_s.ep.rosidl_typesupport_c.c.o
[23.521s] [ 96%] Linking C shared library rosidl_generator_py/robot_msgs/robot_msgs_s__rosidl_typesupport_c.cpython-310-x86_64-linux-gnu.so
[23.582s] [ 98%] Linking C shared library rosidl_generator_py/robot_msgs/robot_msgs_s__rosidl_typesupport_introspection_c.cpython-310-x86_64-linux-gnu.so
[23.642s] [ 98%] Built target robot_msgs__rosidl_typesupport_introspection_c__pyext
[23.648s] [ 98%] Built target robot_msgs__rosidl_typesupport_c__pyext
[23.684s] [100%] Linking C shared library rosidl_generator_py/robot_msgs/robot_msgs_s__rosidl_typesupport_fastrtps_c.cpython-310-x86_64-linux-gnu.so
[23.740s] [100%] Built target robot_msgs__rosidl_typesupport_fastrtps_c__pyext
[23.760s] Invoked command in '/ws/ros_ws/build/robot_msgs' returned '0': /usr/bin/cmake --build /ws/ros_ws/build/robot_msgs -- -j4 -l4
[23.760s] Invoking command in '/ws/ros_ws/build/robot_msgs': /usr/bin/cmake --install /ws/ros_ws/build/robot_msgs
[23.770s] -- Install configuration: ""
[23.771s] -- Installing: /ws/ros_ws/install/robot_msgs/share/ament_index/resource_index/rosidl_interfaces/robot_msgs
[23.772s] -- Installing: /ws/ros_ws/install/robot_msgs/include/robot_msgs/robot_msgs
[23.773s] -- Installing: /ws/ros_ws/install/robot_msgs/include/robot_msgs/robot_msgs/msg
[23.775s] -- Installing: /ws/ros_ws/install/robot_msgs/include/robot_msgs/robot_msgs/msg/rosidl_generator_c__visibility_control.h
[23.775s] -- Installing: /ws/ros_ws/install/robot_msgs/include/robot_msgs/robot_msgs/srv
[23.776s] -- Installing: /ws/ros_ws/install/robot_msgs/include/robot_msgs/robot_msgs/srv/find_person.h
[23.776s] -- Installing: /ws/ros_ws/install/robot_msgs/include/robot_msgs/robot_msgs/srv/detect_object.h
[23.776s] -- Installing: /ws/ros_ws/install/robot_msgs/include/robot_msgs/robot_msgs/srv/detail
[23.776s] -- Installing: /ws/ros_ws/install/robot_msgs/include/robot_msgs/robot_msgs/srv/detail/detect_object__type_support.h
[23.776s] -- Installing: /ws/ros_ws/install/robot_msgs/include/robot_msgs/robot_msgs/srv/detail/enroll_owner__functions.h
[23.776s] -- Installing: /ws/ros_ws/install/robot_msgs/include/robot_msgs/robot_msgs/srv/detail/find_person__struct.h
[23.777s] -- Installing: /ws/ros_ws/install/robot_msgs/include/robot_msgs/robot_msgs/srv/detail/detect_object__struct.h
[23.777s] -- Installing: /ws/ros_ws/install/robot_msgs/include/robot_msgs/robot_msgs/srv/detail/find_person__functions.c
[23.777s] -- Installing: /ws/ros_ws/install/robot_msgs/include/robot_msgs/robot_msgs/srv/detail/enroll_owner__functions.c
[23.778s] -- Installing: /ws/ros_ws/install/robot_msgs/include/robot_msgs/robot_msgs/srv/detail/detect_object__functions.h
[23.778s] -- Installing: /ws/ros_ws/install/robot_msgs/include/robot_msgs/robot_msgs/srv/detail/enroll_owner__struct.h
[23.778s] -- Installing: /ws/ros_ws/install/robot_msgs/include/robot_msgs/robot_msgs/srv/detail/find_person__functions.h
[23.779s] -- Installing: /ws/ros_ws/install/robot_msgs/include/robot_msgs/robot_msgs/srv/detail/find_person__type_support.h
[23.779s] -- Installing: /ws/ros_ws/install/robot_msgs/include/robot_msgs/robot_msgs/srv/detail/enroll_owner__type_support.h
[23.780s] -- Installing: /ws/ros_ws/install/robot_msgs/include/robot_msgs/robot_msgs/srv/detail/detect_object__functions.c
[23.780s] -- Installing: /ws/ros_ws/install/robot_msgs/include/robot_msgs/robot_msgs/srv/enroll_owner.h
[23.780s] -- Installing: /ws/ros_ws/install/robot_msgs/include/robot_msgs/robot_msgs/action
[23.782s] -- Installing: /ws/ros_ws/install/robot_msgs/include/robot_msgs/robot_msgs/action/hand_over.h
[23.782s] -- Installing: /ws/ros_ws/install/robot_msgs/include/robot_msgs/robot_msgs/action/pick_bottle.h
[23.782s] -- Installing: /ws/ros_ws/install/robot_msgs/include/robot_msgs/robot_msgs/action/detail
[23.782s] -- Installing: /ws/ros_ws/install/robot_msgs/include/robot_msgs/robot_msgs/action/detail/hand_over__functions.h
[23.783s] -- Installing: /ws/ros_ws/install/robot_msgs/include/robot_msgs/robot_msgs/action/detail/pick_bottle__struct.h
[23.783s] -- Installing: /ws/ros_ws/install/robot_msgs/include/robot_msgs/robot_msgs/action/detail/pick_bottle__functions.h
[23.784s] -- Installing: /ws/ros_ws/install/robot_msgs/include/robot_msgs/robot_msgs/action/detail/hand_over__struct.h
[23.784s] -- Installing: /ws/ros_ws/install/robot_msgs/include/robot_msgs/robot_msgs/action/detail/pick_bottle__functions.c
[23.785s] -- Installing: /ws/ros_ws/install/robot_msgs/include/robot_msgs/robot_msgs/action/detail/hand_over__type_support.h
[23.785s] -- Installing: /ws/ros_ws/install/robot_msgs/include/robot_msgs/robot_msgs/action/detail/pick_bottle__type_support.h
[23.786s] -- Installing: /ws/ros_ws/install/robot_msgs/include/robot_msgs/robot_msgs/action/detail/hand_over__functions.c
[23.786s] -- Installing: /ws/ros_ws/install/robot_msgs/share/robot_msgs/environment/library_path.sh
[23.787s] -- Installing: /ws/ros_ws/install/robot_msgs/share/robot_msgs/environment/library_path.dsv
[23.791s] -- Installing: /ws/ros_ws/install/robot_msgs/lib/librobot_msgs__rosidl_generator_c.so
[23.791s] -- Set runtime path of "/ws/ros_ws/install/robot_msgs/lib/librobot_msgs__rosidl_generator_c.so" to ""
[23.792s] -- Up-to-date: /ws/ros_ws/install/robot_msgs/include/robot_msgs/robot_msgs
[23.792s] -- Up-to-date: /ws/ros_ws/install/robot_msgs/include/robot_msgs/robot_msgs/msg
[23.792s] -- Installing: /ws/ros_ws/install/robot_msgs/include/robot_msgs/robot_msgs/msg/rosidl_typesupport_fastrtps_c__visibility_control.h
[23.792s] -- Up-to-date: /ws/ros_ws/install/robot_msgs/include/robot_msgs/robot_msgs/srv
[23.792s] -- Up-to-date: /ws/ros_ws/install/robot_msgs/include/robot_msgs/robot_msgs/srv/detail
[23.792s] -- Installing: /ws/ros_ws/install/robot_msgs/include/robot_msgs/robot_msgs/srv/detail/enroll_owner__rosidl_typesupport_fastrtps_c.h
[23.792s] -- Installing: /ws/ros_ws/install/robot_msgs/include/robot_msgs/robot_msgs/srv/detail/detect_object__rosidl_typesupport_fastrtps_c.h
[23.792s] -- Installing: /ws/ros_ws/install/robot_msgs/include/robot_msgs/robot_msgs/srv/detail/find_person__rosidl_typesupport_fastrtps_c.h
[23.792s] -- Up-to-date: /ws/ros_ws/install/robot_msgs/include/robot_msgs/robot_msgs/action
[23.792s] -- Up-to-date: /ws/ros_ws/install/robot_msgs/include/robot_msgs/robot_msgs/action/detail
[23.792s] -- Installing: /ws/ros_ws/install/robot_msgs/include/robot_msgs/robot_msgs/action/detail/pick_bottle__rosidl_typesupport_fastrtps_c.h
[23.792s] -- Installing: /ws/ros_ws/install/robot_msgs/include/robot_msgs/robot_msgs/action/detail/hand_over__rosidl_typesupport_fastrtps_c.h
[23.792s] -- Installing: /ws/ros_ws/install/robot_msgs/lib/librobot_msgs__rosidl_typesupport_fastrtps_c.so
[23.792s] -- Set runtime path of "/ws/ros_ws/install/robot_msgs/lib/librobot_msgs__rosidl_typesupport_fastrtps_c.so" to ""
[23.792s] -- Up-to-date: /ws/ros_ws/install/robot_msgs/include/robot_msgs/robot_msgs
[23.792s] -- Up-to-date: /ws/ros_ws/install/robot_msgs/include/robot_msgs/robot_msgs/msg
[23.792s] -- Installing: /ws/ros_ws/install/robot_msgs/include/robot_msgs/robot_msgs/msg/rosidl_typesupport_introspection_c__visibility_control.h
[23.793s] -- Up-to-date: /ws/ros_ws/install/robot_msgs/include/robot_msgs/robot_msgs/srv
[23.793s] -- Up-to-date: /ws/ros_ws/install/robot_msgs/include/robot_msgs/robot_msgs/srv/detail
[23.793s] -- Installing: /ws/ros_ws/install/robot_msgs/include/robot_msgs/robot_msgs/srv/detail/enroll_owner__rosidl_typesupport_introspection_c.h
[23.794s] -- Installing: /ws/ros_ws/install/robot_msgs/include/robot_msgs/robot_msgs/srv/detail/find_person__rosidl_typesupport_introspection_c.h
[23.795s] -- Installing: /ws/ros_ws/install/robot_msgs/include/robot_msgs/robot_msgs/srv/detail/find_person__type_support.c
[23.795s] -- Installing: /ws/ros_ws/install/robot_msgs/include/robot_msgs/robot_msgs/srv/detail/detect_object__type_support.c
[23.796s] -- Installing: /ws/ros_ws/install/robot_msgs/include/robot_msgs/robot_msgs/srv/detail/enroll_owner__type_support.c
[23.796s] -- Installing: /ws/ros_ws/install/robot_msgs/include/robot_msgs/robot_msgs/srv/detail/detect_object__rosidl_typesupport_introspection_c.h
[23.797s] -- Up-to-date: /ws/ros_ws/install/robot_msgs/include/robot_msgs/robot_msgs/action
[23.797s] -- Up-to-date: /ws/ros_ws/install/robot_msgs/include/robot_msgs/robot_msgs/action/detail
[23.799s] -- Installing: /ws/ros_ws/install/robot_msgs/include/robot_msgs/robot_msgs/action/detail/pick_bottle__rosidl_typesupport_introspection_c.h
[23.799s] -- Installing: /ws/ros_ws/install/robot_msgs/include/robot_msgs/robot_msgs/action/detail/hand_over__rosidl_typesupport_introspection_c.h
[23.799s] -- Installing: /ws/ros_ws/install/robot_msgs/include/robot_msgs/robot_msgs/action/detail/pick_bottle__type_support.c
[23.799s] -- Installing: /ws/ros_ws/install/robot_msgs/include/robot_msgs/robot_msgs/action/detail/hand_over__type_support.c
[23.800s] -- Installing: /ws/ros_ws/install/robot_msgs/lib/librobot_msgs__rosidl_typesupport_introspection_c.so
[23.800s] -- Set runtime path of "/ws/ros_ws/install/robot_msgs/lib/librobot_msgs__rosidl_typesupport_introspection_c.so" to ""
[23.801s] -- Installing: /ws/ros_ws/install/robot_msgs/lib/librobot_msgs__rosidl_typesupport_c.so
[23.804s] -- Set runtime path of "/ws/ros_ws/install/robot_msgs/lib/librobot_msgs__rosidl_typesupport_c.so" to ""
[23.804s] -- Up-to-date: /ws/ros_ws/install/robot_msgs/include/robot_msgs/robot_msgs
[23.804s] -- Up-to-date: /ws/ros_ws/install/robot_msgs/include/robot_msgs/robot_msgs/msg
[23.805s] -- Installing: /ws/ros_ws/install/robot_msgs/include/robot_msgs/robot_msgs/msg/rosidl_generator_cpp__visibility_control.hpp
[23.805s] -- Up-to-date: /ws/ros_ws/install/robot_msgs/include/robot_msgs/robot_msgs/srv
[23.805s] -- Installing: /ws/ros_ws/install/robot_msgs/include/robot_msgs/robot_msgs/srv/enroll_owner.hpp
[23.805s] -- Installing: /ws/ros_ws/install/robot_msgs/include/robot_msgs/robot_msgs/srv/detect_object.hpp
[23.805s] -- Installing: /ws/ros_ws/install/robot_msgs/include/robot_msgs/robot_msgs/srv/find_person.hpp
[23.805s] -- Up-to-date: /ws/ros_ws/install/robot_msgs/include/robot_msgs/robot_msgs/srv/detail
[23.805s] -- Installing: /ws/ros_ws/install/robot_msgs/include/robot_msgs/robot_msgs/srv/detail/detect_object__builder.hpp
[23.805s] -- Installing: /ws/ros_ws/install/robot_msgs/include/robot_msgs/robot_msgs/srv/detail/find_person__type_support.hpp
[23.806s] -- Installing: /ws/ros_ws/install/robot_msgs/include/robot_msgs/robot_msgs/srv/detail/enroll_owner__struct.hpp
[23.806s] -- Installing: /ws/ros_ws/install/robot_msgs/include/robot_msgs/robot_msgs/srv/detail/find_person__struct.hpp
[23.807s] -- Installing: /ws/ros_ws/install/robot_msgs/include/robot_msgs/robot_msgs/srv/detail/enroll_owner__traits.hpp
[23.807s] -- Installing: /ws/ros_ws/install/robot_msgs/include/robot_msgs/robot_msgs/srv/detail/enroll_owner__type_support.hpp
[23.808s] -- Installing: /ws/ros_ws/install/robot_msgs/include/robot_msgs/robot_msgs/srv/detail/detect_object__struct.hpp
[23.808s] -- Installing: /ws/ros_ws/install/robot_msgs/include/robot_msgs/robot_msgs/srv/detail/find_person__builder.hpp
[23.809s] -- Installing: /ws/ros_ws/install/robot_msgs/include/robot_msgs/robot_msgs/srv/detail/detect_object__type_support.hpp
[23.809s] -- Installing: /ws/ros_ws/install/robot_msgs/include/robot_msgs/robot_msgs/srv/detail/detect_object__traits.hpp
[23.810s] -- Installing: /ws/ros_ws/install/robot_msgs/include/robot_msgs/robot_msgs/srv/detail/enroll_owner__builder.hpp
[23.812s] -- Installing: /ws/ros_ws/install/robot_msgs/include/robot_msgs/robot_msgs/srv/detail/find_person__traits.hpp
[23.812s] -- Up-to-date: /ws/ros_ws/install/robot_msgs/include/robot_msgs/robot_msgs/action
[23.812s] -- Installing: /ws/ros_ws/install/robot_msgs/include/robot_msgs/robot_msgs/action/pick_bottle.hpp
[23.813s] -- Up-to-date: /ws/ros_ws/install/robot_msgs/include/robot_msgs/robot_msgs/action/detail
[23.813s] -- Installing: /ws/ros_ws/install/robot_msgs/include/robot_msgs/robot_msgs/action/detail/pick_bottle__builder.hpp
[23.813s] -- Installing: /ws/ros_ws/install/robot_msgs/include/robot_msgs/robot_msgs/action/detail/hand_over__struct.hpp
[23.813s] -- Installing: /ws/ros_ws/install/robot_msgs/include/robot_msgs/robot_msgs/action/detail/hand_over__type_support.hpp
[23.814s] -- Installing: /ws/ros_ws/install/robot_msgs/include/robot_msgs/robot_msgs/action/detail/pick_bottle__struct.hpp
[23.814s] -- Installing: /ws/ros_ws/install/robot_msgs/include/robot_msgs/robot_msgs/action/detail/pick_bottle__type_support.hpp
[23.815s] -- Installing: /ws/ros_ws/install/robot_msgs/include/robot_msgs/robot_msgs/action/detail/pick_bottle__traits.hpp
[23.815s] -- Installing: /ws/ros_ws/install/robot_msgs/include/robot_msgs/robot_msgs/action/detail/hand_over__traits.hpp
[23.816s] -- Installing: /ws/ros_ws/install/robot_msgs/include/robot_msgs/robot_msgs/action/detail/hand_over__builder.hpp
[23.817s] -- Installing: /ws/ros_ws/install/robot_msgs/include/robot_msgs/robot_msgs/action/hand_over.hpp
[23.817s] -- Up-to-date: /ws/ros_ws/install/robot_msgs/include/robot_msgs/robot_msgs
[23.819s] -- Up-to-date: /ws/ros_ws/install/robot_msgs/include/robot_msgs/robot_msgs/msg
[23.819s] -- Installing: /ws/ros_ws/install/robot_msgs/include/robot_msgs/robot_msgs/msg/rosidl_typesupport_fastrtps_cpp__visibility_control.h
[23.819s] -- Up-to-date: /ws/ros_ws/install/robot_msgs/include/robot_msgs/robot_msgs/srv
[23.820s] -- Up-to-date: /ws/ros_ws/install/robot_msgs/include/robot_msgs/robot_msgs/srv/detail
[23.820s] -- Installing: /ws/ros_ws/install/robot_msgs/include/robot_msgs/robot_msgs/srv/detail/detect_object__rosidl_typesupport_fastrtps_cpp.hpp
[23.822s] -- Installing: /ws/ros_ws/install/robot_msgs/include/robot_msgs/robot_msgs/srv/detail/find_person__rosidl_typesupport_fastrtps_cpp.hpp
[23.822s] -- Installing: /ws/ros_ws/install/robot_msgs/include/robot_msgs/robot_msgs/srv/detail/dds_fastrtps
[23.823s] -- Installing: /ws/ros_ws/install/robot_msgs/include/robot_msgs/robot_msgs/srv/detail/enroll_owner__rosidl_typesupport_fastrtps_cpp.hpp
[23.823s] -- Up-to-date: /ws/ros_ws/install/robot_msgs/include/robot_msgs/robot_msgs/action
[23.824s] -- Up-to-date: /ws/ros_ws/install/robot_msgs/include/robot_msgs/robot_msgs/action/detail
[23.824s] -- Installing: /ws/ros_ws/install/robot_msgs/include/robot_msgs/robot_msgs/action/detail/pick_bottle__rosidl_typesupport_fastrtps_cpp.hpp
[23.824s] -- Installing: /ws/ros_ws/install/robot_msgs/include/robot_msgs/robot_msgs/action/detail/hand_over__rosidl_typesupport_fastrtps_cpp.hpp
[23.824s] -- Installing: /ws/ros_ws/install/robot_msgs/include/robot_msgs/robot_msgs/action/detail/dds_fastrtps
[23.826s] -- Installing: /ws/ros_ws/install/robot_msgs/lib/librobot_msgs__rosidl_typesupport_fastrtps_cpp.so
[23.826s] -- Set runtime path of "/ws/ros_ws/install/robot_msgs/lib/librobot_msgs__rosidl_typesupport_fastrtps_cpp.so" to ""
[23.826s] -- Up-to-date: /ws/ros_ws/install/robot_msgs/include/robot_msgs/robot_msgs
[23.826s] -- Up-to-date: /ws/ros_ws/install/robot_msgs/include/robot_msgs/robot_msgs/srv
[23.826s] -- Up-to-date: /ws/ros_ws/install/robot_msgs/include/robot_msgs/robot_msgs/srv/detail
[23.826s] -- Installing: /ws/ros_ws/install/robot_msgs/include/robot_msgs/robot_msgs/srv/detail/enroll_owner__rosidl_typesupport_introspection_cpp.hpp
[23.826s] -- Installing: /ws/ros_ws/install/robot_msgs/include/robot_msgs/robot_msgs/srv/detail/find_person__rosidl_typesupport_introspection_cpp.hpp
[23.826s] -- Installing: /ws/ros_ws/install/robot_msgs/include/robot_msgs/robot_msgs/srv/detail/detect_object__rosidl_typesupport_introspection_cpp.hpp
[23.827s] -- Installing: /ws/ros_ws/install/robot_msgs/include/robot_msgs/robot_msgs/srv/detail/enroll_owner__type_support.cpp
[23.827s] -- Installing: /ws/ros_ws/install/robot_msgs/include/robot_msgs/robot_msgs/srv/detail/find_person__type_support.cpp
[23.827s] -- Installing: /ws/ros_ws/install/robot_msgs/include/robot_msgs/robot_msgs/srv/detail/detect_object__type_support.cpp
[23.827s] -- Up-to-date: /ws/ros_ws/install/robot_msgs/include/robot_msgs/robot_msgs/action
[23.827s] -- Up-to-date: /ws/ros_ws/install/robot_msgs/include/robot_msgs/robot_msgs/action/detail
[23.827s] -- Installing: /ws/ros_ws/install/robot_msgs/include/robot_msgs/robot_msgs/action/detail/hand_over__rosidl_typesupport_introspection_cpp.hpp
[23.833s] -- Installing: /ws/ros_ws/install/robot_msgs/include/robot_msgs/robot_msgs/action/detail/pick_bottle__rosidl_typesupport_introspection_cpp.hpp
[23.833s] -- Installing: /ws/ros_ws/install/robot_msgs/include/robot_msgs/robot_msgs/action/detail/pick_bottle__type_support.cpp
[23.833s] -- Installing: /ws/ros_ws/install/robot_msgs/include/robot_msgs/robot_msgs/action/detail/hand_over__type_support.cpp
[23.834s] -- Installing: /ws/ros_ws/install/robot_msgs/lib/librobot_msgs__rosidl_typesupport_introspection_cpp.so
[23.834s] -- Set runtime path of "/ws/ros_ws/install/robot_msgs/lib/librobot_msgs__rosidl_typesupport_introspection_cpp.so" to ""
[23.834s] -- Installing: /ws/ros_ws/install/robot_msgs/lib/librobot_msgs__rosidl_typesupport_cpp.so
[23.834s] -- Set runtime path of "/ws/ros_ws/install/robot_msgs/lib/librobot_msgs__rosidl_typesupport_cpp.so" to ""
[23.834s] -- Installing: /ws/ros_ws/install/robot_msgs/share/robot_msgs/environment/pythonpath.sh
[23.834s] -- Installing: /ws/ros_ws/install/robot_msgs/share/robot_msgs/environment/pythonpath.dsv
[23.835s] -- Installing: /ws/ros_ws/install/robot_msgs/local/lib/python3.10/dist-packages/robot_msgs-0.0.1-py3.10.egg-info
[23.835s] -- Installing: /ws/ros_ws/install/robot_msgs/local/lib/python3.10/dist-packages/robot_msgs-0.0.1-py3.10.egg-info/PKG-INFO
[23.835s] -- Installing: /ws/ros_ws/install/robot_msgs/local/lib/python3.10/dist-packages/robot_msgs-0.0.1-py3.10.egg-info/SOURCES.txt
[23.835s] -- Installing: /ws/ros_ws/install/robot_msgs/local/lib/python3.10/dist-packages/robot_msgs-0.0.1-py3.10.egg-info/dependency_links.txt
[23.835s] -- Installing: /ws/ros_ws/install/robot_msgs/local/lib/python3.10/dist-packages/robot_msgs-0.0.1-py3.10.egg-info/top_level.txt
[23.835s] -- Installing: /ws/ros_ws/install/robot_msgs/local/lib/python3.10/dist-packages/robot_msgs
[23.835s] -- Installing: /ws/ros_ws/install/robot_msgs/local/lib/python3.10/dist-packages/robot_msgs/robot_msgs_s__rosidl_typesupport_fastrtps_c.cpython-310-x86_64-linux-gnu.so
[23.835s] -- Installing: /ws/ros_ws/install/robot_msgs/local/lib/python3.10/dist-packages/robot_msgs/robot_msgs_s__rosidl_typesupport_c.cpython-310-x86_64-linux-gnu.so
[23.835s] -- Installing: /ws/ros_ws/install/robot_msgs/local/lib/python3.10/dist-packages/robot_msgs/srv
[23.836s] -- Installing: /ws/ros_ws/install/robot_msgs/local/lib/python3.10/dist-packages/robot_msgs/srv/_detect_object_s.c
[23.836s] -- Installing: /ws/ros_ws/install/robot_msgs/local/lib/python3.10/dist-packages/robot_msgs/srv/_detect_object.py
[23.836s] -- Installing: /ws/ros_ws/install/robot_msgs/local/lib/python3.10/dist-packages/robot_msgs/srv/_find_person_s.c
[23.836s] -- Installing: /ws/ros_ws/install/robot_msgs/local/lib/python3.10/dist-packages/robot_msgs/srv/_enroll_owner_s.c
[23.836s] -- Installing: /ws/ros_ws/install/robot_msgs/local/lib/python3.10/dist-packages/robot_msgs/srv/_find_person.py
[23.837s] -- Installing: /ws/ros_ws/install/robot_msgs/local/lib/python3.10/dist-packages/robot_msgs/srv/_enroll_owner.py
[23.839s] -- Installing: /ws/ros_ws/install/robot_msgs/local/lib/python3.10/dist-packages/robot_msgs/srv/__init__.py
[23.839s] -- Installing: /ws/ros_ws/install/robot_msgs/local/lib/python3.10/dist-packages/robot_msgs/_robot_msgs_s.ep.rosidl_typesupport_introspection_c.c
[23.839s] -- Installing: /ws/ros_ws/install/robot_msgs/local/lib/python3.10/dist-packages/robot_msgs/robot_msgs_s__rosidl_typesupport_introspection_c.cpython-310-x86_64-linux-gnu.so
[23.840s] -- Installing: /ws/ros_ws/install/robot_msgs/local/lib/python3.10/dist-packages/robot_msgs/_robot_msgs_s.ep.rosidl_typesupport_c.c
[23.840s] -- Installing: /ws/ros_ws/install/robot_msgs/local/lib/python3.10/dist-packages/robot_msgs/action
[23.840s] -- Installing: /ws/ros_ws/install/robot_msgs/local/lib/python3.10/dist-packages/robot_msgs/action/_pick_bottle_s.c
[23.840s] -- Installing: /ws/ros_ws/install/robot_msgs/local/lib/python3.10/dist-packages/robot_msgs/action/_pick_bottle.py
[23.843s] -- Installing: /ws/ros_ws/install/robot_msgs/local/lib/python3.10/dist-packages/robot_msgs/action/_hand_over_s.c
[23.843s] -- Installing: /ws/ros_ws/install/robot_msgs/local/lib/python3.10/dist-packages/robot_msgs/action/_hand_over.py
[23.844s] -- Installing: /ws/ros_ws/install/robot_msgs/local/lib/python3.10/dist-packages/robot_msgs/action/__init__.py
[23.844s] -- Installing: /ws/ros_ws/install/robot_msgs/local/lib/python3.10/dist-packages/robot_msgs/librobot_msgs__rosidl_generator_py.so
[23.844s] -- Installing: /ws/ros_ws/install/robot_msgs/local/lib/python3.10/dist-packages/robot_msgs/__init__.py
[23.847s] -- Installing: /ws/ros_ws/install/robot_msgs/local/lib/python3.10/dist-packages/robot_msgs/_robot_msgs_s.ep.rosidl_typesupport_fastrtps_c.c
[23.909s] Listing '/ws/ros_ws/install/robot_msgs/local/lib/python3.10/dist-packages/robot_msgs'...
[23.909s] Compiling '/ws/ros_ws/install/robot_msgs/local/lib/python3.10/dist-packages/robot_msgs/__init__.py'...
[23.909s] Listing '/ws/ros_ws/install/robot_msgs/local/lib/python3.10/dist-packages/robot_msgs/action'...
[23.909s] Compiling '/ws/ros_ws/install/robot_msgs/local/lib/python3.10/dist-packages/robot_msgs/action/__init__.py'...
[23.909s] Compiling '/ws/ros_ws/install/robot_msgs/local/lib/python3.10/dist-packages/robot_msgs/action/_hand_over.py'...
[23.910s] Compiling '/ws/ros_ws/install/robot_msgs/local/lib/python3.10/dist-packages/robot_msgs/action/_pick_bottle.py'...
[23.910s] Listing '/ws/ros_ws/install/robot_msgs/local/lib/python3.10/dist-packages/robot_msgs/srv'...
[23.910s] Compiling '/ws/ros_ws/install/robot_msgs/local/lib/python3.10/dist-packages/robot_msgs/srv/__init__.py'...
[23.910s] Compiling '/ws/ros_ws/install/robot_msgs/local/lib/python3.10/dist-packages/robot_msgs/srv/_detect_object.py'...
[23.910s] Compiling '/ws/ros_ws/install/robot_msgs/local/lib/python3.10/dist-packages/robot_msgs/srv/_enroll_owner.py'...
[23.910s] Compiling '/ws/ros_ws/install/robot_msgs/local/lib/python3.10/dist-packages/robot_msgs/srv/_find_person.py'...
[23.919s] -- Installing: /ws/ros_ws/install/robot_msgs/local/lib/python3.10/dist-packages/robot_msgs/robot_msgs_s__rosidl_typesupport_fastrtps_c.cpython-310-x86_64-linux-gnu.so
[23.920s] -- Set runtime path of "/ws/ros_ws/install/robot_msgs/local/lib/python3.10/dist-packages/robot_msgs/robot_msgs_s__rosidl_typesupport_fastrtps_c.cpython-310-x86_64-linux-gnu.so" to ""
[23.921s] -- Installing: /ws/ros_ws/install/robot_msgs/local/lib/python3.10/dist-packages/robot_msgs/robot_msgs_s__rosidl_typesupport_introspection_c.cpython-310-x86_64-linux-gnu.so
[23.922s] -- Set runtime path of "/ws/ros_ws/install/robot_msgs/local/lib/python3.10/dist-packages/robot_msgs/robot_msgs_s__rosidl_typesupport_introspection_c.cpython-310-x86_64-linux-gnu.so" to ""
[23.923s] -- Installing: /ws/ros_ws/install/robot_msgs/local/lib/python3.10/dist-packages/robot_msgs/robot_msgs_s__rosidl_typesupport_c.cpython-310-x86_64-linux-gnu.so
[23.923s] -- Set runtime path of "/ws/ros_ws/install/robot_msgs/local/lib/python3.10/dist-packages/robot_msgs/robot_msgs_s__rosidl_typesupport_c.cpython-310-x86_64-linux-gnu.so" to ""
[23.923s] -- Installing: /ws/ros_ws/install/robot_msgs/lib/librobot_msgs__rosidl_generator_py.so
[23.928s] -- Set runtime path of "/ws/ros_ws/install/robot_msgs/lib/librobot_msgs__rosidl_generator_py.so" to ""
[23.931s] -- Installing: /ws/ros_ws/install/robot_msgs/share/ament_index/resource_index/rust_packages/robot_msgs
[23.931s] -- Installing: /ws/ros_ws/install/robot_msgs/share/robot_msgs/rust
[23.932s] -- Installing: /ws/ros_ws/install/robot_msgs/share/robot_msgs/rust/src
[23.932s] -- Installing: /ws/ros_ws/install/robot_msgs/share/robot_msgs/rust/src/lib.rs
[23.932s] -- Installing: /ws/ros_ws/install/robot_msgs/share/robot_msgs/rust/src/srv.rs
[23.932s] -- Installing: /ws/ros_ws/install/robot_msgs/share/robot_msgs/rust/src/srv
[23.932s] -- Installing: /ws/ros_ws/install/robot_msgs/share/robot_msgs/rust/src/srv/rmw.rs
[23.932s] -- Installing: /ws/ros_ws/install/robot_msgs/share/robot_msgs/rust/src/action
[23.932s] -- Installing: /ws/ros_ws/install/robot_msgs/share/robot_msgs/rust/src/action/rmw.rs
[23.932s] -- Installing: /ws/ros_ws/install/robot_msgs/share/robot_msgs/rust/src/action.rs
[23.932s] -- Installing: /ws/ros_ws/install/robot_msgs/share/robot_msgs/rust/build.rs
[23.933s] -- Installing: /ws/ros_ws/install/robot_msgs/share/robot_msgs/rust/Cargo.toml
[23.933s] -- Installing: /ws/ros_ws/install/robot_msgs/share/robot_msgs/srv/DetectObject.idl
[23.933s] -- Installing: /ws/ros_ws/install/robot_msgs/share/robot_msgs/srv/FindPerson.idl
[23.933s] -- Installing: /ws/ros_ws/install/robot_msgs/share/robot_msgs/srv/EnrollOwner.idl
[23.933s] -- Installing: /ws/ros_ws/install/robot_msgs/share/robot_msgs/action/PickBottle.idl
[23.935s] -- Installing: /ws/ros_ws/install/robot_msgs/share/robot_msgs/action/HandOver.idl
[23.938s] -- Installing: /ws/ros_ws/install/robot_msgs/share/robot_msgs/srv/DetectObject.srv
[23.938s] -- Installing: /ws/ros_ws/install/robot_msgs/share/robot_msgs/srv/DetectObject_Request.msg
[23.938s] -- Installing: /ws/ros_ws/install/robot_msgs/share/robot_msgs/srv/DetectObject_Response.msg
[23.939s] -- Installing: /ws/ros_ws/install/robot_msgs/share/robot_msgs/srv/FindPerson.srv
[23.939s] -- Installing: /ws/ros_ws/install/robot_msgs/share/robot_msgs/srv/FindPerson_Request.msg
[23.939s] -- Installing: /ws/ros_ws/install/robot_msgs/share/robot_msgs/srv/FindPerson_Response.msg
[23.939s] -- Installing: /ws/ros_ws/install/robot_msgs/share/robot_msgs/srv/EnrollOwner.srv
[23.939s] -- Installing: /ws/ros_ws/install/robot_msgs/share/robot_msgs/srv/EnrollOwner_Request.msg
[23.940s] -- Installing: /ws/ros_ws/install/robot_msgs/share/robot_msgs/srv/EnrollOwner_Response.msg
[23.940s] -- Installing: /ws/ros_ws/install/robot_msgs/share/robot_msgs/action/PickBottle.action
[23.940s] -- Installing: /ws/ros_ws/install/robot_msgs/share/robot_msgs/action/HandOver.action
[23.940s] -- Installing: /ws/ros_ws/install/robot_msgs/share/ament_index/resource_index/package_run_dependencies/robot_msgs
[23.940s] -- Installing: /ws/ros_ws/install/robot_msgs/share/ament_index/resource_index/parent_prefix_path/robot_msgs
[23.940s] -- Installing: /ws/ros_ws/install/robot_msgs/share/robot_msgs/environment/ament_prefix_path.sh
[23.941s] -- Installing: /ws/ros_ws/install/robot_msgs/share/robot_msgs/environment/ament_prefix_path.dsv
[23.941s] -- Installing: /ws/ros_ws/install/robot_msgs/share/robot_msgs/environment/path.sh
[23.941s] -- Installing: /ws/ros_ws/install/robot_msgs/share/robot_msgs/environment/path.dsv
[23.941s] -- Installing: /ws/ros_ws/install/robot_msgs/share/robot_msgs/local_setup.bash
[23.941s] -- Installing: /ws/ros_ws/install/robot_msgs/share/robot_msgs/local_setup.sh
[23.943s] -- Installing: /ws/ros_ws/install/robot_msgs/share/robot_msgs/local_setup.zsh
[23.945s] -- Installing: /ws/ros_ws/install/robot_msgs/share/robot_msgs/local_setup.dsv
[23.945s] -- Installing: /ws/ros_ws/install/robot_msgs/share/robot_msgs/package.dsv
[23.945s] -- Installing: /ws/ros_ws/install/robot_msgs/share/ament_index/resource_index/packages/robot_msgs
[23.945s] -- Installing: /ws/ros_ws/install/robot_msgs/share/robot_msgs/cmake/export_robot_msgs__rosidl_generator_cExport.cmake
[23.945s] -- Installing: /ws/ros_ws/install/robot_msgs/share/robot_msgs/cmake/export_robot_msgs__rosidl_generator_cExport-noconfig.cmake
[23.945s] -- Installing: /ws/ros_ws/install/robot_msgs/share/robot_msgs/cmake/export_robot_msgs__rosidl_typesupport_fastrtps_cExport.cmake
[23.945s] -- Installing: /ws/ros_ws/install/robot_msgs/share/robot_msgs/cmake/export_robot_msgs__rosidl_typesupport_fastrtps_cExport-noconfig.cmake
[23.946s] -- Installing: /ws/ros_ws/install/robot_msgs/share/robot_msgs/cmake/robot_msgs__rosidl_typesupport_introspection_cExport.cmake
[23.946s] -- Installing: /ws/ros_ws/install/robot_msgs/share/robot_msgs/cmake/robot_msgs__rosidl_typesupport_introspection_cExport-noconfig.cmake
[23.946s] -- Installing: /ws/ros_ws/install/robot_msgs/share/robot_msgs/cmake/robot_msgs__rosidl_typesupport_cExport.cmake
[23.946s] -- Installing: /ws/ros_ws/install/robot_msgs/share/robot_msgs/cmake/robot_msgs__rosidl_typesupport_cExport-noconfig.cmake
[23.946s] -- Installing: /ws/ros_ws/install/robot_msgs/share/robot_msgs/cmake/export_robot_msgs__rosidl_generator_cppExport.cmake
[23.946s] -- Installing: /ws/ros_ws/install/robot_msgs/share/robot_msgs/cmake/export_robot_msgs__rosidl_typesupport_fastrtps_cppExport.cmake
[23.947s] -- Installing: /ws/ros_ws/install/robot_msgs/share/robot_msgs/cmake/export_robot_msgs__rosidl_typesupport_fastrtps_cppExport-noconfig.cmake
[23.948s] -- Installing: /ws/ros_ws/install/robot_msgs/share/robot_msgs/cmake/robot_msgs__rosidl_typesupport_introspection_cppExport.cmake
[23.948s] -- Installing: /ws/ros_ws/install/robot_msgs/share/robot_msgs/cmake/robot_msgs__rosidl_typesupport_introspection_cppExport-noconfig.cmake
[23.948s] -- Installing: /ws/ros_ws/install/robot_msgs/share/robot_msgs/cmake/robot_msgs__rosidl_typesupport_cppExport.cmake
[23.948s] -- Installing: /ws/ros_ws/install/robot_msgs/share/robot_msgs/cmake/robot_msgs__rosidl_typesupport_cppExport-noconfig.cmake
[23.952s] -- Installing: /ws/ros_ws/install/robot_msgs/share/robot_msgs/cmake/export_robot_msgs__rosidl_generator_pyExport.cmake
[23.952s] -- Installing: /ws/ros_ws/install/robot_msgs/share/robot_msgs/cmake/export_robot_msgs__rosidl_generator_pyExport-noconfig.cmake
[23.952s] -- Installing: /ws/ros_ws/install/robot_msgs/share/robot_msgs/cmake/rosidl_cmake-extras.cmake
[23.952s] -- Installing: /ws/ros_ws/install/robot_msgs/share/robot_msgs/cmake/ament_cmake_export_dependencies-extras.cmake
[23.953s] -- Installing: /ws/ros_ws/install/robot_msgs/share/robot_msgs/cmake/ament_cmake_export_include_directories-extras.cmake
[23.953s] -- Installing: /ws/ros_ws/install/robot_msgs/share/robot_msgs/cmake/ament_cmake_export_libraries-extras.cmake
[23.953s] -- Installing: /ws/ros_ws/install/robot_msgs/share/robot_msgs/cmake/ament_cmake_export_targets-extras.cmake
[23.953s] -- Installing: /ws/ros_ws/install/robot_msgs/share/robot_msgs/cmake/rosidl_cmake_export_typesupport_targets-extras.cmake
[23.953s] -- Installing: /ws/ros_ws/install/robot_msgs/share/robot_msgs/cmake/rosidl_cmake_export_typesupport_libraries-extras.cmake
[23.953s] -- Installing: /ws/ros_ws/install/robot_msgs/share/robot_msgs/cmake/robot_msgsConfig.cmake
[23.953s] -- Installing: /ws/ros_ws/install/robot_msgs/share/robot_msgs/cmake/robot_msgsConfig-version.cmake
[23.953s] -- Installing: /ws/ros_ws/install/robot_msgs/share/robot_msgs/package.xml
[23.956s] Invoked command in '/ws/ros_ws/build/robot_msgs' returned '0': /usr/bin/cmake --install /ws/ros_ws/build/robot_msgs
