Consolidate compiler generated dependencies of target gtest_main
Consolidate compiler generated dependencies of target gtest
Consolidate compiler generated dependencies of target nav_server_node
[ 20%] Built target gtest_main
[ 40%] Built target gtest
[ 50%] Building CXX object CMakeFiles/nav_server_node.dir/src/nav_server_node.cpp.o
[ 60%] Building CXX object CMakeFiles/nav_server_node.dir/src/location_manager.cpp.o
Consolidate compiler generated dependencies of target test_location_manager
[ 70%] Building CXX object CMakeFiles/test_location_manager.dir/src/location_manager.cpp.o
[ 80%] Building CXX object CMakeFiles/test_location_manager.dir/test/test_location_manager.cpp.o
[ 90%] Linking CXX executable test_location_manager
[ 90%] Built target test_location_manager
[100%] Linking CXX executable nav_server_node
[100%] Built target nav_server_node
-- Install configuration: ""
-- Installing: /ws/ros_ws/install/robot_nav/lib/robot_nav/nav_server_node
-- Set runtime path of "/ws/ros_ws/install/robot_nav/lib/robot_nav/nav_server_node" to ""
-- Up-to-date: /ws/ros_ws/install/robot_nav/include
-- Up-to-date: /ws/ros_ws/install/robot_nav/include/robot_nav
-- Installing: /ws/ros_ws/install/robot_nav/include/robot_nav/location_manager.hpp
-- Up-to-date: /ws/ros_ws/install/robot_nav/share/ament_index/resource_index/package_run_dependencies/robot_nav
-- Up-to-date: /ws/ros_ws/install/robot_nav/share/ament_index/resource_index/parent_prefix_path/robot_nav
-- Up-to-date: /ws/ros_ws/install/robot_nav/share/robot_nav/environment/ament_prefix_path.sh
-- Up-to-date: /ws/ros_ws/install/robot_nav/share/robot_nav/environment/ament_prefix_path.dsv
-- Up-to-date: /ws/ros_ws/install/robot_nav/share/robot_nav/environment/path.sh
-- Up-to-date: /ws/ros_ws/install/robot_nav/share/robot_nav/environment/path.dsv
-- Up-to-date: /ws/ros_ws/install/robot_nav/share/robot_nav/local_setup.bash
-- Up-to-date: /ws/ros_ws/install/robot_nav/share/robot_nav/local_setup.sh
-- Up-to-date: /ws/ros_ws/install/robot_nav/share/robot_nav/local_setup.zsh
-- Up-to-date: /ws/ros_ws/install/robot_nav/share/robot_nav/local_setup.dsv
-- Installing: /ws/ros_ws/install/robot_nav/share/robot_nav/package.dsv
-- Up-to-date: /ws/ros_ws/install/robot_nav/share/ament_index/resource_index/packages/robot_nav
-- Up-to-date: /ws/ros_ws/install/robot_nav/share/robot_nav/cmake/robot_navConfig.cmake
-- Up-to-date: /ws/ros_ws/install/robot_nav/share/robot_nav/cmake/robot_navConfig-version.cmake
-- Up-to-date: /ws/ros_ws/install/robot_nav/share/robot_nav/package.xml
