[0.017s] Invoking command in '/ws/ros_ws/build/robot_nlu': CMAKE_PREFIX_PATH=/opt/ros/humble /usr/bin/cmake /ws/ros_ws/src/robot_nlu -DCMAKE_INSTALL_PREFIX=/ws/ros_ws/install/robot_nlu
[0.221s] -- The C compiler identification is GNU 11.4.0
[0.369s] -- The CXX compiler identification is GNU 11.4.0
[0.381s] -- Detecting C compiler ABI info
[0.597s] -- Detecting C compiler ABI info - done
[0.616s] -- Check for working C compiler: /usr/bin/cc - skipped
[0.618s] -- Detecting C compile features
[0.618s] -- Detecting C compile features - done
[0.630s] -- Detecting CXX compiler ABI info
[0.867s] -- Detecting CXX compiler ABI info - done
[0.877s] -- Check for working CXX compiler: /usr/bin/c++ - skipped
[0.880s] -- Detecting CXX compile features
[0.881s] -- Detecting CXX compile features - done
[0.884s] -- Found ament_cmake: 1.3.14 (/opt/ros/humble/share/ament_cmake/cmake)
[1.261s] -- Found Python3: /usr/bin/python3 (found version "3.10.12") found components: Interpreter 
[1.420s] -- Found rclcpp: 16.0.19 (/opt/ros/humble/share/rclcpp/cmake)
[1.472s] -- Found rosidl_generator_c: 3.1.8 (/opt/ros/humble/share/rosidl_generator_c/cmake)
[1.481s] -- Found rosidl_adapter: 3.1.8 (/opt/ros/humble/share/rosidl_adapter/cmake)
[1.493s] -- Found rosidl_generator_cpp: 3.1.8 (/opt/ros/humble/share/rosidl_generator_cpp/cmake)
[1.512s] -- Using all available rosidl_typesupport_c: rosidl_typesupport_fastrtps_c;rosidl_typesupport_introspection_c
[1.567s] -- Using all available rosidl_typesupport_cpp: rosidl_typesupport_fastrtps_cpp;rosidl_typesupport_introspection_cpp
[1.698s] -- Found rmw_implementation_cmake: 6.1.2 (/opt/ros/humble/share/rmw_implementation_cmake/cmake)
[1.705s] -- Found rmw_fastrtps_cpp: 6.2.10 (/opt/ros/humble/share/rmw_fastrtps_cpp/cmake)
[1.982s] -- Found OpenSSL: /usr/lib/x86_64-linux-gnu/libcrypto.so (found version "3.0.2")  
[2.038s] -- Found FastRTPS: /opt/ros/humble/include  
[2.156s] -- Using RMW implementation 'rmw_fastrtps_cpp' as default
[2.167s] -- Looking for pthread.h
[2.382s] -- Looking for pthread.h - found
[2.383s] -- Performing Test CMAKE_HAVE_LIBC_PTHREAD
[2.477s] -- Performing Test CMAKE_HAVE_LIBC_PTHREAD - Success
[2.482s] -- Found Threads: TRUE  
[2.548s] -- Found ament_cmake_gtest: 1.3.14 (/opt/ros/humble/share/ament_cmake_gtest/cmake)
[2.553s] -- Found gtest sources under '/opt/ros/humble/src/gtest_vendor': C++ tests using 'Google Test' will be built
[2.563s] -- Found ament_lint_auto: 0.12.15 (/opt/ros/humble/share/ament_lint_auto/cmake)
[2.705s] -- Added test 'copyright' to check source files copyright and LICENSE
[2.708s] -- Added test 'cppcheck' to perform static code analysis on C / C++ code
[2.714s] -- Configured cppcheck include dirs: /ws/ros_ws/src/robot_nlu/include
[2.715s] -- Configured cppcheck exclude dirs and/or files: 
[2.715s] -- Added test 'cpplint' to check C / C++ code against the Google style
[2.715s] -- Configured cpplint exclude dirs and/or files: 
[2.718s] -- Added test 'lint_cmake' to check CMake code style
[2.723s] -- Added test 'uncrustify' to check C / C++ code style
[2.723s] -- Configured uncrustify additional arguments: 
[2.725s] -- Added test 'xmllint' to check XML markup files
[2.731s] -- Configuring done
[2.774s] -- Generating done
[2.780s] -- Build files have been written to: /ws/ros_ws/build/robot_nlu
[2.795s] Invoked command in '/ws/ros_ws/build/robot_nlu' returned '0': CMAKE_PREFIX_PATH=/opt/ros/humble /usr/bin/cmake /ws/ros_ws/src/robot_nlu -DCMAKE_INSTALL_PREFIX=/ws/ros_ws/install/robot_nlu
[2.796s] Invoking command in '/ws/ros_ws/build/robot_nlu': CMAKE_PREFIX_PATH=/opt/ros/humble /usr/bin/cmake --build /ws/ros_ws/build/robot_nlu -- -j4 -l4
[2.929s] [ 10%] Building CXX object gtest/CMakeFiles/gtest.dir/src/gtest-all.cc.o
[2.929s] [ 20%] Building CXX object CMakeFiles/nlu_parser.dir/src/nlu_parser.cpp.o
[2.937s] [ 30%] Building CXX object gtest/CMakeFiles/gtest_main.dir/src/gtest_main.cc.o
[3.868s] [ 40%] Linking CXX static library libnlu_parser.a
[3.982s] [ 40%] Built target nlu_parser
[4.067s] [ 50%] Building CXX object CMakeFiles/nlu_node.dir/src/nlu_node.cpp.o
[4.360s] [ 60%] Linking CXX static library libgtest_main.a
[4.598s] [ 60%] Built target gtest_main
[7.558s] [ 70%] Linking CXX static library libgtest.a
[7.701s] [ 70%] Built target gtest
[7.757s] [ 80%] Building CXX object CMakeFiles/test_nlu_parser.dir/test/test_nlu_parser.cpp.o
[9.099s] [ 90%] Linking CXX executable test_nlu_parser
[9.462s] [ 90%] Built target test_nlu_parser
[15.329s] [100%] Linking CXX executable nlu_node
[15.800s] [100%] Built target nlu_node
[15.815s] Invoked command in '/ws/ros_ws/build/robot_nlu' returned '0': CMAKE_PREFIX_PATH=/opt/ros/humble /usr/bin/cmake --build /ws/ros_ws/build/robot_nlu -- -j4 -l4
[15.816s] Invoking command in '/ws/ros_ws/build/robot_nlu': CMAKE_PREFIX_PATH=/opt/ros/humble /usr/bin/cmake --install /ws/ros_ws/build/robot_nlu
[15.827s] -- Install configuration: ""
[15.827s] -- Installing: /ws/ros_ws/install/robot_nlu/lib/robot_nlu/nlu_node
[15.832s] -- Set runtime path of "/ws/ros_ws/install/robot_nlu/lib/robot_nlu/nlu_node" to ""
[15.832s] -- Installing: /ws/ros_ws/install/robot_nlu/lib/robot_nlu/libnlu_parser.a
[15.833s] -- Installing: /ws/ros_ws/install/robot_nlu/include
[15.833s] -- Installing: /ws/ros_ws/install/robot_nlu/include/robot_nlu
[15.833s] -- Installing: /ws/ros_ws/install/robot_nlu/include/robot_nlu/nlu_parser.hpp
[15.834s] -- Installing: /ws/ros_ws/install/robot_nlu/share/ament_index/resource_index/package_run_dependencies/robot_nlu
[15.834s] -- Installing: /ws/ros_ws/install/robot_nlu/share/ament_index/resource_index/parent_prefix_path/robot_nlu
[15.835s] -- Installing: /ws/ros_ws/install/robot_nlu/share/robot_nlu/environment/ament_prefix_path.sh
[15.838s] -- Installing: /ws/ros_ws/install/robot_nlu/share/robot_nlu/environment/ament_prefix_path.dsv
[15.838s] -- Installing: /ws/ros_ws/install/robot_nlu/share/robot_nlu/environment/path.sh
[15.838s] -- Installing: /ws/ros_ws/install/robot_nlu/share/robot_nlu/environment/path.dsv
[15.838s] -- Installing: /ws/ros_ws/install/robot_nlu/share/robot_nlu/local_setup.bash
[15.839s] -- Installing: /ws/ros_ws/install/robot_nlu/share/robot_nlu/local_setup.sh
[15.839s] -- Installing: /ws/ros_ws/install/robot_nlu/share/robot_nlu/local_setup.zsh
[15.839s] -- Installing: /ws/ros_ws/install/robot_nlu/share/robot_nlu/local_setup.dsv
[15.839s] -- Installing: /ws/ros_ws/install/robot_nlu/share/robot_nlu/package.dsv
[15.839s] -- Installing: /ws/ros_ws/install/robot_nlu/share/ament_index/resource_index/packages/robot_nlu
[15.839s] -- Installing: /ws/ros_ws/install/robot_nlu/share/robot_nlu/cmake/robot_nluConfig.cmake
[15.839s] -- Installing: /ws/ros_ws/install/robot_nlu/share/robot_nlu/cmake/robot_nluConfig-version.cmake
[15.839s] -- Installing: /ws/ros_ws/install/robot_nlu/share/robot_nlu/package.xml
[15.841s] Invoked command in '/ws/ros_ws/build/robot_nlu' returned '0': CMAKE_PREFIX_PATH=/opt/ros/humble /usr/bin/cmake --install /ws/ros_ws/build/robot_nlu
