-- The C compiler identification is GNU 11.4.0
-- The CXX compiler identification is GNU 11.4.0
-- Detecting C compiler ABI info
-- Detecting C compiler ABI info - done
-- Check for working C compiler: /usr/bin/cc - skipped
-- Detecting C compile features
-- Detecting C compile features - done
-- Detecting CXX compiler ABI info
-- Detecting CXX compiler ABI info - done
-- Check for working CXX compiler: /usr/bin/c++ - skipped
-- Detecting CXX compile features
-- Detecting CXX compile features - done
-- Found ament_cmake: 1.3.14 (/opt/ros/humble/share/ament_cmake/cmake)
-- Found Python3: /usr/bin/python3 (found version "3.10.12") found components: Interpreter 
-- Found rclcpp: 16.0.19 (/opt/ros/humble/share/rclcpp/cmake)
-- Found rosidl_generator_c: 3.1.8 (/opt/ros/humble/share/rosidl_generator_c/cmake)
-- Found rosidl_adapter: 3.1.8 (/opt/ros/humble/share/rosidl_adapter/cmake)
-- Found rosidl_generator_cpp: 3.1.8 (/opt/ros/humble/share/rosidl_generator_cpp/cmake)
-- Using all available rosidl_typesupport_c: rosidl_typesupport_fastrtps_c;rosidl_typesupport_introspection_c
-- Using all available rosidl_typesupport_cpp: rosidl_typesupport_fastrtps_cpp;rosidl_typesupport_introspection_cpp
-- Found rmw_implementation_cmake: 6.1.2 (/opt/ros/humble/share/rmw_implementation_cmake/cmake)
-- Found rmw_fastrtps_cpp: 6.2.10 (/opt/ros/humble/share/rmw_fastrtps_cpp/cmake)
-- Found OpenSSL: /usr/lib/x86_64-linux-gnu/libcrypto.so (found version "3.0.2")  
-- Found FastRTPS: /opt/ros/humble/include  
-- Using RMW implementation 'rmw_fastrtps_cpp' as default
-- Looking for pthread.h
-- Looking for pthread.h - found
-- Performing Test CMAKE_HAVE_LIBC_PTHREAD
-- Performing Test CMAKE_HAVE_LIBC_PTHREAD - Success
-- Found Threads: TRUE  
-- Found ament_lint_auto: 0.12.15 (/opt/ros/humble/share/ament_lint_auto/cmake)
-- Added test 'copyright' to check source files copyright and LICENSE
-- Added test 'cppcheck' to perform static code analysis on C / C++ code
-- Configured cppcheck include dirs: 
-- Configured cppcheck exclude dirs and/or files: 
-- Added test 'cpplint' to check C / C++ code against the Google style
-- Configured cpplint exclude dirs and/or files: 
-- Added test 'lint_cmake' to check CMake code style
-- Added test 'uncrustify' to check C / C++ code style
-- Configured uncrustify additional arguments: 
-- Added test 'xmllint' to check XML markup files
-- Configuring done
-- Generating done
-- Build files have been written to: /ws/ros_ws/build/robot_voice
[ 50%] Building CXX object CMakeFiles/voice_bridge_node.dir/src/voice_bridge_node.cpp.o
[100%] Linking CXX executable voice_bridge_node
[100%] Built target voice_bridge_node
-- Install configuration: ""
-- Installing: /ws/ros_ws/install/robot_voice/lib/robot_voice/voice_bridge_node
-- Set runtime path of "/ws/ros_ws/install/robot_voice/lib/robot_voice/voice_bridge_node" to ""
-- Installing: /ws/ros_ws/install/robot_voice/share/ament_index/resource_index/package_run_dependencies/robot_voice
-- Installing: /ws/ros_ws/install/robot_voice/share/ament_index/resource_index/parent_prefix_path/robot_voice
-- Installing: /ws/ros_ws/install/robot_voice/share/robot_voice/environment/ament_prefix_path.sh
-- Installing: /ws/ros_ws/install/robot_voice/share/robot_voice/environment/ament_prefix_path.dsv
-- Installing: /ws/ros_ws/install/robot_voice/share/robot_voice/environment/path.sh
-- Installing: /ws/ros_ws/install/robot_voice/share/robot_voice/environment/path.dsv
-- Installing: /ws/ros_ws/install/robot_voice/share/robot_voice/local_setup.bash
-- Installing: /ws/ros_ws/install/robot_voice/share/robot_voice/local_setup.sh
-- Installing: /ws/ros_ws/install/robot_voice/share/robot_voice/local_setup.zsh
-- Installing: /ws/ros_ws/install/robot_voice/share/robot_voice/local_setup.dsv
-- Installing: /ws/ros_ws/install/robot_voice/share/robot_voice/package.dsv
-- Installing: /ws/ros_ws/install/robot_voice/share/ament_index/resource_index/packages/robot_voice
-- Installing: /ws/ros_ws/install/robot_voice/share/robot_voice/cmake/robot_voiceConfig.cmake
-- Installing: /ws/ros_ws/install/robot_voice/share/robot_voice/cmake/robot_voiceConfig-version.cmake
-- Installing: /ws/ros_ws/install/robot_voice/share/robot_voice/package.xml
