[0.009s] Invoking command in '/ws/ros_ws/build/robot_voice': CMAKE_PREFIX_PATH=/opt/ros/humble /usr/bin/cmake /ws/ros_ws/src/robot_voice -DCMAKE_INSTALL_PREFIX=/ws/ros_ws/install/robot_voice
[0.081s] -- The C compiler identification is GNU 11.4.0
[0.421s] -- The CXX compiler identification is GNU 11.4.0
[0.434s] -- Detecting C compiler ABI info
[0.523s] -- Detecting C compiler ABI info - done
[0.531s] -- Check for working C compiler: /usr/bin/cc - skipped
[0.533s] -- Detecting C compile features
[0.533s] -- Detecting C compile features - done
[0.538s] -- Detecting CXX compiler ABI info
[0.653s] -- Detecting CXX compiler ABI info - done
[0.662s] -- Check for working CXX compiler: /usr/bin/c++ - skipped
[0.665s] -- Detecting CXX compile features
[0.665s] -- Detecting CXX compile features - done
[0.667s] -- Found ament_cmake: 1.3.14 (/opt/ros/humble/share/ament_cmake/cmake)
[0.832s] -- Found Python3: /usr/bin/python3 (found version "3.10.12") found components: Interpreter 
[0.957s] -- Found rclcpp: 16.0.19 (/opt/ros/humble/share/rclcpp/cmake)
[1.004s] -- Found rosidl_generator_c: 3.1.8 (/opt/ros/humble/share/rosidl_generator_c/cmake)
[1.011s] -- Found rosidl_adapter: 3.1.8 (/opt/ros/humble/share/rosidl_adapter/cmake)
[1.023s] -- Found rosidl_generator_cpp: 3.1.8 (/opt/ros/humble/share/rosidl_generator_cpp/cmake)
[1.041s] -- Using all available rosidl_typesupport_c: rosidl_typesupport_fastrtps_c;rosidl_typesupport_introspection_c
[1.065s] -- Using all available rosidl_typesupport_cpp: rosidl_typesupport_fastrtps_cpp;rosidl_typesupport_introspection_cpp
[1.120s] -- Found rmw_implementation_cmake: 6.1.2 (/opt/ros/humble/share/rmw_implementation_cmake/cmake)
[1.124s] -- Found rmw_fastrtps_cpp: 6.2.10 (/opt/ros/humble/share/rmw_fastrtps_cpp/cmake)
[1.228s] -- Found OpenSSL: /usr/lib/x86_64-linux-gnu/libcrypto.so (found version "3.0.2")  
[1.253s] -- Found FastRTPS: /opt/ros/humble/include  
[1.294s] -- Using RMW implementation 'rmw_fastrtps_cpp' as default
[1.307s] -- Looking for pthread.h
[1.410s] -- Looking for pthread.h - found
[1.412s] -- Performing Test CMAKE_HAVE_LIBC_PTHREAD
[1.511s] -- Performing Test CMAKE_HAVE_LIBC_PTHREAD - Success
[1.514s] -- Found Threads: TRUE  
[1.579s] -- Found ament_lint_auto: 0.12.15 (/opt/ros/humble/share/ament_lint_auto/cmake)
[1.689s] -- Added test 'copyright' to check source files copyright and LICENSE
[1.693s] -- Added test 'cppcheck' to perform static code analysis on C / C++ code
[1.693s] -- Configured cppcheck include dirs: 
[1.693s] -- Configured cppcheck exclude dirs and/or files: 
[1.697s] -- Added test 'cpplint' to check C / C++ code against the Google style
[1.697s] -- Configured cpplint exclude dirs and/or files: 
[1.697s] -- Added test 'lint_cmake' to check CMake code style
[1.698s] -- Added test 'uncrustify' to check C / C++ code style
[1.699s] -- Configured uncrustify additional arguments: 
[1.701s] -- Added test 'xmllint' to check XML markup files
[1.707s] -- Configuring done
[1.718s] -- Generating done
[1.724s] -- Build files have been written to: /ws/ros_ws/build/robot_voice
[1.743s] Invoked command in '/ws/ros_ws/build/robot_voice' returned '0': CMAKE_PREFIX_PATH=/opt/ros/humble /usr/bin/cmake /ws/ros_ws/src/robot_voice -DCMAKE_INSTALL_PREFIX=/ws/ros_ws/install/robot_voice
[1.744s] Invoking command in '/ws/ros_ws/build/robot_voice': CMAKE_PREFIX_PATH=/opt/ros/humble /usr/bin/cmake --build /ws/ros_ws/build/robot_voice -- -j4 -l4
[1.814s] [ 50%] Building CXX object CMakeFiles/voice_bridge_node.dir/src/voice_bridge_node.cpp.o
[13.792s] [100%] Linking CXX executable voice_bridge_node
[14.410s] [100%] Built target voice_bridge_node
[14.410s] Invoked command in '/ws/ros_ws/build/robot_voice' returned '0': CMAKE_PREFIX_PATH=/opt/ros/humble /usr/bin/cmake --build /ws/ros_ws/build/robot_voice -- -j4 -l4
[14.411s] Invoking command in '/ws/ros_ws/build/robot_voice': CMAKE_PREFIX_PATH=/opt/ros/humble /usr/bin/cmake --install /ws/ros_ws/build/robot_voice
[14.419s] -- Install configuration: ""
[14.420s] -- Installing: /ws/ros_ws/install/robot_voice/lib/robot_voice/voice_bridge_node
[14.423s] -- Set runtime path of "/ws/ros_ws/install/robot_voice/lib/robot_voice/voice_bridge_node" to ""
[14.424s] -- Installing: /ws/ros_ws/install/robot_voice/share/ament_index/resource_index/package_run_dependencies/robot_voice
[14.425s] -- Installing: /ws/ros_ws/install/robot_voice/share/ament_index/resource_index/parent_prefix_path/robot_voice
[14.427s] -- Installing: /ws/ros_ws/install/robot_voice/share/robot_voice/environment/ament_prefix_path.sh
[14.427s] -- Installing: /ws/ros_ws/install/robot_voice/share/robot_voice/environment/ament_prefix_path.dsv
[14.427s] -- Installing: /ws/ros_ws/install/robot_voice/share/robot_voice/environment/path.sh
[14.428s] -- Installing: /ws/ros_ws/install/robot_voice/share/robot_voice/environment/path.dsv
[14.428s] -- Installing: /ws/ros_ws/install/robot_voice/share/robot_voice/local_setup.bash
[14.428s] -- Installing: /ws/ros_ws/install/robot_voice/share/robot_voice/local_setup.sh
[14.429s] -- Installing: /ws/ros_ws/install/robot_voice/share/robot_voice/local_setup.zsh
[14.430s] -- Installing: /ws/ros_ws/install/robot_voice/share/robot_voice/local_setup.dsv
[14.430s] -- Installing: /ws/ros_ws/install/robot_voice/share/robot_voice/package.dsv
[14.430s] -- Installing: /ws/ros_ws/install/robot_voice/share/ament_index/resource_index/packages/robot_voice
[14.431s] -- Installing: /ws/ros_ws/install/robot_voice/share/robot_voice/cmake/robot_voiceConfig.cmake
[14.431s] -- Installing: /ws/ros_ws/install/robot_voice/share/robot_voice/cmake/robot_voiceConfig-version.cmake
[14.431s] -- Installing: /ws/ros_ws/install/robot_voice/share/robot_voice/package.xml
[14.432s] Invoked command in '/ws/ros_ws/build/robot_voice' returned '0': CMAKE_PREFIX_PATH=/opt/ros/humble /usr/bin/cmake --install /ws/ros_ws/build/robot_voice
