[0.014s] Invoking command in '/ws/ros_ws/build/robot_executor': CMAKE_PREFIX_PATH=/opt/ros/humble:/ws/ros_ws/install/robot_msgs LD_LIBRARY_PATH=/ws/ros_ws/install/robot_msgs/lib:${LD_LIBRARY_PATH} PKG_CONFIG_PATH=/ws/ros_ws/install/robot_msgs/lib/x86_64-linux-gnu/pkgconfig:/ws/ros_ws/install/robot_msgs/lib/pkgconfig PYTHONPATH=/ws/ros_ws/install/robot_msgs/local/lib/python3.10/dist-packages:${PYTHONPATH} ROS_PACKAGE_PATH=/ws/ros_ws/install/robot_msgs/share /usr/bin/cmake --build /ws/ros_ws/build/robot_executor -- -j4 -l4
[0.276s] Consolidate compiler generated dependencies of target executor_node
[0.277s] [100%] Built target executor_node
[0.277s] Invoked command in '/ws/ros_ws/build/robot_executor' returned '0': CMAKE_PREFIX_PATH=/opt/ros/humble:/ws/ros_ws/install/robot_msgs LD_LIBRARY_PATH=/ws/ros_ws/install/robot_msgs/lib:${LD_LIBRARY_PATH} PKG_CONFIG_PATH=/ws/ros_ws/install/robot_msgs/lib/x86_64-linux-gnu/pkgconfig:/ws/ros_ws/install/robot_msgs/lib/pkgconfig PYTHONPATH=/ws/ros_ws/install/robot_msgs/local/lib/python3.10/dist-packages:${PYTHONPATH} ROS_PACKAGE_PATH=/ws/ros_ws/install/robot_msgs/share /usr/bin/cmake --build /ws/ros_ws/build/robot_executor -- -j4 -l4
[0.279s] Invoking command in '/ws/ros_ws/build/robot_executor': CMAKE_PREFIX_PATH=/opt/ros/humble:/ws/ros_ws/install/robot_msgs LD_LIBRARY_PATH=/ws/ros_ws/install/robot_msgs/lib:${LD_LIBRARY_PATH} PKG_CONFIG_PATH=/ws/ros_ws/install/robot_msgs/lib/x86_64-linux-gnu/pkgconfig:/ws/ros_ws/install/robot_msgs/lib/pkgconfig PYTHONPATH=/ws/ros_ws/install/robot_msgs/local/lib/python3.10/dist-packages:${PYTHONPATH} ROS_PACKAGE_PATH=/ws/ros_ws/install/robot_msgs/share /usr/bin/cmake --install /ws/ros_ws/build/robot_executor
[0.288s] -- Install configuration: ""
[0.289s] -- Up-to-date: /ws/ros_ws/install/robot_executor/lib/robot_executor/executor_node
[0.289s] -- Up-to-date: /ws/ros_ws/install/robot_executor/share/ament_index/resource_index/package_run_dependencies/robot_executor
[0.289s] -- Up-to-date: /ws/ros_ws/install/robot_executor/share/ament_index/resource_index/parent_prefix_path/robot_executor
[0.290s] -- Up-to-date: /ws/ros_ws/install/robot_executor/share/robot_executor/environment/ament_prefix_path.sh
[0.290s] -- Up-to-date: /ws/ros_ws/install/robot_executor/share/robot_executor/environment/ament_prefix_path.dsv
[0.290s] -- Up-to-date: /ws/ros_ws/install/robot_executor/share/robot_executor/environment/path.sh
[0.291s] -- Up-to-date: /ws/ros_ws/install/robot_executor/share/robot_executor/environment/path.dsv
[0.291s] -- Up-to-date: /ws/ros_ws/install/robot_executor/share/robot_executor/local_setup.bash
[0.292s] -- Up-to-date: /ws/ros_ws/install/robot_executor/share/robot_executor/local_setup.sh
[0.293s] -- Up-to-date: /ws/ros_ws/install/robot_executor/share/robot_executor/local_setup.zsh
[0.294s] -- Up-to-date: /ws/ros_ws/install/robot_executor/share/robot_executor/local_setup.dsv
[0.295s] -- Installing: /ws/ros_ws/install/robot_executor/share/robot_executor/package.dsv
[0.297s] -- Up-to-date: /ws/ros_ws/install/robot_executor/share/ament_index/resource_index/packages/robot_executor
[0.297s] -- Up-to-date: /ws/ros_ws/install/robot_executor/share/robot_executor/cmake/robot_executorConfig.cmake
[0.297s] -- Up-to-date: /ws/ros_ws/install/robot_executor/share/robot_executor/cmake/robot_executorConfig-version.cmake
[0.297s] -- Up-to-date: /ws/ros_ws/install/robot_executor/share/robot_executor/package.xml
[0.303s] Invoked command in '/ws/ros_ws/build/robot_executor' returned '0': CMAKE_PREFIX_PATH=/opt/ros/humble:/ws/ros_ws/install/robot_msgs LD_LIBRARY_PATH=/ws/ros_ws/install/robot_msgs/lib:${LD_LIBRARY_PATH} PKG_CONFIG_PATH=/ws/ros_ws/install/robot_msgs/lib/x86_64-linux-gnu/pkgconfig:/ws/ros_ws/install/robot_msgs/lib/pkgconfig PYTHONPATH=/ws/ros_ws/install/robot_msgs/local/lib/python3.10/dist-packages:${PYTHONPATH} ROS_PACKAGE_PATH=/ws/ros_ws/install/robot_msgs/share /usr/bin/cmake --install /ws/ros_ws/build/robot_executor
