[0.745s] Invoking command in '/ws/ros_ws/src/robot_perception': CMAKE_PREFIX_PATH=/ws/ros_ws/install/robot_msgs LD_LIBRARY_PATH=/ws/ros_ws/install/robot_msgs/lib:${LD_LIBRARY_PATH} PKG_CONFIG_PATH=/ws/ros_ws/install/robot_msgs/lib/x86_64-linux-gnu/pkgconfig:/ws/ros_ws/install/robot_msgs/lib/pkgconfig PYTHONPATH=/ws/ros_ws/build/robot_perception/prefix_override:/usr/lib/python3/dist-packages/colcon_core/task/python/colcon_distutils_commands:/ws/ros_ws/install/robot_perception/lib/python3.10/site-packages:/ws/ros_ws/install/robot_msgs/local/lib/python3.10/dist-packages:${PYTHONPATH} ROS_PACKAGE_PATH=/ws/ros_ws/install/robot_msgs/share /usr/bin/python3 -W ignore:setup.py install is deprecated -W ignore:easy_install command is deprecated setup.py egg_info --egg-base ../../build/robot_perception build --build-base /ws/ros_ws/build/robot_perception/build install --record /ws/ros_ws/build/robot_perception/install.log --single-version-externally-managed install_data
[0.971s] running egg_info
[0.974s] creating ../../build/robot_perception/robot_perception.egg-info
[0.975s] writing ../../build/robot_perception/robot_perception.egg-info/PKG-INFO
[0.975s] writing dependency_links to ../../build/robot_perception/robot_perception.egg-info/dependency_links.txt
[0.976s] writing entry points to ../../build/robot_perception/robot_perception.egg-info/entry_points.txt
[0.977s] writing requirements to ../../build/robot_perception/robot_perception.egg-info/requires.txt
[0.977s] writing top-level names to ../../build/robot_perception/robot_perception.egg-info/top_level.txt
[0.977s] writing manifest file '../../build/robot_perception/robot_perception.egg-info/SOURCES.txt'
[0.977s] reading manifest file '../../build/robot_perception/robot_perception.egg-info/SOURCES.txt'
[0.978s] writing manifest file '../../build/robot_perception/robot_perception.egg-info/SOURCES.txt'
[0.978s] running build
[0.981s] running build_py
[0.981s] creating /ws/ros_ws/build/robot_perception/build
[0.981s] creating /ws/ros_ws/build/robot_perception/build/lib
[0.982s] creating /ws/ros_ws/build/robot_perception/build/lib/robot_perception
[0.982s] copying robot_perception/perception_node.py -> /ws/ros_ws/build/robot_perception/build/lib/robot_perception
[0.982s] copying robot_perception/__init__.py -> /ws/ros_ws/build/robot_perception/build/lib/robot_perception
[0.982s] running install
[0.982s] running install_lib
[0.982s] creating /ws/ros_ws/install/robot_perception/lib/python3.10/site-packages/robot_perception
[0.982s] copying /ws/ros_ws/build/robot_perception/build/lib/robot_perception/perception_node.py -> /ws/ros_ws/install/robot_perception/lib/python3.10/site-packages/robot_perception
[0.982s] copying /ws/ros_ws/build/robot_perception/build/lib/robot_perception/__init__.py -> /ws/ros_ws/install/robot_perception/lib/python3.10/site-packages/robot_perception
[0.983s] byte-compiling /ws/ros_ws/install/robot_perception/lib/python3.10/site-packages/robot_perception/perception_node.py to perception_node.cpython-310.pyc
[0.984s] byte-compiling /ws/ros_ws/install/robot_perception/lib/python3.10/site-packages/robot_perception/__init__.py to __init__.cpython-310.pyc
[0.984s] running install_data
[0.984s] creating /ws/ros_ws/install/robot_perception/share/ament_index
[0.984s] creating /ws/ros_ws/install/robot_perception/share/ament_index/resource_index
[0.985s] creating /ws/ros_ws/install/robot_perception/share/ament_index/resource_index/packages
[0.985s] copying resource/robot_perception -> /ws/ros_ws/install/robot_perception/share/ament_index/resource_index/packages
[0.985s] copying package.xml -> /ws/ros_ws/install/robot_perception/share/robot_perception
[0.985s] running install_egg_info
[0.989s] Copying ../../build/robot_perception/robot_perception.egg-info to /ws/ros_ws/install/robot_perception/lib/python3.10/site-packages/robot_perception-0.0.1-py3.10.egg-info
[0.992s] running install_scripts
[1.016s] Installing perception_node script to /ws/ros_ws/install/robot_perception/lib/robot_perception
[1.017s] writing list of installed files to '/ws/ros_ws/build/robot_perception/install.log'
[1.070s] Invoked command in '/ws/ros_ws/src/robot_perception' returned '0': CMAKE_PREFIX_PATH=/ws/ros_ws/install/robot_msgs LD_LIBRARY_PATH=/ws/ros_ws/install/robot_msgs/lib:${LD_LIBRARY_PATH} PKG_CONFIG_PATH=/ws/ros_ws/install/robot_msgs/lib/x86_64-linux-gnu/pkgconfig:/ws/ros_ws/install/robot_msgs/lib/pkgconfig PYTHONPATH=/ws/ros_ws/build/robot_perception/prefix_override:/usr/lib/python3/dist-packages/colcon_core/task/python/colcon_distutils_commands:/ws/ros_ws/install/robot_perception/lib/python3.10/site-packages:/ws/ros_ws/install/robot_msgs/local/lib/python3.10/dist-packages:${PYTHONPATH} ROS_PACKAGE_PATH=/ws/ros_ws/install/robot_msgs/share /usr/bin/python3 -W ignore:setup.py install is deprecated -W ignore:easy_install command is deprecated setup.py egg_info --egg-base ../../build/robot_perception build --build-base /ws/ros_ws/build/robot_perception/build install --record /ws/ros_ws/build/robot_perception/install.log --single-version-externally-managed install_data
