[0.020s] Invoking command in '/ws/ros_ws/build/robot_voice': CMAKE_PREFIX_PATH=/opt/ros/humble /usr/bin/cmake --build /ws/ros_ws/build/robot_voice -- -j4 -l4
[0.107s] Consolidate compiler generated dependencies of target voice_bridge_node
[0.129s] [100%] Built target voice_bridge_node
[0.149s] Invoked command in '/ws/ros_ws/build/robot_voice' returned '0': CMAKE_PREFIX_PATH=/opt/ros/humble /usr/bin/cmake --build /ws/ros_ws/build/robot_voice -- -j4 -l4
[0.150s] Invoking command in '/ws/ros_ws/build/robot_voice': CMAKE_PREFIX_PATH=/opt/ros/humble /usr/bin/cmake --install /ws/ros_ws/build/robot_voice
[0.181s] -- Install configuration: ""
[0.181s] -- Up-to-date: /ws/ros_ws/install/robot_voice/lib/robot_voice/voice_bridge_node
[0.181s] -- Up-to-date: /ws/ros_ws/install/robot_voice/share/ament_index/resource_index/package_run_dependencies/robot_voice
[0.181s] -- Up-to-date: /ws/ros_ws/install/robot_voice/share/ament_index/resource_index/parent_prefix_path/robot_voice
[0.182s] -- Up-to-date: /ws/ros_ws/install/robot_voice/share/robot_voice/environment/ament_prefix_path.sh
[0.182s] -- Up-to-date: /ws/ros_ws/install/robot_voice/share/robot_voice/environment/ament_prefix_path.dsv
[0.182s] -- Up-to-date: /ws/ros_ws/install/robot_voice/share/robot_voice/environment/path.sh
[0.182s] -- Up-to-date: /ws/ros_ws/install/robot_voice/share/robot_voice/environment/path.dsv
[0.182s] -- Up-to-date: /ws/ros_ws/install/robot_voice/share/robot_voice/local_setup.bash
[0.182s] -- Up-to-date: /ws/ros_ws/install/robot_voice/share/robot_voice/local_setup.sh
[0.182s] -- Up-to-date: /ws/ros_ws/install/robot_voice/share/robot_voice/local_setup.zsh
[0.183s] -- Up-to-date: /ws/ros_ws/install/robot_voice/share/robot_voice/local_setup.dsv
[0.183s] -- Installing: /ws/ros_ws/install/robot_voice/share/robot_voice/package.dsv
[0.183s] -- Up-to-date: /ws/ros_ws/install/robot_voice/share/ament_index/resource_index/packages/robot_voice
[0.186s] -- Up-to-date: /ws/ros_ws/install/robot_voice/share/robot_voice/cmake/robot_voiceConfig.cmake
[0.186s] -- Up-to-date: /ws/ros_ws/install/robot_voice/share/robot_voice/cmake/robot_voiceConfig-version.cmake
[0.187s] -- Up-to-date: /ws/ros_ws/install/robot_voice/share/robot_voice/package.xml
[0.195s] Invoked command in '/ws/ros_ws/build/robot_voice' returned '0': CMAKE_PREFIX_PATH=/opt/ros/humble /usr/bin/cmake --install /ws/ros_ws/build/robot_voice
