Consolidate compiler generated dependencies of target safety_node
[ 50%] Building CXX object CMakeFiles/safety_node.dir/src/safety_node.cpp.o
[100%] Linking CXX executable safety_node
[100%] Built target safety_node
-- Install configuration: ""
-- Installing: /ws/ros_ws/install/robot_safety/lib/robot_safety/safety_node
-- Set runtime path of "/ws/ros_ws/install/robot_safety/lib/robot_safety/safety_node" to ""
-- Up-to-date: /ws/ros_ws/install/robot_safety/share/ament_index/resource_index/package_run_dependencies/robot_safety
-- Up-to-date: /ws/ros_ws/install/robot_safety/share/ament_index/resource_index/parent_prefix_path/robot_safety
-- Up-to-date: /ws/ros_ws/install/robot_safety/share/robot_safety/environment/ament_prefix_path.sh
-- Up-to-date: /ws/ros_ws/install/robot_safety/share/robot_safety/environment/ament_prefix_path.dsv
-- Up-to-date: /ws/ros_ws/install/robot_safety/share/robot_safety/environment/path.sh
-- Up-to-date: /ws/ros_ws/install/robot_safety/share/robot_safety/environment/path.dsv
-- Up-to-date: /ws/ros_ws/install/robot_safety/share/robot_safety/local_setup.bash
-- Up-to-date: /ws/ros_ws/install/robot_safety/share/robot_safety/local_setup.sh
-- Up-to-date: /ws/ros_ws/install/robot_safety/share/robot_safety/local_setup.zsh
-- Up-to-date: /ws/ros_ws/install/robot_safety/share/robot_safety/local_setup.dsv
-- Installing: /ws/ros_ws/install/robot_safety/share/robot_safety/package.dsv
-- Up-to-date: /ws/ros_ws/install/robot_safety/share/ament_index/resource_index/packages/robot_safety
-- Up-to-date: /ws/ros_ws/install/robot_safety/share/robot_safety/cmake/robot_safetyConfig.cmake
-- Up-to-date: /ws/ros_ws/install/robot_safety/share/robot_safety/cmake/robot_safetyConfig-version.cmake
-- Up-to-date: /ws/ros_ws/install/robot_safety/share/robot_safety/package.xml
