[0.013s] Invoking command in '/ws/ros_ws/build/robot_identity': CMAKE_PREFIX_PATH=/opt/ros/humble:/ws/ros_ws/install/robot_msgs LD_LIBRARY_PATH=/ws/ros_ws/install/robot_msgs/lib:${LD_LIBRARY_PATH} PKG_CONFIG_PATH=/ws/ros_ws/install/robot_msgs/lib/x86_64-linux-gnu/pkgconfig:/ws/ros_ws/install/robot_msgs/lib/pkgconfig PYTHONPATH=/ws/ros_ws/install/robot_msgs/local/lib/python3.10/dist-packages:${PYTHONPATH} ROS_PACKAGE_PATH=/ws/ros_ws/install/robot_msgs/share /usr/bin/cmake --build /ws/ros_ws/build/robot_identity -- -j4 -l4
[0.076s] Consolidate compiler generated dependencies of target identity_enroll_policy
[0.091s] [ 10%] Building CXX object CMakeFiles/identity_enroll_policy.dir/src/enroll_policy.cpp.o
[0.114s] [ 30%] Built target gtest_main
[0.115s] [ 50%] Built target gtest
[0.132s] [ 60%] Linking CXX static library libidentity_enroll_policy.a
[0.305s] [ 60%] Built target identity_enroll_policy
[0.327s] Consolidate compiler generated dependencies of target test_enroll_gating
[0.344s] [ 70%] Building CXX object CMakeFiles/test_enroll_gating.dir/test/test_enroll_gating.cpp.o
[0.346s] Consolidate compiler generated dependencies of target identity_node
[0.385s] [ 80%] Building CXX object CMakeFiles/identity_node.dir/src/identity_node.cpp.o
[1.578s] [ 90%] Linking CXX executable test_enroll_gating
[1.915s] [ 90%] Built target test_enroll_gating
[5.886s] [100%] Linking CXX executable identity_node
[5.886s] [100%] Built target identity_node
[5.886s] Invoked command in '/ws/ros_ws/build/robot_identity' returned '0': CMAKE_PREFIX_PATH=/opt/ros/humble:/ws/ros_ws/install/robot_msgs LD_LIBRARY_PATH=/ws/ros_ws/install/robot_msgs/lib:${LD_LIBRARY_PATH} PKG_CONFIG_PATH=/ws/ros_ws/install/robot_msgs/lib/x86_64-linux-gnu/pkgconfig:/ws/ros_ws/install/robot_msgs/lib/pkgconfig PYTHONPATH=/ws/ros_ws/install/robot_msgs/local/lib/python3.10/dist-packages:${PYTHONPATH} ROS_PACKAGE_PATH=/ws/ros_ws/install/robot_msgs/share /usr/bin/cmake --build /ws/ros_ws/build/robot_identity -- -j4 -l4
[5.887s] Invoking command in '/ws/ros_ws/build/robot_identity': CMAKE_PREFIX_PATH=/opt/ros/humble:/ws/ros_ws/install/robot_msgs LD_LIBRARY_PATH=/ws/ros_ws/install/robot_msgs/lib:${LD_LIBRARY_PATH} PKG_CONFIG_PATH=/ws/ros_ws/install/robot_msgs/lib/x86_64-linux-gnu/pkgconfig:/ws/ros_ws/install/robot_msgs/lib/pkgconfig PYTHONPATH=/ws/ros_ws/install/robot_msgs/local/lib/python3.10/dist-packages:${PYTHONPATH} ROS_PACKAGE_PATH=/ws/ros_ws/install/robot_msgs/share /usr/bin/cmake --install /ws/ros_ws/build/robot_identity
[5.895s] -- Install configuration: ""
[5.895s] -- Installing: /ws/ros_ws/install/robot_identity/lib/robot_identity/identity_node
[5.897s] -- Set runtime path of "/ws/ros_ws/install/robot_identity/lib/robot_identity/identity_node" to ""
[5.898s] -- Installing: /ws/ros_ws/install/robot_identity/lib/robot_identity/libidentity_enroll_policy.a
[5.898s] -- Up-to-date: /ws/ros_ws/install/robot_identity/include
[5.898s] -- Up-to-date: /ws/ros_ws/install/robot_identity/include/robot_identity
[5.898s] -- Installing: /ws/ros_ws/install/robot_identity/include/robot_identity/enroll_policy.hpp
[5.898s] -- Up-to-date: /ws/ros_ws/install/robot_identity/share/ament_index/resource_index/package_run_dependencies/robot_identity
[5.899s] -- Up-to-date: /ws/ros_ws/install/robot_identity/share/ament_index/resource_index/parent_prefix_path/robot_identity
[5.899s] -- Up-to-date: /ws/ros_ws/install/robot_identity/share/robot_identity/environment/ament_prefix_path.sh
[5.899s] -- Up-to-date: /ws/ros_ws/install/robot_identity/share/robot_identity/environment/ament_prefix_path.dsv
[5.900s] -- Up-to-date: /ws/ros_ws/install/robot_identity/share/robot_identity/environment/path.sh
[5.900s] -- Up-to-date: /ws/ros_ws/install/robot_identity/share/robot_identity/environment/path.dsv
[5.900s] -- Up-to-date: /ws/ros_ws/install/robot_identity/share/robot_identity/local_setup.bash
[5.900s] -- Up-to-date: /ws/ros_ws/install/robot_identity/share/robot_identity/local_setup.sh
[5.900s] -- Up-to-date: /ws/ros_ws/install/robot_identity/share/robot_identity/local_setup.zsh
[5.901s] -- Up-to-date: /ws/ros_ws/install/robot_identity/share/robot_identity/local_setup.dsv
[5.901s] -- Installing: /ws/ros_ws/install/robot_identity/share/robot_identity/package.dsv
[5.901s] -- Up-to-date: /ws/ros_ws/install/robot_identity/share/ament_index/resource_index/packages/robot_identity
[5.901s] -- Up-to-date: /ws/ros_ws/install/robot_identity/share/robot_identity/cmake/robot_identityConfig.cmake
[5.901s] -- Up-to-date: /ws/ros_ws/install/robot_identity/share/robot_identity/cmake/robot_identityConfig-version.cmake
[5.902s] -- Up-to-date: /ws/ros_ws/install/robot_identity/share/robot_identity/package.xml
[5.903s] Invoked command in '/ws/ros_ws/build/robot_identity' returned '0': CMAKE_PREFIX_PATH=/opt/ros/humble:/ws/ros_ws/install/robot_msgs LD_LIBRARY_PATH=/ws/ros_ws/install/robot_msgs/lib:${LD_LIBRARY_PATH} PKG_CONFIG_PATH=/ws/ros_ws/install/robot_msgs/lib/x86_64-linux-gnu/pkgconfig:/ws/ros_ws/install/robot_msgs/lib/pkgconfig PYTHONPATH=/ws/ros_ws/install/robot_msgs/local/lib/python3.10/dist-packages:${PYTHONPATH} ROS_PACKAGE_PATH=/ws/ros_ws/install/robot_msgs/share /usr/bin/cmake --install /ws/ros_ws/build/robot_identity
