[0.019s] Invoking command in '/ws/ros_ws/build/robot_safety': CMAKE_PREFIX_PATH=/opt/ros/humble /usr/bin/cmake /ws/ros_ws/src/robot_safety -DCMAKE_INSTALL_PREFIX=/ws/ros_ws/install/robot_safety
[0.201s] -- The C compiler identification is GNU 11.4.0
[0.423s] -- The CXX compiler identification is GNU 11.4.0
[0.452s] -- Detecting C compiler ABI info
[0.709s] -- Detecting C compiler ABI info - done
[0.729s] -- Check for working C compiler: /usr/bin/cc - skipped
[0.730s] -- Detecting C compile features
[0.731s] -- Detecting C compile features - done
[0.743s] -- Detecting CXX compiler ABI info
[1.064s] -- Detecting CXX compiler ABI info - done
[1.080s] -- Check for working CXX compiler: /usr/bin/c++ - skipped
[1.087s] -- Detecting CXX compile features
[1.089s] -- Detecting CXX compile features - done
[1.094s] -- Found ament_cmake: 1.3.14 (/opt/ros/humble/share/ament_cmake/cmake)
[1.491s] -- Found Python3: /usr/bin/python3 (found version "3.10.12") found components: Interpreter 
[1.648s] -- Found rclcpp: 16.0.19 (/opt/ros/humble/share/rclcpp/cmake)
[1.694s] -- Found rosidl_generator_c: 3.1.8 (/opt/ros/humble/share/rosidl_generator_c/cmake)
[1.702s] -- Found rosidl_adapter: 3.1.8 (/opt/ros/humble/share/rosidl_adapter/cmake)
[1.714s] -- Found rosidl_generator_cpp: 3.1.8 (/opt/ros/humble/share/rosidl_generator_cpp/cmake)
[1.743s] -- Using all available rosidl_typesupport_c: rosidl_typesupport_fastrtps_c;rosidl_typesupport_introspection_c
[1.765s] -- Using all available rosidl_typesupport_cpp: rosidl_typesupport_fastrtps_cpp;rosidl_typesupport_introspection_cpp
[1.861s] -- Found rmw_implementation_cmake: 6.1.2 (/opt/ros/humble/share/rmw_implementation_cmake/cmake)
[1.861s] -- Found rmw_fastrtps_cpp: 6.2.10 (/opt/ros/humble/share/rmw_fastrtps_cpp/cmake)
[2.062s] -- Found OpenSSL: /usr/lib/x86_64-linux-gnu/libcrypto.so (found version "3.0.2")  
[2.117s] -- Found FastRTPS: /opt/ros/humble/include  
[2.191s] -- Using RMW implementation 'rmw_fastrtps_cpp' as default
[2.204s] -- Looking for pthread.h
[3.181s] -- Looking for pthread.h - found
[3.181s] -- Performing Test CMAKE_HAVE_LIBC_PTHREAD
[3.362s] -- Performing Test CMAKE_HAVE_LIBC_PTHREAD - Success
[3.363s] -- Found Threads: TRUE  
[3.511s] -- Found geometry_msgs: 4.9.1 (/opt/ros/humble/share/geometry_msgs/cmake)
[3.559s] -- Found ament_lint_auto: 0.12.15 (/opt/ros/humble/share/ament_lint_auto/cmake)
[3.757s] -- Added test 'copyright' to check source files copyright and LICENSE
[3.760s] -- Added test 'cppcheck' to perform static code analysis on C / C++ code
[3.760s] -- Configured cppcheck include dirs: 
[3.761s] -- Configured cppcheck exclude dirs and/or files: 
[3.762s] -- Added test 'cpplint' to check C / C++ code against the Google style
[3.762s] -- Configured cpplint exclude dirs and/or files: 
[3.763s] -- Added test 'lint_cmake' to check CMake code style
[3.764s] -- Added test 'uncrustify' to check C / C++ code style
[3.764s] -- Configured uncrustify additional arguments: 
[3.765s] -- Added test 'xmllint' to check XML markup files
[3.766s] -- Configuring done
[3.781s] -- Generating done
[3.791s] -- Build files have been written to: /ws/ros_ws/build/robot_safety
[3.804s] Invoked command in '/ws/ros_ws/build/robot_safety' returned '0': CMAKE_PREFIX_PATH=/opt/ros/humble /usr/bin/cmake /ws/ros_ws/src/robot_safety -DCMAKE_INSTALL_PREFIX=/ws/ros_ws/install/robot_safety
[3.805s] Invoking command in '/ws/ros_ws/build/robot_safety': CMAKE_PREFIX_PATH=/opt/ros/humble /usr/bin/cmake --build /ws/ros_ws/build/robot_safety -- -j4 -l4
[3.960s] [ 50%] Building CXX object CMakeFiles/safety_node.dir/src/safety_node.cpp.o
[19.565s] [100%] Linking CXX executable safety_node
[20.595s] [100%] Built target safety_node
[20.613s] Invoked command in '/ws/ros_ws/build/robot_safety' returned '0': CMAKE_PREFIX_PATH=/opt/ros/humble /usr/bin/cmake --build /ws/ros_ws/build/robot_safety -- -j4 -l4
[20.613s] Invoking command in '/ws/ros_ws/build/robot_safety': CMAKE_PREFIX_PATH=/opt/ros/humble /usr/bin/cmake --install /ws/ros_ws/build/robot_safety
[20.625s] -- Install configuration: ""
[20.627s] -- Installing: /ws/ros_ws/install/robot_safety/lib/robot_safety/safety_node
[20.635s] -- Set runtime path of "/ws/ros_ws/install/robot_safety/lib/robot_safety/safety_node" to ""
[20.638s] -- Installing: /ws/ros_ws/install/robot_safety/share/ament_index/resource_index/package_run_dependencies/robot_safety
[20.639s] -- Installing: /ws/ros_ws/install/robot_safety/share/ament_index/resource_index/parent_prefix_path/robot_safety
[20.639s] -- Installing: /ws/ros_ws/install/robot_safety/share/robot_safety/environment/ament_prefix_path.sh
[20.639s] -- Installing: /ws/ros_ws/install/robot_safety/share/robot_safety/environment/ament_prefix_path.dsv
[20.639s] -- Installing: /ws/ros_ws/install/robot_safety/share/robot_safety/environment/path.sh
[20.640s] -- Installing: /ws/ros_ws/install/robot_safety/share/robot_safety/environment/path.dsv
[20.640s] -- Installing: /ws/ros_ws/install/robot_safety/share/robot_safety/local_setup.bash
[20.640s] -- Installing: /ws/ros_ws/install/robot_safety/share/robot_safety/local_setup.sh
[20.641s] -- Installing: /ws/ros_ws/install/robot_safety/share/robot_safety/local_setup.zsh
[20.641s] -- Installing: /ws/ros_ws/install/robot_safety/share/robot_safety/local_setup.dsv
[20.641s] -- Installing: /ws/ros_ws/install/robot_safety/share/robot_safety/package.dsv
[20.642s] -- Installing: /ws/ros_ws/install/robot_safety/share/ament_index/resource_index/packages/robot_safety
[20.643s] -- Installing: /ws/ros_ws/install/robot_safety/share/robot_safety/cmake/robot_safetyConfig.cmake
[20.644s] -- Installing: /ws/ros_ws/install/robot_safety/share/robot_safety/cmake/robot_safetyConfig-version.cmake
[20.644s] -- Installing: /ws/ros_ws/install/robot_safety/share/robot_safety/package.xml
[20.648s] Invoked command in '/ws/ros_ws/build/robot_safety' returned '0': CMAKE_PREFIX_PATH=/opt/ros/humble /usr/bin/cmake --install /ws/ros_ws/build/robot_safety
