Consolidate compiler generated dependencies of target nav_server_node
[ 20%] Built target gtest
[ 40%] Built target gtest_main
[ 70%] Built target nav_server_node
Consolidate compiler generated dependencies of target test_location_manager
[100%] Built target test_location_manager
-- Install configuration: ""
-- Up-to-date: /ws/ros_ws/install/robot_nav/lib/robot_nav/nav_server_node
-- Up-to-date: /ws/ros_ws/install/robot_nav/include
-- Up-to-date: /ws/ros_ws/install/robot_nav/include/robot_nav
-- Up-to-date: /ws/ros_ws/install/robot_nav/include/robot_nav/location_manager.hpp
-- Up-to-date: /ws/ros_ws/install/robot_nav/share/ament_index/resource_index/package_run_dependencies/robot_nav
-- Up-to-date: /ws/ros_ws/install/robot_nav/share/ament_index/resource_index/parent_prefix_path/robot_nav
-- Up-to-date: /ws/ros_ws/install/robot_nav/share/robot_nav/environment/ament_prefix_path.sh
-- Up-to-date: /ws/ros_ws/install/robot_nav/share/robot_nav/environment/ament_prefix_path.dsv
-- Up-to-date: /ws/ros_ws/install/robot_nav/share/robot_nav/environment/path.sh
-- Up-to-date: /ws/ros_ws/install/robot_nav/share/robot_nav/environment/path.dsv
-- Up-to-date: /ws/ros_ws/install/robot_nav/share/robot_nav/local_setup.bash
-- Up-to-date: /ws/ros_ws/install/robot_nav/share/robot_nav/local_setup.sh
-- Up-to-date: /ws/ros_ws/install/robot_nav/share/robot_nav/local_setup.zsh
-- Up-to-date: /ws/ros_ws/install/robot_nav/share/robot_nav/local_setup.dsv
-- Installing: /ws/ros_ws/install/robot_nav/share/robot_nav/package.dsv
-- Up-to-date: /ws/ros_ws/install/robot_nav/share/ament_index/resource_index/packages/robot_nav
-- Up-to-date: /ws/ros_ws/install/robot_nav/share/robot_nav/cmake/robot_navConfig.cmake
-- Up-to-date: /ws/ros_ws/install/robot_nav/share/robot_nav/cmake/robot_navConfig-version.cmake
-- Up-to-date: /ws/ros_ws/install/robot_nav/share/robot_nav/package.xml
