[0.014s] Invoking command in '/ws/ros_ws/build/robot_nav': CMAKE_PREFIX_PATH=/opt/ros/humble /usr/bin/cmake --build /ws/ros_ws/build/robot_nav -- -j4 -l4
[0.134s] Consolidate compiler generated dependencies of target nav_server_node
[0.143s] [ 20%] Built target gtest
[0.150s] [ 40%] Built target gtest_main
[0.177s] [ 70%] Built target nav_server_node
[0.233s] Consolidate compiler generated dependencies of target test_location_manager
[0.234s] [100%] Built target test_location_manager
[0.246s] Invoked command in '/ws/ros_ws/build/robot_nav' returned '0': CMAKE_PREFIX_PATH=/opt/ros/humble /usr/bin/cmake --build /ws/ros_ws/build/robot_nav -- -j4 -l4
[0.247s] Invoking command in '/ws/ros_ws/build/robot_nav': CMAKE_PREFIX_PATH=/opt/ros/humble /usr/bin/cmake --install /ws/ros_ws/build/robot_nav
[0.290s] -- Install configuration: ""
[0.291s] -- Up-to-date: /ws/ros_ws/install/robot_nav/lib/robot_nav/nav_server_node
[0.291s] -- Up-to-date: /ws/ros_ws/install/robot_nav/include
[0.291s] -- Up-to-date: /ws/ros_ws/install/robot_nav/include/robot_nav
[0.291s] -- Up-to-date: /ws/ros_ws/install/robot_nav/include/robot_nav/location_manager.hpp
[0.291s] -- Up-to-date: /ws/ros_ws/install/robot_nav/share/ament_index/resource_index/package_run_dependencies/robot_nav
[0.291s] -- Up-to-date: /ws/ros_ws/install/robot_nav/share/ament_index/resource_index/parent_prefix_path/robot_nav
[0.292s] -- Up-to-date: /ws/ros_ws/install/robot_nav/share/robot_nav/environment/ament_prefix_path.sh
[0.294s] -- Up-to-date: /ws/ros_ws/install/robot_nav/share/robot_nav/environment/ament_prefix_path.dsv
[0.294s] -- Up-to-date: /ws/ros_ws/install/robot_nav/share/robot_nav/environment/path.sh
[0.294s] -- Up-to-date: /ws/ros_ws/install/robot_nav/share/robot_nav/environment/path.dsv
[0.294s] -- Up-to-date: /ws/ros_ws/install/robot_nav/share/robot_nav/local_setup.bash
[0.294s] -- Up-to-date: /ws/ros_ws/install/robot_nav/share/robot_nav/local_setup.sh
[0.294s] -- Up-to-date: /ws/ros_ws/install/robot_nav/share/robot_nav/local_setup.zsh
[0.294s] -- Up-to-date: /ws/ros_ws/install/robot_nav/share/robot_nav/local_setup.dsv
[0.294s] -- Installing: /ws/ros_ws/install/robot_nav/share/robot_nav/package.dsv
[0.294s] -- Up-to-date: /ws/ros_ws/install/robot_nav/share/ament_index/resource_index/packages/robot_nav
[0.294s] -- Up-to-date: /ws/ros_ws/install/robot_nav/share/robot_nav/cmake/robot_navConfig.cmake
[0.295s] -- Up-to-date: /ws/ros_ws/install/robot_nav/share/robot_nav/cmake/robot_navConfig-version.cmake
[0.295s] -- Up-to-date: /ws/ros_ws/install/robot_nav/share/robot_nav/package.xml
[0.297s] Invoked command in '/ws/ros_ws/build/robot_nav' returned '0': CMAKE_PREFIX_PATH=/opt/ros/humble /usr/bin/cmake --install /ws/ros_ws/build/robot_nav
