[0.011s] Invoking command in '/ws/ros_ws/build/robot_voice': CMAKE_PREFIX_PATH=/opt/ros/humble /usr/bin/cmake --build /ws/ros_ws/build/robot_voice -- -j4 -l4
[0.063s] Consolidate compiler generated dependencies of target voice_bridge_node
[0.084s] [ 50%] Building CXX object CMakeFiles/voice_bridge_node.dir/src/voice_bridge_node.cpp.o
[8.924s] [100%] Linking CXX executable voice_bridge_node
[9.344s] [100%] Built target voice_bridge_node
[9.360s] Invoked command in '/ws/ros_ws/build/robot_voice' returned '0': CMAKE_PREFIX_PATH=/opt/ros/humble /usr/bin/cmake --build /ws/ros_ws/build/robot_voice -- -j4 -l4
[9.360s] Invoking command in '/ws/ros_ws/build/robot_voice': CMAKE_PREFIX_PATH=/opt/ros/humble /usr/bin/cmake --install /ws/ros_ws/build/robot_voice
[9.368s] -- Install configuration: ""
[9.371s] -- Installing: /ws/ros_ws/install/robot_voice/lib/robot_voice/voice_bridge_node
[9.375s] -- Set runtime path of "/ws/ros_ws/install/robot_voice/lib/robot_voice/voice_bridge_node" to ""
[9.376s] -- Up-to-date: /ws/ros_ws/install/robot_voice/share/ament_index/resource_index/package_run_dependencies/robot_voice
[9.376s] -- Up-to-date: /ws/ros_ws/install/robot_voice/share/ament_index/resource_index/parent_prefix_path/robot_voice
[9.377s] -- Up-to-date: /ws/ros_ws/install/robot_voice/share/robot_voice/environment/ament_prefix_path.sh
[9.378s] -- Up-to-date: /ws/ros_ws/install/robot_voice/share/robot_voice/environment/ament_prefix_path.dsv
[9.378s] -- Up-to-date: /ws/ros_ws/install/robot_voice/share/robot_voice/environment/path.sh
[9.379s] -- Up-to-date: /ws/ros_ws/install/robot_voice/share/robot_voice/environment/path.dsv
[9.379s] -- Up-to-date: /ws/ros_ws/install/robot_voice/share/robot_voice/local_setup.bash
[9.380s] -- Up-to-date: /ws/ros_ws/install/robot_voice/share/robot_voice/local_setup.sh
[9.380s] -- Up-to-date: /ws/ros_ws/install/robot_voice/share/robot_voice/local_setup.zsh
[9.380s] -- Up-to-date: /ws/ros_ws/install/robot_voice/share/robot_voice/local_setup.dsv
[9.380s] -- Installing: /ws/ros_ws/install/robot_voice/share/robot_voice/package.dsv
[9.381s] -- Up-to-date: /ws/ros_ws/install/robot_voice/share/ament_index/resource_index/packages/robot_voice
[9.381s] -- Up-to-date: /ws/ros_ws/install/robot_voice/share/robot_voice/cmake/robot_voiceConfig.cmake
[9.382s] -- Up-to-date: /ws/ros_ws/install/robot_voice/share/robot_voice/cmake/robot_voiceConfig-version.cmake
[9.382s] -- Up-to-date: /ws/ros_ws/install/robot_voice/share/robot_voice/package.xml
[9.385s] Invoked command in '/ws/ros_ws/build/robot_voice' returned '0': CMAKE_PREFIX_PATH=/opt/ros/humble /usr/bin/cmake --install /ws/ros_ws/build/robot_voice
