[0.011s] Invoking command in '/ws/ros_ws/build/robot_nav': CMAKE_PREFIX_PATH=/opt/ros/humble /usr/bin/cmake /ws/ros_ws/src/robot_nav -DCMAKE_INSTALL_PREFIX=/ws/ros_ws/install/robot_nav
[0.082s] -- The C compiler identification is GNU 11.4.0
[0.156s] -- The CXX compiler identification is GNU 11.4.0
[0.166s] -- Detecting C compiler ABI info
[0.250s] -- Detecting C compiler ABI info - done
[0.257s] -- Check for working C compiler: /usr/bin/cc - skipped
[0.258s] -- Detecting C compile features
[0.258s] -- Detecting C compile features - done
[0.263s] -- Detecting CXX compiler ABI info
[0.355s] -- Detecting CXX compiler ABI info - done
[0.366s] -- Check for working CXX compiler: /usr/bin/c++ - skipped
[0.366s] -- Detecting CXX compile features
[0.367s] -- Detecting CXX compile features - done
[0.368s] -- Found ament_cmake: 1.3.14 (/opt/ros/humble/share/ament_cmake/cmake)
[0.524s] -- Found Python3: /usr/bin/python3 (found version "3.10.12") found components: Interpreter 
[0.647s] -- Found rclcpp: 16.0.19 (/opt/ros/humble/share/rclcpp/cmake)
[0.696s] -- Found rosidl_generator_c: 3.1.8 (/opt/ros/humble/share/rosidl_generator_c/cmake)
[0.701s] -- Found rosidl_adapter: 3.1.8 (/opt/ros/humble/share/rosidl_adapter/cmake)
[0.714s] -- Found rosidl_generator_cpp: 3.1.8 (/opt/ros/humble/share/rosidl_generator_cpp/cmake)
[0.728s] -- Using all available rosidl_typesupport_c: rosidl_typesupport_fastrtps_c;rosidl_typesupport_introspection_c
[0.749s] -- Using all available rosidl_typesupport_cpp: rosidl_typesupport_fastrtps_cpp;rosidl_typesupport_introspection_cpp
[0.805s] -- Found rmw_implementation_cmake: 6.1.2 (/opt/ros/humble/share/rmw_implementation_cmake/cmake)
[0.809s] -- Found rmw_fastrtps_cpp: 6.2.10 (/opt/ros/humble/share/rmw_fastrtps_cpp/cmake)
[0.917s] -- Found OpenSSL: /usr/lib/x86_64-linux-gnu/libcrypto.so (found version "3.0.2")  
[0.942s] -- Found FastRTPS: /opt/ros/humble/include  
[0.983s] -- Using RMW implementation 'rmw_fastrtps_cpp' as default
[0.993s] -- Looking for pthread.h
[1.101s] -- Looking for pthread.h - found
[1.102s] -- Performing Test CMAKE_HAVE_LIBC_PTHREAD
[1.196s] -- Performing Test CMAKE_HAVE_LIBC_PTHREAD - Success
[1.199s] -- Found Threads: TRUE  
[1.265s] -- Found std_srvs: 4.9.1 (/opt/ros/humble/share/std_srvs/cmake)
[1.285s] -- Found ament_cmake_gtest: 1.3.14 (/opt/ros/humble/share/ament_cmake_gtest/cmake)
[1.288s] -- Found gtest sources under '/opt/ros/humble/src/gtest_vendor': C++ tests using 'Google Test' will be built
[1.294s] -- Found ament_lint_auto: 0.12.15 (/opt/ros/humble/share/ament_lint_auto/cmake)
[1.414s] -- Added test 'copyright' to check source files copyright and LICENSE
[1.417s] -- Added test 'cppcheck' to perform static code analysis on C / C++ code
[1.418s] -- Configured cppcheck include dirs: /ws/ros_ws/src/robot_nav/include
[1.419s] -- Configured cppcheck exclude dirs and/or files: 
[1.422s] -- Added test 'cpplint' to check C / C++ code against the Google style
[1.424s] -- Configured cpplint exclude dirs and/or files: 
[1.424s] -- Added test 'lint_cmake' to check CMake code style
[1.428s] -- Added test 'uncrustify' to check C / C++ code style
[1.429s] -- Configured uncrustify additional arguments: 
[1.435s] -- Added test 'xmllint' to check XML markup files
[1.436s] -- Configuring done
[1.452s] -- Generating done
[1.456s] -- Build files have been written to: /ws/ros_ws/build/robot_nav
[1.478s] Invoked command in '/ws/ros_ws/build/robot_nav' returned '0': CMAKE_PREFIX_PATH=/opt/ros/humble /usr/bin/cmake /ws/ros_ws/src/robot_nav -DCMAKE_INSTALL_PREFIX=/ws/ros_ws/install/robot_nav
[1.478s] Invoking command in '/ws/ros_ws/build/robot_nav': CMAKE_PREFIX_PATH=/opt/ros/humble /usr/bin/cmake --build /ws/ros_ws/build/robot_nav -- -j4 -l4
[1.562s] [ 10%] Building CXX object CMakeFiles/nav_server_node.dir/src/location_manager.cpp.o
[1.562s] [ 20%] Building CXX object CMakeFiles/nav_server_node.dir/src/nav_server_node.cpp.o
[1.589s] [ 30%] Building CXX object gtest/CMakeFiles/gtest_main.dir/src/gtest_main.cc.o
[1.596s] [ 40%] Building CXX object gtest/CMakeFiles/gtest.dir/src/gtest-all.cc.o
[4.243s] [ 50%] Linking CXX static library libgtest_main.a
[4.394s] [ 50%] Built target gtest_main
[11.148s] [ 60%] Linking CXX static library libgtest.a
[11.368s] [ 60%] Built target gtest
[11.454s] [ 70%] Building CXX object CMakeFiles/test_location_manager.dir/src/location_manager.cpp.o
[11.455s] [ 80%] Building CXX object CMakeFiles/test_location_manager.dir/test/test_location_manager.cpp.o
[11.827s] [ 90%] Linking CXX executable nav_server_node
[12.243s] [ 90%] Built target nav_server_node
[14.659s] [100%] Linking CXX executable test_location_manager
[15.181s] [100%] Built target test_location_manager
[16.397s] Invoked command in '/ws/ros_ws/build/robot_nav' returned '0': CMAKE_PREFIX_PATH=/opt/ros/humble /usr/bin/cmake --build /ws/ros_ws/build/robot_nav -- -j4 -l4
[16.397s] Invoking command in '/ws/ros_ws/build/robot_nav': CMAKE_PREFIX_PATH=/opt/ros/humble /usr/bin/cmake --install /ws/ros_ws/build/robot_nav
[16.431s] -- Install configuration: ""
[16.432s] -- Installing: /ws/ros_ws/install/robot_nav/lib/robot_nav/nav_server_node
[16.433s] -- Set runtime path of "/ws/ros_ws/install/robot_nav/lib/robot_nav/nav_server_node" to ""
[16.433s] -- Installing: /ws/ros_ws/install/robot_nav/include
[16.433s] -- Installing: /ws/ros_ws/install/robot_nav/include/robot_nav
[16.434s] -- Installing: /ws/ros_ws/install/robot_nav/include/robot_nav/location_manager.hpp
[16.434s] -- Installing: /ws/ros_ws/install/robot_nav/share/ament_index/resource_index/package_run_dependencies/robot_nav
[16.435s] -- Installing: /ws/ros_ws/install/robot_nav/share/ament_index/resource_index/parent_prefix_path/robot_nav
[16.435s] -- Installing: /ws/ros_ws/install/robot_nav/share/robot_nav/environment/ament_prefix_path.sh
[16.436s] -- Installing: /ws/ros_ws/install/robot_nav/share/robot_nav/environment/ament_prefix_path.dsv
[16.436s] -- Installing: /ws/ros_ws/install/robot_nav/share/robot_nav/environment/path.sh
[16.437s] -- Installing: /ws/ros_ws/install/robot_nav/share/robot_nav/environment/path.dsv
[16.437s] -- Installing: /ws/ros_ws/install/robot_nav/share/robot_nav/local_setup.bash
[16.438s] -- Installing: /ws/ros_ws/install/robot_nav/share/robot_nav/local_setup.sh
[16.440s] -- Installing: /ws/ros_ws/install/robot_nav/share/robot_nav/local_setup.zsh
[16.441s] -- Installing: /ws/ros_ws/install/robot_nav/share/robot_nav/local_setup.dsv
[16.442s] -- Installing: /ws/ros_ws/install/robot_nav/share/robot_nav/package.dsv
[16.442s] -- Installing: /ws/ros_ws/install/robot_nav/share/ament_index/resource_index/packages/robot_nav
[16.442s] -- Installing: /ws/ros_ws/install/robot_nav/share/robot_nav/cmake/robot_navConfig.cmake
[16.442s] -- Installing: /ws/ros_ws/install/robot_nav/share/robot_nav/cmake/robot_navConfig-version.cmake
[16.442s] -- Installing: /ws/ros_ws/install/robot_nav/share/robot_nav/package.xml
[16.451s] Invoked command in '/ws/ros_ws/build/robot_nav' returned '0': CMAKE_PREFIX_PATH=/opt/ros/humble /usr/bin/cmake --install /ws/ros_ws/build/robot_nav
