[0.545s] Invoking command in '/ws/ros_ws/src/robot_perception': CMAKE_PREFIX_PATH=/ws/ros_ws/install/robot_msgs LD_LIBRARY_PATH=/ws/ros_ws/install/robot_msgs/lib:${LD_LIBRARY_PATH} PKG_CONFIG_PATH=/ws/ros_ws/install/robot_msgs/lib/x86_64-linux-gnu/pkgconfig:/ws/ros_ws/install/robot_msgs/lib/pkgconfig PYTHONPATH=/ws/ros_ws/build/robot_perception/prefix_override:/usr/lib/python3/dist-packages/colcon_core/task/python/colcon_distutils_commands:/ws/ros_ws/install/robot_perception/lib/python3.10/site-packages:/ws/ros_ws/install/robot_msgs/local/lib/python3.10/dist-packages:${PYTHONPATH} ROS_PACKAGE_PATH=/ws/ros_ws/install/robot_msgs/share /usr/bin/python3 -W ignore:setup.py install is deprecated -W ignore:easy_install command is deprecated setup.py egg_info --egg-base ../../build/robot_perception build --build-base /ws/ros_ws/build/robot_perception/build install --record /ws/ros_ws/build/robot_perception/install.log --single-version-externally-managed install_data
[0.687s] running egg_info
[0.687s] writing ../../build/robot_perception/robot_perception.egg-info/PKG-INFO
[0.688s] writing dependency_links to ../../build/robot_perception/robot_perception.egg-info/dependency_links.txt
[0.688s] writing entry points to ../../build/robot_perception/robot_perception.egg-info/entry_points.txt
[0.689s] writing requirements to ../../build/robot_perception/robot_perception.egg-info/requires.txt
[0.689s] writing top-level names to ../../build/robot_perception/robot_perception.egg-info/top_level.txt
[0.690s] reading manifest file '../../build/robot_perception/robot_perception.egg-info/SOURCES.txt'
[0.691s] writing manifest file '../../build/robot_perception/robot_perception.egg-info/SOURCES.txt'
[0.691s] running build
[0.691s] running build_py
[0.691s] running install
[0.692s] running install_lib
[0.693s] running install_data
[0.693s] running install_egg_info
[0.696s] removing '/ws/ros_ws/install/robot_perception/lib/python3.10/site-packages/robot_perception-0.0.1-py3.10.egg-info' (and everything under it)
[0.696s] Copying ../../build/robot_perception/robot_perception.egg-info to /ws/ros_ws/install/robot_perception/lib/python3.10/site-packages/robot_perception-0.0.1-py3.10.egg-info
[0.697s] running install_scripts
[0.715s] Installing perception_node script to /ws/ros_ws/install/robot_perception/lib/robot_perception
[0.716s] writing list of installed files to '/ws/ros_ws/build/robot_perception/install.log'
[0.752s] Invoked command in '/ws/ros_ws/src/robot_perception' returned '0': CMAKE_PREFIX_PATH=/ws/ros_ws/install/robot_msgs LD_LIBRARY_PATH=/ws/ros_ws/install/robot_msgs/lib:${LD_LIBRARY_PATH} PKG_CONFIG_PATH=/ws/ros_ws/install/robot_msgs/lib/x86_64-linux-gnu/pkgconfig:/ws/ros_ws/install/robot_msgs/lib/pkgconfig PYTHONPATH=/ws/ros_ws/build/robot_perception/prefix_override:/usr/lib/python3/dist-packages/colcon_core/task/python/colcon_distutils_commands:/ws/ros_ws/install/robot_perception/lib/python3.10/site-packages:/ws/ros_ws/install/robot_msgs/local/lib/python3.10/dist-packages:${PYTHONPATH} ROS_PACKAGE_PATH=/ws/ros_ws/install/robot_msgs/share /usr/bin/python3 -W ignore:setup.py install is deprecated -W ignore:easy_install command is deprecated setup.py egg_info --egg-base ../../build/robot_perception build --build-base /ws/ros_ws/build/robot_perception/build install --record /ws/ros_ws/build/robot_perception/install.log --single-version-externally-managed install_data
