[0.013s] Invoking command in '/ws/ros_ws/build/robot_bringup': AMENT_PREFIX_PATH=/ws/ros_ws/install/robot_perception:/ws/ros_ws/install/robot_identity:/ws/ros_ws/install/robot_executor:/ws/ros_ws/install/robot_voice:/ws/ros_ws/install/robot_safety:/ws/ros_ws/install/robot_nlu:/ws/ros_ws/install/robot_nav:/ws/ros_ws/install/robot_manipulation:/ws/ros_ws/install/robot_base:${AMENT_PREFIX_PATH} CMAKE_PREFIX_PATH=/ws/ros_ws/install/robot_identity:/ws/ros_ws/install/robot_executor:/ws/ros_ws/install/robot_voice:/ws/ros_ws/install/robot_safety:/ws/ros_ws/install/robot_nlu:/ws/ros_ws/install/robot_nav:/opt/ros/humble:/ws/ros_ws/install/robot_msgs:/ws/ros_ws/install/robot_manipulation:/ws/ros_ws/install/robot_base LD_LIBRARY_PATH=/ws/ros_ws/install/robot_msgs/lib:${LD_LIBRARY_PATH} PKG_CONFIG_PATH=/ws/ros_ws/install/robot_msgs/lib/x86_64-linux-gnu/pkgconfig:/ws/ros_ws/install/robot_msgs/lib/pkgconfig PYTHONPATH=/ws/ros_ws/install/robot_perception/lib/python3.10/site-packages:/ws/ros_ws/install/robot_msgs/local/lib/python3.10/dist-packages:${PYTHONPATH} ROS_PACKAGE_PATH=/ws/ros_ws/install/robot_msgs/share /usr/bin/cmake --build /ws/ros_ws/build/robot_bringup -- -j4 -l4
[0.051s] Invoked command in '/ws/ros_ws/build/robot_bringup' returned '0': AMENT_PREFIX_PATH=/ws/ros_ws/install/robot_perception:/ws/ros_ws/install/robot_identity:/ws/ros_ws/install/robot_executor:/ws/ros_ws/install/robot_voice:/ws/ros_ws/install/robot_safety:/ws/ros_ws/install/robot_nlu:/ws/ros_ws/install/robot_nav:/ws/ros_ws/install/robot_manipulation:/ws/ros_ws/install/robot_base:${AMENT_PREFIX_PATH} CMAKE_PREFIX_PATH=/ws/ros_ws/install/robot_identity:/ws/ros_ws/install/robot_executor:/ws/ros_ws/install/robot_voice:/ws/ros_ws/install/robot_safety:/ws/ros_ws/install/robot_nlu:/ws/ros_ws/install/robot_nav:/opt/ros/humble:/ws/ros_ws/install/robot_msgs:/ws/ros_ws/install/robot_manipulation:/ws/ros_ws/install/robot_base LD_LIBRARY_PATH=/ws/ros_ws/install/robot_msgs/lib:${LD_LIBRARY_PATH} PKG_CONFIG_PATH=/ws/ros_ws/install/robot_msgs/lib/x86_64-linux-gnu/pkgconfig:/ws/ros_ws/install/robot_msgs/lib/pkgconfig PYTHONPATH=/ws/ros_ws/install/robot_perception/lib/python3.10/site-packages:/ws/ros_ws/install/robot_msgs/local/lib/python3.10/dist-packages:${PYTHONPATH} ROS_PACKAGE_PATH=/ws/ros_ws/install/robot_msgs/share /usr/bin/cmake --build /ws/ros_ws/build/robot_bringup -- -j4 -l4
[0.052s] Invoking command in '/ws/ros_ws/build/robot_bringup': AMENT_PREFIX_PATH=/ws/ros_ws/install/robot_perception:/ws/ros_ws/install/robot_identity:/ws/ros_ws/install/robot_executor:/ws/ros_ws/install/robot_voice:/ws/ros_ws/install/robot_safety:/ws/ros_ws/install/robot_nlu:/ws/ros_ws/install/robot_nav:/ws/ros_ws/install/robot_manipulation:/ws/ros_ws/install/robot_base:${AMENT_PREFIX_PATH} CMAKE_PREFIX_PATH=/ws/ros_ws/install/robot_identity:/ws/ros_ws/install/robot_executor:/ws/ros_ws/install/robot_voice:/ws/ros_ws/install/robot_safety:/ws/ros_ws/install/robot_nlu:/ws/ros_ws/install/robot_nav:/opt/ros/humble:/ws/ros_ws/install/robot_msgs:/ws/ros_ws/install/robot_manipulation:/ws/ros_ws/install/robot_base LD_LIBRARY_PATH=/ws/ros_ws/install/robot_msgs/lib:${LD_LIBRARY_PATH} PKG_CONFIG_PATH=/ws/ros_ws/install/robot_msgs/lib/x86_64-linux-gnu/pkgconfig:/ws/ros_ws/install/robot_msgs/lib/pkgconfig PYTHONPATH=/ws/ros_ws/install/robot_perception/lib/python3.10/site-packages:/ws/ros_ws/install/robot_msgs/local/lib/python3.10/dist-packages:${PYTHONPATH} ROS_PACKAGE_PATH=/ws/ros_ws/install/robot_msgs/share /usr/bin/cmake --install /ws/ros_ws/build/robot_bringup
[0.061s] -- Install configuration: ""
[0.061s] -- Up-to-date: /ws/ros_ws/install/robot_bringup/share/robot_bringup/launch
[0.061s] -- Up-to-date: /ws/ros_ws/install/robot_bringup/share/robot_bringup/launch/nav_mode.launch.py
[0.061s] -- Up-to-date: /ws/ros_ws/install/robot_bringup/share/robot_bringup/launch/dev_mode.launch.py
[0.061s] -- Up-to-date: /ws/ros_ws/install/robot_bringup/share/robot_bringup/config
[0.062s] -- Up-to-date: /ws/ros_ws/install/robot_bringup/share/robot_bringup/config/slam_params.yaml
[0.062s] -- Up-to-date: /ws/ros_ws/install/robot_bringup/share/robot_bringup/config/search_areas.yaml
[0.062s] -- Up-to-date: /ws/ros_ws/install/robot_bringup/share/robot_bringup/config/nav2_params.yaml
[0.062s] -- Up-to-date: /ws/ros_ws/install/robot_bringup/share/robot_bringup/config/bringup.yaml
[0.062s] -- Up-to-date: /ws/ros_ws/install/robot_bringup/share/robot_bringup/config/locations.yaml
[0.062s] -- Up-to-date: /ws/ros_ws/install/robot_bringup/share/ament_index/resource_index/package_run_dependencies/robot_bringup
[0.062s] -- Up-to-date: /ws/ros_ws/install/robot_bringup/share/ament_index/resource_index/parent_prefix_path/robot_bringup
[0.062s] -- Up-to-date: /ws/ros_ws/install/robot_bringup/share/robot_bringup/environment/ament_prefix_path.sh
[0.062s] -- Up-to-date: /ws/ros_ws/install/robot_bringup/share/robot_bringup/environment/ament_prefix_path.dsv
[0.062s] -- Up-to-date: /ws/ros_ws/install/robot_bringup/share/robot_bringup/environment/path.sh
[0.062s] -- Up-to-date: /ws/ros_ws/install/robot_bringup/share/robot_bringup/environment/path.dsv
[0.062s] -- Up-to-date: /ws/ros_ws/install/robot_bringup/share/robot_bringup/local_setup.bash
[0.062s] -- Up-to-date: /ws/ros_ws/install/robot_bringup/share/robot_bringup/local_setup.sh
[0.063s] -- Up-to-date: /ws/ros_ws/install/robot_bringup/share/robot_bringup/local_setup.zsh
[0.063s] -- Up-to-date: /ws/ros_ws/install/robot_bringup/share/robot_bringup/local_setup.dsv
[0.063s] -- Installing: /ws/ros_ws/install/robot_bringup/share/robot_bringup/package.dsv
[0.063s] -- Up-to-date: /ws/ros_ws/install/robot_bringup/share/ament_index/resource_index/packages/robot_bringup
[0.063s] -- Up-to-date: /ws/ros_ws/install/robot_bringup/share/robot_bringup/cmake/robot_bringupConfig.cmake
[0.063s] -- Up-to-date: /ws/ros_ws/install/robot_bringup/share/robot_bringup/cmake/robot_bringupConfig-version.cmake
[0.063s] -- Up-to-date: /ws/ros_ws/install/robot_bringup/share/robot_bringup/package.xml
[0.065s] Invoked command in '/ws/ros_ws/build/robot_bringup' returned '0': AMENT_PREFIX_PATH=/ws/ros_ws/install/robot_perception:/ws/ros_ws/install/robot_identity:/ws/ros_ws/install/robot_executor:/ws/ros_ws/install/robot_voice:/ws/ros_ws/install/robot_safety:/ws/ros_ws/install/robot_nlu:/ws/ros_ws/install/robot_nav:/ws/ros_ws/install/robot_manipulation:/ws/ros_ws/install/robot_base:${AMENT_PREFIX_PATH} CMAKE_PREFIX_PATH=/ws/ros_ws/install/robot_identity:/ws/ros_ws/install/robot_executor:/ws/ros_ws/install/robot_voice:/ws/ros_ws/install/robot_safety:/ws/ros_ws/install/robot_nlu:/ws/ros_ws/install/robot_nav:/opt/ros/humble:/ws/ros_ws/install/robot_msgs:/ws/ros_ws/install/robot_manipulation:/ws/ros_ws/install/robot_base LD_LIBRARY_PATH=/ws/ros_ws/install/robot_msgs/lib:${LD_LIBRARY_PATH} PKG_CONFIG_PATH=/ws/ros_ws/install/robot_msgs/lib/x86_64-linux-gnu/pkgconfig:/ws/ros_ws/install/robot_msgs/lib/pkgconfig PYTHONPATH=/ws/ros_ws/install/robot_perception/lib/python3.10/site-packages:/ws/ros_ws/install/robot_msgs/local/lib/python3.10/dist-packages:${PYTHONPATH} ROS_PACKAGE_PATH=/ws/ros_ws/install/robot_msgs/share /usr/bin/cmake --install /ws/ros_ws/build/robot_bringup
