[0.014s] Invoking command in '/ws/ros_ws/build/robot_base': CMAKE_PREFIX_PATH=/opt/ros/humble /usr/bin/cmake /ws/ros_ws/src/robot_base -DCMAKE_INSTALL_PREFIX=/ws/ros_ws/install/robot_base
[0.081s] -- The C compiler identification is GNU 11.4.0
[0.154s] -- The CXX compiler identification is GNU 11.4.0
[0.165s] -- Detecting C compiler ABI info
[0.247s] -- Detecting C compiler ABI info - done
[0.256s] -- Check for working C compiler: /usr/bin/cc - skipped
[0.257s] -- Detecting C compile features
[0.257s] -- Detecting C compile features - done
[0.261s] -- Detecting CXX compiler ABI info
[0.360s] -- Detecting CXX compiler ABI info - done
[0.372s] -- Check for working CXX compiler: /usr/bin/c++ - skipped
[0.373s] -- Detecting CXX compile features
[0.373s] -- Detecting CXX compile features - done
[0.375s] -- Found ament_cmake: 1.3.14 (/opt/ros/humble/share/ament_cmake/cmake)
[0.531s] -- Found Python3: /usr/bin/python3 (found version "3.10.12") found components: Interpreter 
[0.654s] -- Found rclcpp: 16.0.19 (/opt/ros/humble/share/rclcpp/cmake)
[0.702s] -- Found rosidl_generator_c: 3.1.8 (/opt/ros/humble/share/rosidl_generator_c/cmake)
[0.708s] -- Found rosidl_adapter: 3.1.8 (/opt/ros/humble/share/rosidl_adapter/cmake)
[0.717s] -- Found rosidl_generator_cpp: 3.1.8 (/opt/ros/humble/share/rosidl_generator_cpp/cmake)
[0.733s] -- Using all available rosidl_typesupport_c: rosidl_typesupport_fastrtps_c;rosidl_typesupport_introspection_c
[0.753s] -- Using all available rosidl_typesupport_cpp: rosidl_typesupport_fastrtps_cpp;rosidl_typesupport_introspection_cpp
[0.812s] -- Found rmw_implementation_cmake: 6.1.2 (/opt/ros/humble/share/rmw_implementation_cmake/cmake)
[0.815s] -- Found rmw_fastrtps_cpp: 6.2.10 (/opt/ros/humble/share/rmw_fastrtps_cpp/cmake)
[0.922s] -- Found OpenSSL: /usr/lib/x86_64-linux-gnu/libcrypto.so (found version "3.0.2")  
[0.945s] -- Found FastRTPS: /opt/ros/humble/include  
[0.984s] -- Using RMW implementation 'rmw_fastrtps_cpp' as default
[0.997s] -- Looking for pthread.h
[1.101s] -- Looking for pthread.h - found
[1.102s] -- Performing Test CMAKE_HAVE_LIBC_PTHREAD
[1.199s] -- Performing Test CMAKE_HAVE_LIBC_PTHREAD - Success
[1.199s] -- Found Threads: TRUE  
[1.264s] -- Found geometry_msgs: 4.9.1 (/opt/ros/humble/share/geometry_msgs/cmake)
[1.282s] -- Found nav_msgs: 4.9.1 (/opt/ros/humble/share/nav_msgs/cmake)
[1.310s] -- Found ament_cmake_gtest: 1.3.14 (/opt/ros/humble/share/ament_cmake_gtest/cmake)
[1.316s] -- Found gtest sources under '/opt/ros/humble/src/gtest_vendor': C++ tests using 'Google Test' will be built
[1.321s] -- Found ament_lint_auto: 0.12.15 (/opt/ros/humble/share/ament_lint_auto/cmake)
[1.431s] -- Added test 'copyright' to check source files copyright and LICENSE
[1.432s] -- Added test 'cppcheck' to perform static code analysis on C / C++ code
[1.433s] -- Configured cppcheck include dirs: /ws/ros_ws/src/robot_base/include
[1.434s] -- Configured cppcheck exclude dirs and/or files: 
[1.442s] -- Added test 'cpplint' to check C / C++ code against the Google style
[1.444s] -- Configured cpplint exclude dirs and/or files: 
[1.444s] -- Added test 'lint_cmake' to check CMake code style
[1.445s] -- Added test 'uncrustify' to check C / C++ code style
[1.445s] -- Configured uncrustify additional arguments: 
[1.445s] -- Added test 'xmllint' to check XML markup files
[1.446s] -- Configuring done
[1.466s] -- Generating done
[1.476s] -- Build files have been written to: /ws/ros_ws/build/robot_base
[1.495s] Invoked command in '/ws/ros_ws/build/robot_base' returned '0': CMAKE_PREFIX_PATH=/opt/ros/humble /usr/bin/cmake /ws/ros_ws/src/robot_base -DCMAKE_INSTALL_PREFIX=/ws/ros_ws/install/robot_base
[1.495s] Invoking command in '/ws/ros_ws/build/robot_base': CMAKE_PREFIX_PATH=/opt/ros/humble /usr/bin/cmake --build /ws/ros_ws/build/robot_base -- -j4 -l4
[1.596s] [  8%] Building CXX object gtest/CMakeFiles/gtest_main.dir/src/gtest_main.cc.o
[1.597s] [ 16%] Building CXX object CMakeFiles/serial_interface_stub.dir/src/serial_interface_stub.cpp.o
[1.603s] [ 25%] Building CXX object CMakeFiles/base_safety_utils.dir/src/safety_utils.cpp.o
[1.607s] [ 33%] Building CXX object gtest/CMakeFiles/gtest.dir/src/gtest-all.cc.o
[2.240s] [ 41%] Linking CXX static library libserial_interface_stub.a
[2.339s] [ 41%] Built target serial_interface_stub
[3.090s] [ 50%] Linking CXX static library libbase_safety_utils.a
[3.198s] [ 50%] Built target base_safety_utils
[3.270s] [ 58%] Building CXX object CMakeFiles/base_driver_node.dir/src/base_driver_node.cpp.o
[4.445s] [ 66%] Linking CXX static library libgtest_main.a
[4.598s] [ 66%] Built target gtest_main
[10.902s] [ 75%] Linking CXX static library libgtest.a
[11.147s] [ 75%] Built target gtest
[11.219s] [ 83%] Building CXX object CMakeFiles/test_timeout_brake.dir/test/test_timeout_brake.cpp.o
[14.435s] [ 91%] Linking CXX executable test_timeout_brake
[14.925s] [ 91%] Built target test_timeout_brake
[23.463s] [100%] Linking CXX executable base_driver_node
[24.184s] [100%] Built target base_driver_node
[24.198s] Invoked command in '/ws/ros_ws/build/robot_base' returned '0': CMAKE_PREFIX_PATH=/opt/ros/humble /usr/bin/cmake --build /ws/ros_ws/build/robot_base -- -j4 -l4
[24.200s] Invoking command in '/ws/ros_ws/build/robot_base': CMAKE_PREFIX_PATH=/opt/ros/humble /usr/bin/cmake --install /ws/ros_ws/build/robot_base
[24.211s] -- Install configuration: ""
[24.211s] -- Installing: /ws/ros_ws/install/robot_base/lib/robot_base/base_driver_node
[24.216s] -- Set runtime path of "/ws/ros_ws/install/robot_base/lib/robot_base/base_driver_node" to ""
[24.217s] -- Installing: /ws/ros_ws/install/robot_base/lib/robot_base/libserial_interface_stub.a
[24.218s] -- Installing: /ws/ros_ws/install/robot_base/lib/robot_base/libbase_safety_utils.a
[24.220s] -- Installing: /ws/ros_ws/install/robot_base/include
[24.221s] -- Installing: /ws/ros_ws/install/robot_base/include/robot_base
[24.222s] -- Installing: /ws/ros_ws/install/robot_base/include/robot_base/safety_utils.hpp
[24.223s] -- Installing: /ws/ros_ws/install/robot_base/include/robot_base/serial_interface.hpp
[24.225s] -- Installing: /ws/ros_ws/install/robot_base/share/ament_index/resource_index/package_run_dependencies/robot_base
[24.225s] -- Installing: /ws/ros_ws/install/robot_base/share/ament_index/resource_index/parent_prefix_path/robot_base
[24.227s] -- Installing: /ws/ros_ws/install/robot_base/share/robot_base/environment/ament_prefix_path.sh
[24.228s] -- Installing: /ws/ros_ws/install/robot_base/share/robot_base/environment/ament_prefix_path.dsv
[24.229s] -- Installing: /ws/ros_ws/install/robot_base/share/robot_base/environment/path.sh
[24.230s] -- Installing: /ws/ros_ws/install/robot_base/share/robot_base/environment/path.dsv
[24.231s] -- Installing: /ws/ros_ws/install/robot_base/share/robot_base/local_setup.bash
[24.232s] -- Installing: /ws/ros_ws/install/robot_base/share/robot_base/local_setup.sh
[24.232s] -- Installing: /ws/ros_ws/install/robot_base/share/robot_base/local_setup.zsh
[24.232s] -- Installing: /ws/ros_ws/install/robot_base/share/robot_base/local_setup.dsv
[24.233s] -- Installing: /ws/ros_ws/install/robot_base/share/robot_base/package.dsv
[24.233s] -- Installing: /ws/ros_ws/install/robot_base/share/ament_index/resource_index/packages/robot_base
[24.233s] -- Installing: /ws/ros_ws/install/robot_base/share/robot_base/cmake/robot_baseConfig.cmake
[24.233s] -- Installing: /ws/ros_ws/install/robot_base/share/robot_base/cmake/robot_baseConfig-version.cmake
[24.233s] -- Installing: /ws/ros_ws/install/robot_base/share/robot_base/package.xml
[24.233s] Invoked command in '/ws/ros_ws/build/robot_base' returned '0': CMAKE_PREFIX_PATH=/opt/ros/humble /usr/bin/cmake --install /ws/ros_ws/build/robot_base
