[0.016s] Invoking command in '/ws/ros_ws/build/robot_base': CMAKE_PREFIX_PATH=/opt/ros/humble /usr/bin/cmake --build /ws/ros_ws/build/robot_base -- -j4 -l4
[0.096s] Consolidate compiler generated dependencies of target serial_interface_stub
[0.138s] [ 16%] Built target gtest_main
[0.144s] [ 33%] Built target base_safety_utils
[0.145s] [ 50%] Built target serial_interface_stub
[0.153s] [ 66%] Built target gtest
[0.241s] [ 83%] Built target test_timeout_brake
[0.241s] [100%] Built target base_driver_node
[0.303s] Invoked command in '/ws/ros_ws/build/robot_base' returned '0': CMAKE_PREFIX_PATH=/opt/ros/humble /usr/bin/cmake --build /ws/ros_ws/build/robot_base -- -j4 -l4
[0.304s] Invoking command in '/ws/ros_ws/build/robot_base': CMAKE_PREFIX_PATH=/opt/ros/humble /usr/bin/cmake --install /ws/ros_ws/build/robot_base
[0.327s] -- Install configuration: ""
[0.328s] -- Up-to-date: /ws/ros_ws/install/robot_base/lib/robot_base/base_driver_node
[0.328s] -- Up-to-date: /ws/ros_ws/install/robot_base/lib/robot_base/libserial_interface_stub.a
[0.328s] -- Up-to-date: /ws/ros_ws/install/robot_base/lib/robot_base/libbase_safety_utils.a
[0.329s] -- Up-to-date: /ws/ros_ws/install/robot_base/include
[0.330s] -- Up-to-date: /ws/ros_ws/install/robot_base/include/robot_base
[0.330s] -- Up-to-date: /ws/ros_ws/install/robot_base/include/robot_base/safety_utils.hpp
[0.330s] -- Up-to-date: /ws/ros_ws/install/robot_base/include/robot_base/serial_interface.hpp
[0.330s] -- Up-to-date: /ws/ros_ws/install/robot_base/share/ament_index/resource_index/package_run_dependencies/robot_base
[0.331s] -- Up-to-date: /ws/ros_ws/install/robot_base/share/ament_index/resource_index/parent_prefix_path/robot_base
[0.332s] -- Up-to-date: /ws/ros_ws/install/robot_base/share/robot_base/environment/ament_prefix_path.sh
[0.335s] -- Up-to-date: /ws/ros_ws/install/robot_base/share/robot_base/environment/ament_prefix_path.dsv
[0.335s] -- Up-to-date: /ws/ros_ws/install/robot_base/share/robot_base/environment/path.sh
[0.335s] -- Up-to-date: /ws/ros_ws/install/robot_base/share/robot_base/environment/path.dsv
[0.335s] -- Up-to-date: /ws/ros_ws/install/robot_base/share/robot_base/local_setup.bash
[0.335s] -- Up-to-date: /ws/ros_ws/install/robot_base/share/robot_base/local_setup.sh
[0.335s] -- Up-to-date: /ws/ros_ws/install/robot_base/share/robot_base/local_setup.zsh
[0.335s] -- Up-to-date: /ws/ros_ws/install/robot_base/share/robot_base/local_setup.dsv
[0.335s] -- Installing: /ws/ros_ws/install/robot_base/share/robot_base/package.dsv
[0.335s] -- Up-to-date: /ws/ros_ws/install/robot_base/share/ament_index/resource_index/packages/robot_base
[0.335s] -- Up-to-date: /ws/ros_ws/install/robot_base/share/robot_base/cmake/robot_baseConfig.cmake
[0.335s] -- Up-to-date: /ws/ros_ws/install/robot_base/share/robot_base/cmake/robot_baseConfig-version.cmake
[0.335s] -- Up-to-date: /ws/ros_ws/install/robot_base/share/robot_base/package.xml
[0.336s] Invoked command in '/ws/ros_ws/build/robot_base' returned '0': CMAKE_PREFIX_PATH=/opt/ros/humble /usr/bin/cmake --install /ws/ros_ws/build/robot_base
