-- The C compiler identification is GNU 11.4.0
-- The CXX compiler identification is GNU 11.4.0
-- Detecting C compiler ABI info
-- Detecting C compiler ABI info - done
-- Check for working C compiler: /usr/bin/cc - skipped
-- Detecting C compile features
-- Detecting C compile features - done
-- Detecting CXX compiler ABI info
-- Detecting CXX compiler ABI info - done
-- Check for working CXX compiler: /usr/bin/c++ - skipped
-- Detecting CXX compile features
-- Detecting CXX compile features - done
-- Found ament_cmake: 1.3.14 (/opt/ros/humble/share/ament_cmake/cmake)
-- Found Python3: /usr/bin/python3 (found version "3.10.12") found components: Interpreter 
-- Found rclcpp: 16.0.19 (/opt/ros/humble/share/rclcpp/cmake)
-- Found rosidl_generator_c: 3.1.8 (/opt/ros/humble/share/rosidl_generator_c/cmake)
-- Found rosidl_adapter: 3.1.8 (/opt/ros/humble/share/rosidl_adapter/cmake)
-- Found rosidl_generator_cpp: 3.1.8 (/opt/ros/humble/share/rosidl_generator_cpp/cmake)
-- Using all available rosidl_typesupport_c: rosidl_typesupport_fastrtps_c;rosidl_typesupport_introspection_c
-- Using all available rosidl_typesupport_cpp: rosidl_typesupport_fastrtps_cpp;rosidl_typesupport_introspection_cpp
-- Found rmw_implementation_cmake: 6.1.2 (/opt/ros/humble/share/rmw_implementation_cmake/cmake)
-- Found rmw_fastrtps_cpp: 6.2.10 (/opt/ros/humble/share/rmw_fastrtps_cpp/cmake)
-- Found OpenSSL: /usr/lib/x86_64-linux-gnu/libcrypto.so (found version "3.0.2")  
-- Found FastRTPS: /opt/ros/humble/include  
-- Using RMW implementation 'rmw_fastrtps_cpp' as default
-- Looking for pthread.h
-- Looking for pthread.h - found
-- Performing Test CMAKE_HAVE_LIBC_PTHREAD
-- Performing Test CMAKE_HAVE_LIBC_PTHREAD - Success
-- Found Threads: TRUE  
-- Found std_srvs: 4.9.1 (/opt/ros/humble/share/std_srvs/cmake)
-- Found robot_msgs: 0.0.1 (/ws/ros_ws/install/robot_msgs/share/robot_msgs/cmake)
-- Found ament_cmake_gtest: 1.3.14 (/opt/ros/humble/share/ament_cmake_gtest/cmake)
-- Found gtest sources under '/opt/ros/humble/src/gtest_vendor': C++ tests using 'Google Test' will be built
-- Found ament_lint_auto: 0.12.15 (/opt/ros/humble/share/ament_lint_auto/cmake)
-- Added test 'copyright' to check source files copyright and LICENSE
-- Added test 'cppcheck' to perform static code analysis on C / C++ code
-- Configured cppcheck include dirs: /ws/ros_ws/src/robot_identity/include
-- Configured cppcheck exclude dirs and/or files: 
-- Added test 'cpplint' to check C / C++ code against the Google style
-- Configured cpplint exclude dirs and/or files: 
-- Added test 'lint_cmake' to check CMake code style
-- Added test 'uncrustify' to check C / C++ code style
-- Configured uncrustify additional arguments: 
-- Added test 'xmllint' to check XML markup files
-- Configuring done
-- Generating done
-- Build files have been written to: /ws/ros_ws/build/robot_identity
[ 10%] Building CXX object CMakeFiles/identity_enroll_policy.dir/src/enroll_policy.cpp.o
[ 20%] Building CXX object gtest/CMakeFiles/gtest.dir/src/gtest-all.cc.o
[ 30%] Building CXX object gtest/CMakeFiles/gtest_main.dir/src/gtest_main.cc.o
[ 40%] Linking CXX static library libidentity_enroll_policy.a
[ 40%] Built target identity_enroll_policy
[ 50%] Building CXX object CMakeFiles/identity_node.dir/src/identity_node.cpp.o
[ 60%] Linking CXX static library libgtest_main.a
[ 60%] Built target gtest_main
[ 70%] Linking CXX static library libgtest.a
[ 70%] Built target gtest
[ 80%] Building CXX object CMakeFiles/test_enroll_gating.dir/test/test_enroll_gating.cpp.o
[ 90%] Linking CXX executable test_enroll_gating
[ 90%] Built target test_enroll_gating
[100%] Linking CXX executable identity_node
[100%] Built target identity_node
-- Install configuration: ""
-- Installing: /ws/ros_ws/install/robot_identity/lib/robot_identity/identity_node
-- Set runtime path of "/ws/ros_ws/install/robot_identity/lib/robot_identity/identity_node" to ""
-- Installing: /ws/ros_ws/install/robot_identity/lib/robot_identity/libidentity_enroll_policy.a
-- Installing: /ws/ros_ws/install/robot_identity/include
-- Installing: /ws/ros_ws/install/robot_identity/include/robot_identity
-- Installing: /ws/ros_ws/install/robot_identity/include/robot_identity/enroll_policy.hpp
-- Installing: /ws/ros_ws/install/robot_identity/share/ament_index/resource_index/package_run_dependencies/robot_identity
-- Installing: /ws/ros_ws/install/robot_identity/share/ament_index/resource_index/parent_prefix_path/robot_identity
-- Installing: /ws/ros_ws/install/robot_identity/share/robot_identity/environment/ament_prefix_path.sh
-- Installing: /ws/ros_ws/install/robot_identity/share/robot_identity/environment/ament_prefix_path.dsv
-- Installing: /ws/ros_ws/install/robot_identity/share/robot_identity/environment/path.sh
-- Installing: /ws/ros_ws/install/robot_identity/share/robot_identity/environment/path.dsv
-- Installing: /ws/ros_ws/install/robot_identity/share/robot_identity/local_setup.bash
-- Installing: /ws/ros_ws/install/robot_identity/share/robot_identity/local_setup.sh
-- Installing: /ws/ros_ws/install/robot_identity/share/robot_identity/local_setup.zsh
-- Installing: /ws/ros_ws/install/robot_identity/share/robot_identity/local_setup.dsv
-- Installing: /ws/ros_ws/install/robot_identity/share/robot_identity/package.dsv
-- Installing: /ws/ros_ws/install/robot_identity/share/ament_index/resource_index/packages/robot_identity
-- Installing: /ws/ros_ws/install/robot_identity/share/robot_identity/cmake/robot_identityConfig.cmake
-- Installing: /ws/ros_ws/install/robot_identity/share/robot_identity/cmake/robot_identityConfig-version.cmake
-- Installing: /ws/ros_ws/install/robot_identity/share/robot_identity/package.xml
