Consolidate compiler generated dependencies of target identity_enroll_policy
[ 20%] Built target identity_enroll_policy
[ 40%] Built target gtest
[ 60%] Built target gtest_main
Consolidate compiler generated dependencies of target identity_node
Consolidate compiler generated dependencies of target test_enroll_gating
[ 80%] Built target identity_node
[100%] Built target test_enroll_gating
-- Install configuration: ""
-- Up-to-date: /ws/ros_ws/install/robot_identity/lib/robot_identity/identity_node
-- Up-to-date: /ws/ros_ws/install/robot_identity/lib/robot_identity/libidentity_enroll_policy.a
-- Up-to-date: /ws/ros_ws/install/robot_identity/include
-- Up-to-date: /ws/ros_ws/install/robot_identity/include/robot_identity
-- Up-to-date: /ws/ros_ws/install/robot_identity/include/robot_identity/enroll_policy.hpp
-- Up-to-date: /ws/ros_ws/install/robot_identity/share/ament_index/resource_index/package_run_dependencies/robot_identity
-- Up-to-date: /ws/ros_ws/install/robot_identity/share/ament_index/resource_index/parent_prefix_path/robot_identity
-- Up-to-date: /ws/ros_ws/install/robot_identity/share/robot_identity/environment/ament_prefix_path.sh
-- Up-to-date: /ws/ros_ws/install/robot_identity/share/robot_identity/environment/ament_prefix_path.dsv
-- Up-to-date: /ws/ros_ws/install/robot_identity/share/robot_identity/environment/path.sh
-- Up-to-date: /ws/ros_ws/install/robot_identity/share/robot_identity/environment/path.dsv
-- Up-to-date: /ws/ros_ws/install/robot_identity/share/robot_identity/local_setup.bash
-- Up-to-date: /ws/ros_ws/install/robot_identity/share/robot_identity/local_setup.sh
-- Up-to-date: /ws/ros_ws/install/robot_identity/share/robot_identity/local_setup.zsh
-- Up-to-date: /ws/ros_ws/install/robot_identity/share/robot_identity/local_setup.dsv
-- Installing: /ws/ros_ws/install/robot_identity/share/robot_identity/package.dsv
-- Up-to-date: /ws/ros_ws/install/robot_identity/share/ament_index/resource_index/packages/robot_identity
-- Up-to-date: /ws/ros_ws/install/robot_identity/share/robot_identity/cmake/robot_identityConfig.cmake
-- Up-to-date: /ws/ros_ws/install/robot_identity/share/robot_identity/cmake/robot_identityConfig-version.cmake
-- Up-to-date: /ws/ros_ws/install/robot_identity/share/robot_identity/package.xml
