[0.013s] Invoking command in '/ws/ros_ws/build/robot_identity': CMAKE_PREFIX_PATH=/opt/ros/humble:/ws/ros_ws/install/robot_msgs LD_LIBRARY_PATH=/ws/ros_ws/install/robot_msgs/lib:${LD_LIBRARY_PATH} PKG_CONFIG_PATH=/ws/ros_ws/install/robot_msgs/lib/x86_64-linux-gnu/pkgconfig:/ws/ros_ws/install/robot_msgs/lib/pkgconfig PYTHONPATH=/ws/ros_ws/install/robot_msgs/local/lib/python3.10/dist-packages:${PYTHONPATH} ROS_PACKAGE_PATH=/ws/ros_ws/install/robot_msgs/share /usr/bin/cmake --build /ws/ros_ws/build/robot_identity -- -j4 -l4
[0.274s] Consolidate compiler generated dependencies of target identity_enroll_policy
[0.274s] [ 20%] Built target identity_enroll_policy
[0.274s] [ 40%] Built target gtest
[0.274s] [ 60%] Built target gtest_main
[0.274s] Consolidate compiler generated dependencies of target identity_node
[0.274s] Consolidate compiler generated dependencies of target test_enroll_gating
[0.274s] [ 80%] Built target identity_node
[0.274s] [100%] Built target test_enroll_gating
[0.277s] Invoked command in '/ws/ros_ws/build/robot_identity' returned '0': CMAKE_PREFIX_PATH=/opt/ros/humble:/ws/ros_ws/install/robot_msgs LD_LIBRARY_PATH=/ws/ros_ws/install/robot_msgs/lib:${LD_LIBRARY_PATH} PKG_CONFIG_PATH=/ws/ros_ws/install/robot_msgs/lib/x86_64-linux-gnu/pkgconfig:/ws/ros_ws/install/robot_msgs/lib/pkgconfig PYTHONPATH=/ws/ros_ws/install/robot_msgs/local/lib/python3.10/dist-packages:${PYTHONPATH} ROS_PACKAGE_PATH=/ws/ros_ws/install/robot_msgs/share /usr/bin/cmake --build /ws/ros_ws/build/robot_identity -- -j4 -l4
[0.277s] Invoking command in '/ws/ros_ws/build/robot_identity': CMAKE_PREFIX_PATH=/opt/ros/humble:/ws/ros_ws/install/robot_msgs LD_LIBRARY_PATH=/ws/ros_ws/install/robot_msgs/lib:${LD_LIBRARY_PATH} PKG_CONFIG_PATH=/ws/ros_ws/install/robot_msgs/lib/x86_64-linux-gnu/pkgconfig:/ws/ros_ws/install/robot_msgs/lib/pkgconfig PYTHONPATH=/ws/ros_ws/install/robot_msgs/local/lib/python3.10/dist-packages:${PYTHONPATH} ROS_PACKAGE_PATH=/ws/ros_ws/install/robot_msgs/share /usr/bin/cmake --install /ws/ros_ws/build/robot_identity
[0.292s] -- Install configuration: ""
[0.293s] -- Up-to-date: /ws/ros_ws/install/robot_identity/lib/robot_identity/identity_node
[0.293s] -- Up-to-date: /ws/ros_ws/install/robot_identity/lib/robot_identity/libidentity_enroll_policy.a
[0.293s] -- Up-to-date: /ws/ros_ws/install/robot_identity/include
[0.293s] -- Up-to-date: /ws/ros_ws/install/robot_identity/include/robot_identity
[0.294s] -- Up-to-date: /ws/ros_ws/install/robot_identity/include/robot_identity/enroll_policy.hpp
[0.295s] -- Up-to-date: /ws/ros_ws/install/robot_identity/share/ament_index/resource_index/package_run_dependencies/robot_identity
[0.295s] -- Up-to-date: /ws/ros_ws/install/robot_identity/share/ament_index/resource_index/parent_prefix_path/robot_identity
[0.295s] -- Up-to-date: /ws/ros_ws/install/robot_identity/share/robot_identity/environment/ament_prefix_path.sh
[0.295s] -- Up-to-date: /ws/ros_ws/install/robot_identity/share/robot_identity/environment/ament_prefix_path.dsv
[0.296s] -- Up-to-date: /ws/ros_ws/install/robot_identity/share/robot_identity/environment/path.sh
[0.296s] -- Up-to-date: /ws/ros_ws/install/robot_identity/share/robot_identity/environment/path.dsv
[0.296s] -- Up-to-date: /ws/ros_ws/install/robot_identity/share/robot_identity/local_setup.bash
[0.298s] -- Up-to-date: /ws/ros_ws/install/robot_identity/share/robot_identity/local_setup.sh
[0.298s] -- Up-to-date: /ws/ros_ws/install/robot_identity/share/robot_identity/local_setup.zsh
[0.298s] -- Up-to-date: /ws/ros_ws/install/robot_identity/share/robot_identity/local_setup.dsv
[0.298s] -- Installing: /ws/ros_ws/install/robot_identity/share/robot_identity/package.dsv
[0.299s] -- Up-to-date: /ws/ros_ws/install/robot_identity/share/ament_index/resource_index/packages/robot_identity
[0.300s] -- Up-to-date: /ws/ros_ws/install/robot_identity/share/robot_identity/cmake/robot_identityConfig.cmake
[0.300s] -- Up-to-date: /ws/ros_ws/install/robot_identity/share/robot_identity/cmake/robot_identityConfig-version.cmake
[0.300s] -- Up-to-date: /ws/ros_ws/install/robot_identity/share/robot_identity/package.xml
[0.309s] Invoked command in '/ws/ros_ws/build/robot_identity' returned '0': CMAKE_PREFIX_PATH=/opt/ros/humble:/ws/ros_ws/install/robot_msgs LD_LIBRARY_PATH=/ws/ros_ws/install/robot_msgs/lib:${LD_LIBRARY_PATH} PKG_CONFIG_PATH=/ws/ros_ws/install/robot_msgs/lib/x86_64-linux-gnu/pkgconfig:/ws/ros_ws/install/robot_msgs/lib/pkgconfig PYTHONPATH=/ws/ros_ws/install/robot_msgs/local/lib/python3.10/dist-packages:${PYTHONPATH} ROS_PACKAGE_PATH=/ws/ros_ws/install/robot_msgs/share /usr/bin/cmake --install /ws/ros_ws/build/robot_identity
