[0.013s] Invoking command in '/ws/ros_ws/build/robot_manipulation': CMAKE_PREFIX_PATH=/opt/ros/humble /usr/bin/cmake /ws/ros_ws/src/robot_manipulation -DCMAKE_INSTALL_PREFIX=/ws/ros_ws/install/robot_manipulation
[0.082s] -- The C compiler identification is GNU 11.4.0
[0.156s] -- The CXX compiler identification is GNU 11.4.0
[0.164s] -- Detecting C compiler ABI info
[0.244s] -- Detecting C compiler ABI info - done
[0.252s] -- Check for working C compiler: /usr/bin/cc - skipped
[0.252s] -- Detecting C compile features
[0.257s] -- Detecting C compile features - done
[0.258s] -- Detecting CXX compiler ABI info
[0.363s] -- Detecting CXX compiler ABI info - done
[0.374s] -- Check for working CXX compiler: /usr/bin/c++ - skipped
[0.375s] -- Detecting CXX compile features
[0.375s] -- Detecting CXX compile features - done
[0.381s] -- Found ament_cmake: 1.3.14 (/opt/ros/humble/share/ament_cmake/cmake)
[0.527s] -- Found Python3: /usr/bin/python3 (found version "3.10.12") found components: Interpreter 
[0.651s] -- Found rclcpp: 16.0.19 (/opt/ros/humble/share/rclcpp/cmake)
[0.699s] -- Found rosidl_generator_c: 3.1.8 (/opt/ros/humble/share/rosidl_generator_c/cmake)
[0.704s] -- Found rosidl_adapter: 3.1.8 (/opt/ros/humble/share/rosidl_adapter/cmake)
[0.714s] -- Found rosidl_generator_cpp: 3.1.8 (/opt/ros/humble/share/rosidl_generator_cpp/cmake)
[0.729s] -- Using all available rosidl_typesupport_c: rosidl_typesupport_fastrtps_c;rosidl_typesupport_introspection_c
[0.750s] -- Using all available rosidl_typesupport_cpp: rosidl_typesupport_fastrtps_cpp;rosidl_typesupport_introspection_cpp
[0.808s] -- Found rmw_implementation_cmake: 6.1.2 (/opt/ros/humble/share/rmw_implementation_cmake/cmake)
[0.812s] -- Found rmw_fastrtps_cpp: 6.2.10 (/opt/ros/humble/share/rmw_fastrtps_cpp/cmake)
[0.921s] -- Found OpenSSL: /usr/lib/x86_64-linux-gnu/libcrypto.so (found version "3.0.2")  
[0.951s] -- Found FastRTPS: /opt/ros/humble/include  
[0.987s] -- Using RMW implementation 'rmw_fastrtps_cpp' as default
[0.997s] -- Looking for pthread.h
[1.093s] -- Looking for pthread.h - found
[1.093s] -- Performing Test CMAKE_HAVE_LIBC_PTHREAD
[1.192s] -- Performing Test CMAKE_HAVE_LIBC_PTHREAD - Success
[1.194s] -- Found Threads: TRUE  
[1.261s] -- Found std_srvs: 4.9.1 (/opt/ros/humble/share/std_srvs/cmake)
[1.274s] -- Found ament_lint_auto: 0.12.15 (/opt/ros/humble/share/ament_lint_auto/cmake)
[1.381s] -- Added test 'copyright' to check source files copyright and LICENSE
[1.383s] -- Added test 'cppcheck' to perform static code analysis on C / C++ code
[1.385s] -- Configured cppcheck include dirs: 
[1.385s] -- Configured cppcheck exclude dirs and/or files: 
[1.386s] -- Added test 'cpplint' to check C / C++ code against the Google style
[1.386s] -- Configured cpplint exclude dirs and/or files: 
[1.387s] -- Added test 'lint_cmake' to check CMake code style
[1.389s] -- Added test 'uncrustify' to check C / C++ code style
[1.389s] -- Configured uncrustify additional arguments: 
[1.389s] -- Added test 'xmllint' to check XML markup files
[1.389s] -- Configuring done
[1.403s] -- Generating done
[1.408s] -- Build files have been written to: /ws/ros_ws/build/robot_manipulation
[1.433s] Invoked command in '/ws/ros_ws/build/robot_manipulation' returned '0': CMAKE_PREFIX_PATH=/opt/ros/humble /usr/bin/cmake /ws/ros_ws/src/robot_manipulation -DCMAKE_INSTALL_PREFIX=/ws/ros_ws/install/robot_manipulation
[1.434s] Invoking command in '/ws/ros_ws/build/robot_manipulation': CMAKE_PREFIX_PATH=/opt/ros/humble /usr/bin/cmake --build /ws/ros_ws/build/robot_manipulation -- -j4 -l4
[1.513s] [ 50%] Building CXX object CMakeFiles/manipulation_node.dir/src/manipulation_node.cpp.o
[11.685s] [100%] Linking CXX executable manipulation_node
[12.331s] [100%] Built target manipulation_node
[12.378s] Invoked command in '/ws/ros_ws/build/robot_manipulation' returned '0': CMAKE_PREFIX_PATH=/opt/ros/humble /usr/bin/cmake --build /ws/ros_ws/build/robot_manipulation -- -j4 -l4
[12.412s] Invoking command in '/ws/ros_ws/build/robot_manipulation': CMAKE_PREFIX_PATH=/opt/ros/humble /usr/bin/cmake --install /ws/ros_ws/build/robot_manipulation
[12.432s] -- Install configuration: ""
[12.435s] -- Installing: /ws/ros_ws/install/robot_manipulation/lib/robot_manipulation/manipulation_node
[12.444s] -- Set runtime path of "/ws/ros_ws/install/robot_manipulation/lib/robot_manipulation/manipulation_node" to ""
[12.444s] -- Installing: /ws/ros_ws/install/robot_manipulation/share/ament_index/resource_index/package_run_dependencies/robot_manipulation
[12.445s] -- Installing: /ws/ros_ws/install/robot_manipulation/share/ament_index/resource_index/parent_prefix_path/robot_manipulation
[12.446s] -- Installing: /ws/ros_ws/install/robot_manipulation/share/robot_manipulation/environment/ament_prefix_path.sh
[12.447s] -- Installing: /ws/ros_ws/install/robot_manipulation/share/robot_manipulation/environment/ament_prefix_path.dsv
[12.447s] -- Installing: /ws/ros_ws/install/robot_manipulation/share/robot_manipulation/environment/path.sh
[12.448s] -- Installing: /ws/ros_ws/install/robot_manipulation/share/robot_manipulation/environment/path.dsv
[12.448s] -- Installing: /ws/ros_ws/install/robot_manipulation/share/robot_manipulation/local_setup.bash
[12.453s] -- Installing: /ws/ros_ws/install/robot_manipulation/share/robot_manipulation/local_setup.sh
[12.454s] -- Installing: /ws/ros_ws/install/robot_manipulation/share/robot_manipulation/local_setup.zsh
[12.458s] -- Installing: /ws/ros_ws/install/robot_manipulation/share/robot_manipulation/local_setup.dsv
[12.459s] -- Installing: /ws/ros_ws/install/robot_manipulation/share/robot_manipulation/package.dsv
[12.460s] -- Installing: /ws/ros_ws/install/robot_manipulation/share/ament_index/resource_index/packages/robot_manipulation
[12.460s] -- Installing: /ws/ros_ws/install/robot_manipulation/share/robot_manipulation/cmake/robot_manipulationConfig.cmake
[12.461s] -- Installing: /ws/ros_ws/install/robot_manipulation/share/robot_manipulation/cmake/robot_manipulationConfig-version.cmake
[12.461s] -- Installing: /ws/ros_ws/install/robot_manipulation/share/robot_manipulation/package.xml
[12.471s] Invoked command in '/ws/ros_ws/build/robot_manipulation' returned '0': CMAKE_PREFIX_PATH=/opt/ros/humble /usr/bin/cmake --install /ws/ros_ws/build/robot_manipulation
