[0.019s] Invoking command in '/ws/ros_ws/build/robot_nav': CMAKE_PREFIX_PATH=/opt/ros/humble /usr/bin/cmake --build /ws/ros_ws/build/robot_nav -- -j4 -l4
[0.110s] Consolidate compiler generated dependencies of target nav_server_node
[0.185s] [ 20%] Built target gtest
[0.205s] [ 30%] Building CXX object CMakeFiles/nav_server_node.dir/src/nav_server_node.cpp.o
[0.209s] [ 40%] Building CXX object CMakeFiles/nav_server_node.dir/src/location_manager.cpp.o
[0.222s] [ 60%] Built target gtest_main
[0.316s] Consolidate compiler generated dependencies of target test_location_manager
[0.402s] [ 70%] Building CXX object CMakeFiles/test_location_manager.dir/src/location_manager.cpp.o
[0.426s] [ 80%] Building CXX object CMakeFiles/test_location_manager.dir/test/test_location_manager.cpp.o
[3.797s] [ 90%] Linking CXX executable test_location_manager
[4.397s] [ 90%] Built target test_location_manager
[7.177s] [100%] Linking CXX executable nav_server_node
[7.430s] [100%] Built target nav_server_node
[7.447s] Invoked command in '/ws/ros_ws/build/robot_nav' returned '0': CMAKE_PREFIX_PATH=/opt/ros/humble /usr/bin/cmake --build /ws/ros_ws/build/robot_nav -- -j4 -l4
[7.452s] Invoking command in '/ws/ros_ws/build/robot_nav': CMAKE_PREFIX_PATH=/opt/ros/humble /usr/bin/cmake --install /ws/ros_ws/build/robot_nav
[7.463s] -- Install configuration: ""
[7.466s] -- Installing: /ws/ros_ws/install/robot_nav/lib/robot_nav/nav_server_node
[7.469s] -- Set runtime path of "/ws/ros_ws/install/robot_nav/lib/robot_nav/nav_server_node" to ""
[7.470s] -- Up-to-date: /ws/ros_ws/install/robot_nav/include
[7.471s] -- Up-to-date: /ws/ros_ws/install/robot_nav/include/robot_nav
[7.472s] -- Installing: /ws/ros_ws/install/robot_nav/include/robot_nav/location_manager.hpp
[7.473s] -- Up-to-date: /ws/ros_ws/install/robot_nav/share/ament_index/resource_index/package_run_dependencies/robot_nav
[7.473s] -- Up-to-date: /ws/ros_ws/install/robot_nav/share/ament_index/resource_index/parent_prefix_path/robot_nav
[7.474s] -- Up-to-date: /ws/ros_ws/install/robot_nav/share/robot_nav/environment/ament_prefix_path.sh
[7.474s] -- Up-to-date: /ws/ros_ws/install/robot_nav/share/robot_nav/environment/ament_prefix_path.dsv
[7.475s] -- Up-to-date: /ws/ros_ws/install/robot_nav/share/robot_nav/environment/path.sh
[7.475s] -- Up-to-date: /ws/ros_ws/install/robot_nav/share/robot_nav/environment/path.dsv
[7.477s] -- Up-to-date: /ws/ros_ws/install/robot_nav/share/robot_nav/local_setup.bash
[7.477s] -- Up-to-date: /ws/ros_ws/install/robot_nav/share/robot_nav/local_setup.sh
[7.478s] -- Up-to-date: /ws/ros_ws/install/robot_nav/share/robot_nav/local_setup.zsh
[7.478s] -- Up-to-date: /ws/ros_ws/install/robot_nav/share/robot_nav/local_setup.dsv
[7.479s] -- Installing: /ws/ros_ws/install/robot_nav/share/robot_nav/package.dsv
[7.479s] -- Up-to-date: /ws/ros_ws/install/robot_nav/share/ament_index/resource_index/packages/robot_nav
[7.479s] -- Up-to-date: /ws/ros_ws/install/robot_nav/share/robot_nav/cmake/robot_navConfig.cmake
[7.480s] -- Up-to-date: /ws/ros_ws/install/robot_nav/share/robot_nav/cmake/robot_navConfig-version.cmake
[7.480s] -- Up-to-date: /ws/ros_ws/install/robot_nav/share/robot_nav/package.xml
[7.483s] Invoked command in '/ws/ros_ws/build/robot_nav' returned '0': CMAKE_PREFIX_PATH=/opt/ros/humble /usr/bin/cmake --install /ws/ros_ws/build/robot_nav
