-- Install configuration: ""
-- Up-to-date: /ws/ros_ws/install/robot_bringup/share/robot_bringup/launch
-- Installing: /ws/ros_ws/install/robot_bringup/share/robot_bringup/launch/nav_mode.launch.py
-- Installing: /ws/ros_ws/install/robot_bringup/share/robot_bringup/launch/dev_mode.launch.py
-- Up-to-date: /ws/ros_ws/install/robot_bringup/share/robot_bringup/config
-- Up-to-date: /ws/ros_ws/install/robot_bringup/share/robot_bringup/config/slam_params.yaml
-- Up-to-date: /ws/ros_ws/install/robot_bringup/share/robot_bringup/config/search_areas.yaml
-- Up-to-date: /ws/ros_ws/install/robot_bringup/share/robot_bringup/config/nav2_params.yaml
-- Up-to-date: /ws/ros_ws/install/robot_bringup/share/robot_bringup/config/bringup.yaml
-- Up-to-date: /ws/ros_ws/install/robot_bringup/share/robot_bringup/config/locations.yaml
-- Up-to-date: /ws/ros_ws/install/robot_bringup/share/ament_index/resource_index/package_run_dependencies/robot_bringup
-- Up-to-date: /ws/ros_ws/install/robot_bringup/share/ament_index/resource_index/parent_prefix_path/robot_bringup
-- Up-to-date: /ws/ros_ws/install/robot_bringup/share/robot_bringup/environment/ament_prefix_path.sh
-- Up-to-date: /ws/ros_ws/install/robot_bringup/share/robot_bringup/environment/ament_prefix_path.dsv
-- Up-to-date: /ws/ros_ws/install/robot_bringup/share/robot_bringup/environment/path.sh
-- Up-to-date: /ws/ros_ws/install/robot_bringup/share/robot_bringup/environment/path.dsv
-- Up-to-date: /ws/ros_ws/install/robot_bringup/share/robot_bringup/local_setup.bash
-- Up-to-date: /ws/ros_ws/install/robot_bringup/share/robot_bringup/local_setup.sh
-- Up-to-date: /ws/ros_ws/install/robot_bringup/share/robot_bringup/local_setup.zsh
-- Up-to-date: /ws/ros_ws/install/robot_bringup/share/robot_bringup/local_setup.dsv
-- Installing: /ws/ros_ws/install/robot_bringup/share/robot_bringup/package.dsv
-- Up-to-date: /ws/ros_ws/install/robot_bringup/share/ament_index/resource_index/packages/robot_bringup
-- Up-to-date: /ws/ros_ws/install/robot_bringup/share/robot_bringup/cmake/robot_bringupConfig.cmake
-- Up-to-date: /ws/ros_ws/install/robot_bringup/share/robot_bringup/cmake/robot_bringupConfig-version.cmake
-- Up-to-date: /ws/ros_ws/install/robot_bringup/share/robot_bringup/package.xml
